Archive member included to satisfy reference by file (symbol)

C:/devkitPro/libctru/lib\libcitro2d.a(base.o)
                              AeroCrunch.o (C2D_Init)
C:/devkitPro/libctru/lib\libcitro2d.a(spritesheet.o)
                              map_001.o (C2D_SpriteSheetLoad)
C:/devkitPro/libctru/lib\libcitro2d.a(render2d.shbin.o)
                              C:/devkitPro/libctru/lib\libcitro2d.a(base.o) (render2d_shbin)
C:/devkitPro/libctru/lib\libcitro3d.a(base.o)
                              AeroCrunch.o (C3D_Init)
C:/devkitPro/libctru/lib\libcitro3d.a(renderqueue.o)
                              C:/devkitPro/libctru/lib\libcitro3d.a(base.o) (C3Di_RenderQueueEnableVBlank)
C:/devkitPro/libctru/lib\libcitro3d.a(texture.o)
                              C:/devkitPro/libctru/lib\libcitro2d.a(base.o) (C3D_TexBind)
C:/devkitPro/libctru/lib\libcitro3d.a(tex3ds.o)
                              C:/devkitPro/libctru/lib\libcitro2d.a(spritesheet.o) (Tex3DS_TextureImport)
C:/devkitPro/libctru/lib\libcitro3d.a(framebuffer.o)
                              C:/devkitPro/libctru/lib\libcitro3d.a(renderqueue.o) (C3D_CalcColorBufSize)
C:/devkitPro/libctru/lib\libcitro3d.a(texenv.o)
                              C:/devkitPro/libctru/lib\libcitro2d.a(base.o) (C3D_GetTexEnv)
C:/devkitPro/libctru/lib\libcitro3d.a(proctex.o)
                              C:/devkitPro/libctru/lib\libcitro2d.a(base.o) (C3D_ProcTexInit)
C:/devkitPro/libctru/lib\libcitro3d.a(buffers.o)
                              C:/devkitPro/libctru/lib\libcitro2d.a(base.o) (BufInfo_Init)
C:/devkitPro/libctru/lib\libcitro3d.a(drawArrays.o)
                              C:/devkitPro/libctru/lib\libcitro2d.a(base.o) (C3D_DrawArrays)
C:/devkitPro/libctru/lib\libcitro3d.a(effect.o)
                              C:/devkitPro/libctru/lib\libcitro3d.a(base.o) (C3D_DepthMap)
C:/devkitPro/libctru/lib\libcitro3d.a(attribs.o)
                              C:/devkitPro/libctru/lib\libcitro2d.a(base.o) (AttrInfo_Init)
C:/devkitPro/libctru/lib\libcitro3d.a(immediate.o)
                              C:/devkitPro/libctru/lib\libcitro3d.a(base.o) (C3D_ImmSendAttrib)
C:/devkitPro/libctru/lib\libcitro3d.a(uniforms.o)
                              C:/devkitPro/libctru/lib\libcitro3d.a(base.o) (C3D_UpdateUniforms)
C:/devkitPro/libctru/lib\libcitro3d.a(mtx_ortho.o)
                              C:/devkitPro/libctru/lib\libcitro2d.a(base.o) (Mtx_Ortho)
C:/devkitPro/libctru/lib\libcitro3d.a(mtx_orthotilt.o)
                              C:/devkitPro/libctru/lib\libcitro2d.a(base.o) (Mtx_OrthoTilt)
C:/devkitPro/libctru/lib\libctru.a(vram.o)
                              C:/devkitPro/libctru/lib\libcitro3d.a(renderqueue.o) (vramAlloc)
C:/devkitPro/libctru/lib\libctru.a(linear.o)
                              C:/devkitPro/libctru/lib\libcitro2d.a(base.o) (linearAlloc)
C:/devkitPro/libctru/lib\libctru.a(mem_pool.o)
                              C:/devkitPro/libctru/lib\libctru.a(vram.o) (MemPool::Allocate(MemChunk&, unsigned long, int))
C:/devkitPro/libctru/lib\libctru.a(romfs_dev.o)
                              AeroCrunch.o (romfsMountSelf)
C:/devkitPro/libctru/lib\libctru.a(os.o)
                              C:/devkitPro/libctru/lib\libcitro3d.a(texture.o) (osConvertVirtToPhys)
C:/devkitPro/libctru/lib\libctru.a(path_buf.o)
                              C:/devkitPro/libctru/lib\libctru.a(romfs_dev.o) (__ctru_dev_utf16_buf)
C:/devkitPro/libctru/lib\libctru.a(gfx.o)
                              C:/devkitPro/libctru/lib\libcitro2d.a(base.o) (gfxIsWide)
C:/devkitPro/libctru/lib\libctru.a(shaderProgram.o)
                              C:/devkitPro/libctru/lib\libcitro2d.a(base.o) (shaderInstanceGetUniformLocation)
C:/devkitPro/libctru/lib\libctru.a(shbin.o)
                              C:/devkitPro/libctru/lib\libcitro2d.a(base.o) (DVLB_ParseFile)
C:/devkitPro/libctru/lib\libctru.a(gx.o)
                              C:/devkitPro/libctru/lib\libcitro3d.a(renderqueue.o) (GX_BindQueue)
C:/devkitPro/libctru/lib\libctru.a(gxqueue.o)
                              C:/devkitPro/libctru/lib\libcitro3d.a(renderqueue.o) (gxCmdQueueClear)
C:/devkitPro/libctru/lib\libctru.a(gpu.o)
                              C:/devkitPro/libctru/lib\libcitro3d.a(base.o) (GPUCMD_Add)
C:/devkitPro/libctru/lib\libctru.a(gspgpu.o)
                              C:/devkitPro/libctru/lib\libctru.a(gfx.o) (gspInit)
C:/devkitPro/libctru/lib\libctru.a(fs.o)
                              C:/devkitPro/libctru/lib\libctru.a(romfs_dev.o) (FSUSER_OpenFileDirectly)
C:/devkitPro/libctru/lib\libctru.a(apt.o)
                              C:/devkitPro/libctru/lib\libcitro3d.a(base.o) (aptHook)
C:/devkitPro/libctru/lib\libctru.a(hid.o)
                              AeroCrunch.o (hidScanInput)
C:/devkitPro/libctru/lib\libctru.a(ptmsysm.o)
                              C:/devkitPro/libctru/lib\libctru.a(os.o) (ptmSysmInit)
C:/devkitPro/libctru/lib\libctru.a(decompress.o)
[...]
Memory Configuration

Name             Origin             Length             Attributes
*default*        0x0000000000000000 0xffffffffffffffff

Linker script and memory map

                0x0000000000100000                PROVIDE (__start__ = 0x100000)
                0x0000000000100000                . = __start__

.text           0x0000000000100000    0x17464
 *(.crt0)
 .crt0          0x0000000000100000       0x94 c:/devkitpro/devkitarm/bin/../lib/gcc/arm-none-eabi/10.2.0/../../../../arm-none-eabi/lib/armv6k/fpu/3dsx_crt0.o
                0x0000000000100000                _start
                0x0000000000100008                __service_ptr
                0x000000000010000c                __apt_appid
                0x0000000000100010                __heap_size
                0x0000000000100014                __linear_heap_size
                0x0000000000100018                __system_arglist
                0x000000000010001c                __system_runflags
 *(.init)
 .init          0x0000000000100094        0xc c:/devkitpro/devkitarm/bin/../lib/gcc/arm-none-eabi/10.2.0/armv6k/fpu/crti.o
                0x0000000000100094                _init
 .init          0x00000000001000a0        0xc c:/devkitpro/devkitarm/bin/../lib/gcc/arm-none-eabi/10.2.0/armv6k/fpu/crtn.o
                0x00000000001000ac                . = ALIGN (0x4)
 *(.text)
 .text          0x00000000001000ac      0x20c c:/devkitpro/devkitarm/bin/../lib/gcc/arm-none-eabi/10.2.0/armv6k/fpu\libgcc.a(_udivsi3.o)
                0x00000000001000ac                __aeabi_uidiv
                0x00000000001000ac                __udivsi3
                0x0000000000100298                __aeabi_uidivmod
 .text          0x00000000001002b8        0x4 c:/devkitpro/devkitarm/bin/../lib/gcc/arm-none-eabi/10.2.0/armv6k/fpu\libgcc.a(_dvmd_tls.o)
                0x00000000001002b8                __aeabi_idiv0
                0x00000000001002b8                __aeabi_ldiv0
 .text          0x00000000001002bc      0x3c0 c:/devkitpro/devkitarm/bin/../lib/gcc/arm-none-eabi/10.2.0/armv6k/fpu\libgcc.a(_arm_addsubdf3.o)
                0x00000000001002bc                __aeabi_drsub
                0x00000000001002c4                __aeabi_dsub
                0x00000000001002c4                __subdf3
                0x00000000001002c8                __aeabi_dadd
                0x00000000001002c8                __adddf3
                0x0000000000100574                __floatunsidf
                0x0000000000100574                __aeabi_ui2d
                0x0000000000100598                __floatsidf
                0x0000000000100598                __aeabi_i2d
                0x00000000001005c0                __aeabi_f2d
                0x00000000001005c0                __extendsfdf2
                0x0000000000100608                __floatundidf
                0x0000000000100608                __aeabi_ul2d
                0x000000000010061c                __floatdidf
                0x000000000010061c                __aeabi_l2d
 .text          0x000000000010067c       0xd4 c:/devkitpro/devkitarm/bin/../lib/gcc/arm-none-eabi/10.2.0/armv6k/fpu\libgcc.a(_aeabi_ldivmod.o)
                0x000000000010067c                __aeabi_ldivmod
 *fill*         0x0000000000100750       0x10 
 .text          0x0000000000100760      0x390 c:/devkitpro/devkitarm/bin/../lib/gcc/arm-none-eabi/10.2.0/../../../../arm-none-eabi/lib/armv6k/fpu\libg.a(lib_a-strcmp.o)
                0x0000000000100768                strcmp
 *(.text.*)
 .text.__do_global_dtors_aux
                0x0000000000100af0       0x40 c:/devkitpro/devkitarm/bin/../lib/gcc/arm-none-eabi/10.2.0/armv6k/fpu/crtbegin.o
 .text.frame_dummy
                0x0000000000100b30       0x2c c:/devkitpro/devkitarm/bin/../lib/gcc/arm-none-eabi/10.2.0/armv6k/fpu/crtbegin.o
 .text.startup.main
                0x0000000000100b5c       0x68 main.o
                0x0000000000100b5c                main
 .text.Aer_CreateSprite
                0x0000000000100bc4       0xe4 AeroCrunch.o
                0x0000000000100bc4                Aer_CreateSprite
 .text.Aer_SpriteCenter
                0x0000000000100ca8       0x38 AeroCrunch.o
                0x0000000000100ca8                Aer_SpriteCenter
 .text.Aer_DrawSprite
                0x0000000000100ce0      0x10c AeroCrunch.o
                0x0000000000100ce0                Aer_DrawSprite
 .text.Aer_PrepareScene
                0x0000000000100dec       0x2c AeroCrunch.o
                0x0000000000100dec                Aer_PrepareScene
 .text.Aer_RenderScreen
                0x0000000000100e18       0x30 AeroCrunch.o
                0x0000000000100e18                Aer_RenderScreen
 .text.Aer_DefineLibs
                0x0000000000100e48       0x20 AeroCrunch.o
                0x0000000000100e48                Aer_DefineLibs
 .text.Aer_SpritePosition
                0x0000000000100e68       0x38 AeroCrunch.o
                0x0000000000100e68                Aer_SpritePosition
 .text.Aer_SpriteDPadMove
                0x0000000000100ea0      0x10c AeroCrunch.o
                0x0000000000100ea0                Aer_SpriteDPadMove
 .text.Aer_SpriteCollisionBox
                0x0000000000100fac       0x20 AeroCrunch.o
                0x0000000000100fac                Aer_SpriteCollisionBox
 .text.Aer_SpriteTouched
                0x0000000000100fcc       0x90 AeroCrunch.o
                0x0000000000100fcc                Aer_SpriteTouched
 .text.Aer_SpriteScale
                0x000000000010105c       0x7c AeroCrunch.o
                0x000000000010105c                Aer_SpriteScale
 .text.Aer_ChangeSprite
                0x00000000001010d8       0xe4 AeroCrunch.o
                0x00000000001010d8                Aer_ChangeSprite
 *fill*         0x00000000001011bc        0x4 
 .text.Aer_SpriteRotate
                0x00000000001011c0       0x44 AeroCrunch.o
                0x00000000001011c0                Aer_SpriteRotate
 .text.Aer_BreakCheck
                0x0000000000101204       0x18 AeroCrunch.o
                0x0000000000101204                Aer_BreakCheck
 .text.Aer_SpriteAnimate
                0x000000000010121c       0xb4 AeroCrunch.o
                0x000000000010121c                Aer_SpriteAnimate
 .text.Aer_DPadMove
                0x00000000001012d0       0x68 AeroCrunch.o
                0x00000000001012d0                Aer_DPadMove
 .text.Aer_CameraFollow
                0x0000000000101338       0x48 AeroCrunch.o
                0x0000000000101338                Aer_CameraFollow
 .text.Aer_spr_x
                0x0000000000101380       0x1c AeroCrunch.o
                0x0000000000101380                Aer_spr_x
 .text.Aer_spr_y
                0x000000000010139c       0x1c AeroCrunch.o
                0x000000000010139c                Aer_spr_y
 .text.Aer_SpriteConnects
                0x00000000001013b8       0x54 AeroCrunch.o
                0x00000000001013b8                Aer_SpriteConnects
 .text.Aer_KeyHeld
                0x000000000010140c       0x20 AeroCrunch.o
                0x000000000010140c                Aer_KeyHeld
 .text.Aer_SolidSpaceChecker
                0x000000000010142c      0x134 AeroCrunch.o
                0x000000000010142c                Aer_SolidSpaceChecker
 .text.Aer_SpriteSmartPlaceRestore
                0x0000000000101560       0xdc AeroCrunch.o
                0x0000000000101560                Aer_SpriteSmartPlaceRestore
 .text.Aer_RenderDistaneOptimize
                0x000000000010163c       0x14 AeroCrunch.o
                0x000000000010163c                Aer_RenderDistaneOptimize
 .text.Aer_CameraShiftCenter
                0x0000000000101650       0x24 AeroCrunch.o
                0x0000000000101650                Aer_CameraShiftCenter
 .text.Aer_InitIndicator
                0x0000000000101674       0x50 AeroCrunch.o
                0x0000000000101674                Aer_InitIndicator
 .text.Aer_DrawIndicator
                0x00000000001016c4      0x130 AeroCrunch.o
                0x00000000001016c4                Aer_DrawIndicator
 .text.Aer_MoveTimer
                0x00000000001017f4       0x34 AeroCrunch.o
                0x00000000001017f4                Aer_MoveTimer
 .text.Aer_TimerDone
                0x0000000000101828       0x14 AeroCrunch.o
                0x0000000000101828                Aer_TimerDone
 .text.Aer_ResetTimer
                0x000000000010183c       0x28 AeroCrunch.o
                0x000000000010183c                Aer_ResetTimer
 .text.Aer_RoomLoop
                0x0000000000101864        0x4 AeroCrunch.o
                0x0000000000101864                Aer_RoomLoop
 .text.Setup_001
                0x0000000000101868      0x24c map_001.o
                0x0000000000101868                Setup_001
 .text.Draw_001_top
                0x0000000000101ab4      0x58c map_001.o
                0x0000000000101ab4                Draw_001_top
 .text.Load_001
                0x0000000000102040       0xac map_001.o
                0x0000000000102040                Load_001
 .text.Setup_002
                0x00000000001020ec       0x98 map_002.o
                0x00000000001020ec                Setup_002
 .text.Draw_002_top
                0x0000000000102184       0xbc map_002.o
                0x0000000000102184                Draw_002_top
 .text.Load_002
                0x0000000000102240       0x78 map_002.o
                0x0000000000102240                Load_002
 .text.C2Di_FrameEndHook
                0x00000000001022b8       0x34 C:/devkitPro/libctru/lib\libcitro2d.a(base.o)
 *fill*         0x00000000001022ec        0x4 
 .text.C2D_Init
                0x00000000001022f0      0x330 C:/devkitPro/libctru/lib\libcitro2d.a(base.o)
                0x00000000001022f0                C2D_Init
 .text.C2D_Fini
                0x0000000000102620       0x44 C:/devkitPro/libctru/lib\libcitro2d.a(base.o)
                0x0000000000102620                C2D_Fini
 .text.C2D_Prepare
                0x0000000000102664       0xd0 C:/devkitPro/libctru/lib\libcitro2d.a(base.o)
                0x0000000000102664                C2D_Prepare
 .text.C2D_Flush
                0x0000000000102734       0x3c C:/devkitPro/libctru/lib\libcitro2d.a(base.o)
                0x0000000000102734                C2D_Flush
 .text.C2D_SceneSize
                0x0000000000102770      0x108 C:/devkitPro/libctru/lib\libcitro2d.a(base.o)
                0x0000000000102770                C2D_SceneSize
 .text.C2D_CreateScreenTarget
                0x0000000000102878       0x58 C:/devkitPro/libctru/lib\libcitro2d.a(base.o)
                0x0000000000102878                C2D_CreateScreenTarget
 .text.C2D_TargetClear
                0x00000000001028d0       0x58 C:/devkitPro/libctru/lib\libcitro2d.a(base.o)
                0x00000000001028d0                C2D_TargetClear
 .text.C2Di_CalcQuad
                0x0000000000102928      0x13c C:/devkitPro/libctru/lib\libcitro2d.a(base.o)
                0x0000000000102928                C2Di_CalcQuad
 .text.C2Di_Update
                0x0000000000102a64      0x22c C:/devkitPro/libctru/lib\libcitro2d.a(base.o)
                0x0000000000102a64                C2Di_Update
 .text.C2D_DrawImage
                0x0000000000102c90      0x2f8 C:/devkitPro/libctru/lib\libcitro2d.a(base.o)
                0x0000000000102c90                C2D_DrawImage
 .text.C2D_SpriteSheetLoadFromHandle
                0x0000000000102f88       0x6c C:/devkitPro/libctru/lib\libcitro2d.a(spritesheet.o)
                0x0000000000102f88                C2D_SpriteSheetLoadFromHandle
 .text.C2D_SpriteSheetLoad
                0x0000000000102ff4       0x48 C:/devkitPro/libctru/lib\libcitro2d.a(spritesheet.o)
                0x0000000000102ff4                C2D_SpriteSheetLoad
 .text.C2D_SpriteSheetFree
                0x000000000010303c       0x28 C:/devkitPro/libctru/lib\libcitro2d.a(spritesheet.o)
                0x000000000010303c                C2D_SpriteSheetFree
 .text.C2D_SpriteSheetGetImage
                0x0000000000103064       0x2c C:/devkitPro/libctru/lib\libcitro2d.a(spritesheet.o)
                0x0000000000103064                C2D_SpriteSheetGetImage
 .text.C3Di_LightEnvUpdate
                0x0000000000103090        0x4 C:/devkitPro/libctru/lib\libcitro3d.a(base.o)
                0x0000000000103090                C3Di_LightEnvUpdate
 .text.C3Di_LightEnvDirty
                0x0000000000103094        0x4 C:/devkitPro/libctru/lib\libcitro3d.a(base.o)
                0x0000000000103094                C3Di_LightEnvDirty
 .text.C3Di_AptEventHook
                0x0000000000103098       0xb4 C:/devkitPro/libctru/lib\libcitro3d.a(base.o)
 .text.C3Di_GasUpdate
                0x000000000010314c        0x4 C:/devkitPro/libctru/lib\libcitro3d.a(base.o)
                0x000000000010314c                C3Di_GasUpdate
 .text.C3D_Init
                0x0000000000103150      0x1e0 C:/devkitPro/libctru/lib\libcitro3d.a(base.o)
                0x0000000000103150                C3D_Init
 .text.C3D_SetViewport
                0x0000000000103330       0x98 C:/devkitPro/libctru/lib\libcitro3d.a(base.o)
                0x0000000000103330                C3D_SetViewport
 .text.C3Di_UpdateContext
                0x00000000001033c8      0x4ec C:/devkitPro/libctru/lib\libcitro3d.a(base.o)
                0x00000000001033c8                C3Di_UpdateContext
 .text.C3Di_SplitFrame
                0x00000000001038b4       0xe0 C:/devkitPro/libctru/lib\libcitro3d.a(base.o)
                0x00000000001038b4                C3Di_SplitFrame
 .text.C3D_Fini
                0x0000000000103994       0x44 C:/devkitPro/libctru/lib\libcitro3d.a(base.o)
                0x0000000000103994                C3D_Fini
 .text.C3D_BindProgram
                0x00000000001039d8      0x108 C:/devkitPro/libctru/lib\libcitro3d.a(base.o)
                0x00000000001039d8                C3D_BindProgram
 .text.onVBlank0
                0x0000000000103ae0       0x4c C:/devkitPro/libctru/lib\libcitro3d.a(renderqueue.o)
 .text.onVBlank1
                0x0000000000103b2c       0x4c C:/devkitPro/libctru/lib\libcitro3d.a(renderqueue.o)
 .text.C3Di_RenderTargetDestroy
                0x0000000000103b78       0x80 C:/devkitPro/libctru/lib\libcitro3d.a(renderqueue.o)
 .text.onQueueFinish
                0x0000000000103bf8       0xf4 C:/devkitPro/libctru/lib\libcitro3d.a(renderqueue.o)
 .text.C3Di_RenderQueueEnableVBlank
                0x0000000000103cec       0x38 C:/devkitPro/libctru/lib\libcitro3d.a(renderqueue.o)
                0x0000000000103cec                C3Di_RenderQueueEnableVBlank
 .text.C3Di_RenderQueueDisableVBlank
                0x0000000000103d24       0x30 C:/devkitPro/libctru/lib\libcitro3d.a(renderqueue.o)
                0x0000000000103d24                C3Di_RenderQueueDisableVBlank
 .text.C3Di_RenderQueueInit
                0x0000000000103d54       0x60 C:/devkitPro/libctru/lib\libcitro3d.a(renderqueue.o)
                0x0000000000103d54                C3Di_RenderQueueInit
 .text.C3Di_RenderQueueExit
                0x0000000000103db4       0xb0 C:/devkitPro/libctru/lib\libcitro3d.a(renderqueue.o)
                0x0000000000103db4                C3Di_RenderQueueExit
 .text.C3Di_RenderQueueWaitDone
                0x0000000000103e64       0x34 C:/devkitPro/libctru/lib\libcitro3d.a(renderqueue.o)
                0x0000000000103e64                C3Di_RenderQueueWaitDone
 .text.C3D_FrameBegin
                0x0000000000103e98       0xe4 C:/devkitPro/libctru/lib\libcitro3d.a(renderqueue.o)
                0x0000000000103e98                C3D_FrameBegin
 .text.C3D_FrameDrawOn
                0x0000000000103f7c       0x48 C:/devkitPro/libctru/lib\libcitro3d.a(renderqueue.o)
                0x0000000000103f7c                C3D_FrameDrawOn
 .text.C3D_FrameSplit
                0x0000000000103fc4       0x58 C:/devkitPro/libctru/lib\libcitro3d.a(renderqueue.o)
                0x0000000000103fc4                C3D_FrameSplit
 .text.C3D_FrameEnd
                0x000000000010401c      0x1d8 C:/devkitPro/libctru/lib\libcitro3d.a(renderqueue.o)
                0x000000000010401c                C3D_FrameEnd
 .text.C3D_FrameEndHook
                0x00000000001041f4       0x1c C:/devkitPro/libctru/lib\libcitro3d.a(renderqueue.o)
                0x00000000001041f4                C3D_FrameEndHook
 .text.C3D_RenderTargetCreate
                0x0000000000104210      0x128 C:/devkitPro/libctru/lib\libcitro3d.a(renderqueue.o)
                0x0000000000104210                C3D_RenderTargetCreate
 .text.C3D_RenderTargetSetOutput
                0x0000000000104338       0x4c C:/devkitPro/libctru/lib\libcitro3d.a(renderqueue.o)
                0x0000000000104338                C3D_RenderTargetSetOutput
 .text.C3D_SyncTextureCopy
                0x0000000000104384       0xfc C:/devkitPro/libctru/lib\libcitro3d.a(renderqueue.o)
                0x0000000000104384                C3D_SyncTextureCopy
 .text.C3D_TexInitWithParams
                0x0000000000104480      0x2a0 C:/devkitPro/libctru/lib\libcitro3d.a(texture.o)
                0x0000000000104480                C3D_TexInitWithParams
 .text.C3D_TexLoadImage
                0x0000000000104720       0xc8 C:/devkitPro/libctru/lib\libcitro3d.a(texture.o)
                0x0000000000104720                C3D_TexLoadImage
 .text.C3D_TexBind
                0x00000000001047e8       0x44 C:/devkitPro/libctru/lib\libcitro3d.a(texture.o)
                0x00000000001047e8                C3D_TexBind
 .text.C3D_TexDelete
                0x000000000010482c       0x74 C:/devkitPro/libctru/lib\libcitro3d.a(texture.o)
                0x000000000010482c                C3D_TexDelete
 .text.C3Di_SetTex
                0x00000000001048a0      0x16c C:/devkitPro/libctru/lib\libcitro3d.a(texture.o)
                0x00000000001048a0                C3Di_SetTex
 .text.Tex3DSi_ImportCommon
                0x0000000000104a0c      0x3f4 C:/devkitPro/libctru/lib\libcitro3d.a(tex3ds.o)
 .text.Tex3DS_TextureImportStdio
                0x0000000000104e00       0x38 C:/devkitPro/libctru/lib\libcitro3d.a(tex3ds.o)
                0x0000000000104e00                Tex3DS_TextureImportStdio
 .text.Tex3DS_GetSubTexture
                0x0000000000104e38       0x1c C:/devkitPro/libctru/lib\libcitro3d.a(tex3ds.o)
                0x0000000000104e38                Tex3DS_GetSubTexture
 .text.Tex3DS_TextureFree
                0x0000000000104e54        0x4 C:/devkitPro/libctru/lib\libcitro3d.a(tex3ds.o)
                0x0000000000104e54                Tex3DS_TextureFree
 .text.C3D_CalcColorBufSize
                0x0000000000104e58       0x1c C:/devkitPro/libctru/lib\libcitro3d.a(framebuffer.o)
                0x0000000000104e58                C3D_CalcColorBufSize
 .text.C3D_CalcDepthBufSize
                0x0000000000104e74       0x1c C:/devkitPro/libctru/lib\libcitro3d.a(framebuffer.o)
                0x0000000000104e74                C3D_CalcDepthBufSize
 .text.C3D_SetFrameBuf
                0x0000000000104e90       0x44 C:/devkitPro/libctru/lib\libcitro3d.a(framebuffer.o)
                0x0000000000104e90                C3D_SetFrameBuf
 .text.C3Di_FrameBufBind
                0x0000000000104ed4      0x16c C:/devkitPro/libctru/lib\libcitro3d.a(framebuffer.o)
                0x0000000000104ed4                C3Di_FrameBufBind
 .text.C3D_FrameBufClear
                0x0000000000105040       0xcc C:/devkitPro/libctru/lib\libcitro3d.a(framebuffer.o)
                0x0000000000105040                C3D_FrameBufClear
 .text.C3D_FrameBufTransfer
                0x000000000010510c       0x44 C:/devkitPro/libctru/lib\libcitro3d.a(framebuffer.o)
                0x000000000010510c                C3D_FrameBufTransfer
 .text.C3D_GetTexEnv
                0x0000000000105150       0x34 C:/devkitPro/libctru/lib\libcitro3d.a(texenv.o)
                0x0000000000105150                C3D_GetTexEnv
 .text.C3Di_TexEnvBind
                0x0000000000105184       0x24 C:/devkitPro/libctru/lib\libcitro3d.a(texenv.o)
                0x0000000000105184                C3Di_TexEnvBind
 .text.C3D_ProcTexInit
                0x00000000001051a8       0x70 C:/devkitPro/libctru/lib\libcitro3d.a(proctex.o)
                0x00000000001051a8                C3D_ProcTexInit
 .text.C3D_ProcTexBind
                0x0000000000105218       0x54 C:/devkitPro/libctru/lib\libcitro3d.a(proctex.o)
                0x0000000000105218                C3D_ProcTexBind
 .text.C3D_ProcTexLutBind
                0x000000000010526c       0x5c C:/devkitPro/libctru/lib\libcitro3d.a(proctex.o)
                0x000000000010526c                C3D_ProcTexLutBind
 .text.ProcTexLut_FromArray
                0x00000000001052c8       0xa4 C:/devkitPro/libctru/lib\libcitro3d.a(proctex.o)
                0x00000000001052c8                ProcTexLut_FromArray
 .text.C3Di_ProcTexUpdate
                0x000000000010536c      0x17c C:/devkitPro/libctru/lib\libcitro3d.a(proctex.o)
                0x000000000010536c                C3Di_ProcTexUpdate
 .text.C3Di_ProcTexDirty
                0x00000000001054e8       0x68 C:/devkitPro/libctru/lib\libcitro3d.a(proctex.o)
                0x00000000001054e8                C3Di_ProcTexDirty
 .text.BufInfo_Init
                0x0000000000105550       0x24 C:/devkitPro/libctru/lib\libcitro3d.a(buffers.o)
                0x0000000000105550                BufInfo_Init
 .text.BufInfo_Add
                0x0000000000105574       0x80 C:/devkitPro/libctru/lib\libcitro3d.a(buffers.o)
                0x0000000000105574                BufInfo_Add
 .text.C3D_SetBufInfo
                0x00000000001055f4       0x40 C:/devkitPro/libctru/lib\libcitro3d.a(buffers.o)
                0x00000000001055f4                C3D_SetBufInfo
 .text.C3Di_BufInfoBind
                0x0000000000105634       0x48 C:/devkitPro/libctru/lib\libcitro3d.a(buffers.o)
                0x0000000000105634                C3Di_BufInfoBind
 .text.C3D_DrawArrays
                0x000000000010567c      0x148 C:/devkitPro/libctru/lib\libcitro3d.a(drawArrays.o)
                0x000000000010567c                C3D_DrawArrays
 .text.C3D_DepthMap
                0x00000000001057c4       0x40 C:/devkitPro/libctru/lib\libcitro3d.a(effect.o)
                0x00000000001057c4                C3D_DepthMap
 .text.C3D_CullFace
                0x0000000000105804       0x1c C:/devkitPro/libctru/lib\libcitro3d.a(effect.o)
                0x0000000000105804                C3D_CullFace
 .text.C3D_StencilTest
                0x0000000000105820       0x40 C:/devkitPro/libctru/lib\libcitro3d.a(effect.o)
                0x0000000000105820                C3D_StencilTest
 .text.C3D_StencilOp
                0x0000000000105860       0x24 C:/devkitPro/libctru/lib\libcitro3d.a(effect.o)
                0x0000000000105860                C3D_StencilOp
 .text.C3D_BlendingColor
                0x0000000000105884       0x1c C:/devkitPro/libctru/lib\libcitro3d.a(effect.o)
                0x0000000000105884                C3D_BlendingColor
 .text.C3D_EarlyDepthTest
                0x00000000001058a0       0x24 C:/devkitPro/libctru/lib\libcitro3d.a(effect.o)
                0x00000000001058a0                C3D_EarlyDepthTest
 .text.C3D_DepthTest
                0x00000000001058c4       0x2c C:/devkitPro/libctru/lib\libcitro3d.a(effect.o)
                0x00000000001058c4                C3D_DepthTest
 .text.C3D_AlphaTest
                0x00000000001058f0       0x2c C:/devkitPro/libctru/lib\libcitro3d.a(effect.o)
                0x00000000001058f0                C3D_AlphaTest
 .text.C3D_AlphaBlend
                0x000000000010591c       0x50 C:/devkitPro/libctru/lib\libcitro3d.a(effect.o)
                0x000000000010591c                C3D_AlphaBlend
 .text.C3D_FragOpMode
                0x000000000010596c       0x30 C:/devkitPro/libctru/lib\libcitro3d.a(effect.o)
                0x000000000010596c                C3D_FragOpMode
 .text.C3D_FragOpShadow
                0x000000000010599c       0x44 C:/devkitPro/libctru/lib\libcitro3d.a(effect.o)
                0x000000000010599c                C3D_FragOpShadow
 .text.C3Di_EffectBind
                0x00000000001059e0      0x1ac C:/devkitPro/libctru/lib\libcitro3d.a(effect.o)
                0x00000000001059e0                C3Di_EffectBind
 .text.AttrInfo_Init
                0x0000000000105b8c       0x28 C:/devkitPro/libctru/lib\libcitro3d.a(attribs.o)
                0x0000000000105b8c                AttrInfo_Init
 .text.AttrInfo_AddLoader
                0x0000000000105bb4       0x98 C:/devkitPro/libctru/lib\libcitro3d.a(attribs.o)
                0x0000000000105bb4                AttrInfo_AddLoader
 .text.C3D_SetAttrInfo
                0x0000000000105c4c       0x54 C:/devkitPro/libctru/lib\libcitro3d.a(attribs.o)
                0x0000000000105c4c                C3D_SetAttrInfo
 .text.C3Di_AttrInfoBind
                0x0000000000105ca0       0x80 C:/devkitPro/libctru/lib\libcitro3d.a(attribs.o)
                0x0000000000105ca0                C3Di_AttrInfoBind
 .text.C3D_ImmSendAttrib
                0x0000000000105d20       0xa8 C:/devkitPro/libctru/lib\libcitro3d.a(immediate.o)
                0x0000000000105d20                C3D_ImmSendAttrib
 .text.C3D_UpdateUniforms
                0x0000000000105dc8      0x29c C:/devkitPro/libctru/lib\libcitro3d.a(uniforms.o)
                0x0000000000105dc8                C3D_UpdateUniforms
 .text.C3Di_DirtyUniforms
                0x0000000000106064       0xc0 C:/devkitPro/libctru/lib\libcitro3d.a(uniforms.o)
                0x0000000000106064                C3Di_DirtyUniforms
 .text.C3Di_LoadShaderUniforms
                0x0000000000106124       0xd8 C:/devkitPro/libctru/lib\libcitro3d.a(uniforms.o)
                0x0000000000106124                C3Di_LoadShaderUniforms
 .text.C3Di_ClearShaderUniforms
                0x00000000001061fc       0x28 C:/devkitPro/libctru/lib\libcitro3d.a(uniforms.o)
                0x00000000001061fc                C3Di_ClearShaderUniforms
 .text.Mtx_Ortho
                0x0000000000106224       0xcc C:/devkitPro/libctru/lib\libcitro3d.a(mtx_ortho.o)
                0x0000000000106224                Mtx_Ortho
 .text.Mtx_OrthoTilt
                0x00000000001062f0       0xcc C:/devkitPro/libctru/lib\libcitro3d.a(mtx_orthotilt.o)
                0x00000000001062f0                Mtx_OrthoTilt
 .text._ZL21addrMapNodeComparatorPK11rbtree_nodeS1_
                0x00000000001063bc       0x24 C:/devkitPro/libctru/lib\libctru.a(vram.o)
 .text._ZL21addrMapNodeDestructorP11rbtree_node
                0x00000000001063e0        0x4 C:/devkitPro/libctru/lib\libctru.a(vram.o)
 .text.vramMemAlign
                0x00000000001063e4      0x114 C:/devkitPro/libctru/lib\libctru.a(vram.o)
                0x00000000001063e4                vramMemAlign
 .text.vramAlloc
                0x00000000001064f8        0x8 C:/devkitPro/libctru/lib\libctru.a(vram.o)
                0x00000000001064f8                vramAlloc
 .text.vramFree
                0x0000000000106500       0x5c C:/devkitPro/libctru/lib\libctru.a(vram.o)
                0x0000000000106500                vramFree
 .text._ZL21addrMapNodeComparatorPK11rbtree_nodeS1_
                0x000000000010655c       0x24 C:/devkitPro/libctru/lib\libctru.a(linear.o)
 .text._ZL21addrMapNodeDestructorP11rbtree_node
                0x0000000000106580        0x4 C:/devkitPro/libctru/lib\libctru.a(linear.o)
 .text.linearMemAlign
                0x0000000000106584      0x120 C:/devkitPro/libctru/lib\libctru.a(linear.o)
                0x0000000000106584                linearMemAlign
 .text.linearAlloc
                0x00000000001066a4        0x8 C:/devkitPro/libctru/lib\libctru.a(linear.o)
                0x00000000001066a4                linearAlloc
 .text.linearFree
                0x00000000001066ac       0x5c C:/devkitPro/libctru/lib\libctru.a(linear.o)
                0x00000000001066ac                linearFree
 .text._ZN7MemPool13CoalesceRightEP8MemBlock
                0x0000000000106708       0x84 C:/devkitPro/libctru/lib\libctru.a(mem_pool.o)
                0x0000000000106708                MemPool::CoalesceRight(MemBlock*)
 .text._ZN7MemPool8AllocateER8MemChunkmi
                0x000000000010678c      0x170 C:/devkitPro/libctru/lib\libctru.a(mem_pool.o)
                0x000000000010678c                MemPool::Allocate(MemChunk&, unsigned long, int)
 .text._ZN7MemPool10DeallocateERK8MemChunk
                0x00000000001068fc       0xfc C:/devkitPro/libctru/lib\libctru.a(mem_pool.o)
                0x00000000001068fc                MemPool::Deallocate(MemChunk const&)
 .text.romfs_close
                0x00000000001069f8        0x8 C:/devkitPro/libctru/lib\libctru.a(romfs_dev.o)
 .text.romfs_seek
                0x0000000000106a00       0xc8 C:/devkitPro/libctru/lib\libctru.a(romfs_dev.o)
 .text.romfs_dirreset
                0x0000000000106ac8       0x24 C:/devkitPro/libctru/lib\libctru.a(romfs_dev.o)
 .text.fill_dir
                0x0000000000106aec       0xc8 C:/devkitPro/libctru/lib\libctru.a(romfs_dev.o)
 .text.romfs_dirnext
                0x0000000000106bb4      0x2b0 C:/devkitPro/libctru/lib\libctru.a(romfs_dev.o)
 .text.romfs_free
                0x0000000000106e64       0x84 C:/devkitPro/libctru/lib\libctru.a(romfs_dev.o)
 .text.searchForFile.constprop.0
                0x0000000000106ee8       0xd4 C:/devkitPro/libctru/lib\libctru.a(romfs_dev.o)
 .text.searchForDir.constprop.0
                0x0000000000106fbc       0xd8 C:/devkitPro/libctru/lib\libctru.a(romfs_dev.o)
 .text.navigateToDir.constprop.0
                0x0000000000107094      0x1c0 C:/devkitPro/libctru/lib\libctru.a(romfs_dev.o)
 .text.romfs_open
                0x0000000000107254      0x128 C:/devkitPro/libctru/lib\libctru.a(romfs_dev.o)
 .text.romfs_chdir
                0x000000000010737c       0x4c C:/devkitPro/libctru/lib\libctru.a(romfs_dev.o)
 .text.romfs_diropen
                0x00000000001073c8       0x70 C:/devkitPro/libctru/lib\libctru.a(romfs_dev.o)
 .text.romfs_stat
                0x0000000000107438      0x17c C:/devkitPro/libctru/lib\libctru.a(romfs_dev.o)
 .text.romfs_dirclose
                0x00000000001075b4        0x8 C:/devkitPro/libctru/lib\libctru.a(romfs_dev.o)
 .text.romfs_fstat
                0x00000000001075bc       0x7c C:/devkitPro/libctru/lib\libctru.a(romfs_dev.o)
 .text.romfs_read
                0x0000000000107638       0xd4 C:/devkitPro/libctru/lib\libctru.a(romfs_dev.o)
 .text.romfsMountFromFile
                0x000000000010770c      0x290 C:/devkitPro/libctru/lib\libctru.a(romfs_dev.o)
                0x000000000010770c                romfsMountFromFile
 .text.romfsMountFromCurrentProcess
                0x000000000010799c       0x98 C:/devkitPro/libctru/lib\libctru.a(romfs_dev.o)
                0x000000000010799c                romfsMountFromCurrentProcess
 .text.romfsMountSelf
                0x0000000000107a34      0x25c C:/devkitPro/libctru/lib\libctru.a(romfs_dev.o)
                0x0000000000107a34                romfsMountSelf
 .text.romfsUnmount
                0x0000000000107c90       0xac C:/devkitPro/libctru/lib\libctru.a(romfs_dev.o)
                0x0000000000107c90                romfsUnmount
 .text.osConvertVirtToPhys
                0x0000000000107d3c       0x74 C:/devkitPro/libctru/lib\libctru.a(os.o)
                0x0000000000107d3c                osConvertVirtToPhys
 .text.osGetTimeRef
                0x0000000000107db0       0x54 C:/devkitPro/libctru/lib\libctru.a(os.o)
                0x0000000000107db0                osGetTimeRef
 .text.osGetTime
                0x0000000000107e04       0xe4 C:/devkitPro/libctru/lib\libctru.a(os.o)
                0x0000000000107e04                osGetTime
 .text.__libctru_gtod
                0x0000000000107ee8       0x74 C:/devkitPro/libctru/lib\libctru.a(os.o)
                0x0000000000107ee8                __libctru_gtod
 .text.__ctru_speedup_config
                0x0000000000107f5c       0x34 C:/devkitPro/libctru/lib\libctru.a(os.o)
                0x0000000000107f5c                __ctru_speedup_config
 .text.gfxPresentFramebuffer
                0x0000000000107f90       0xd0 C:/devkitPro/libctru/lib\libctru.a(gfx.o)
 .text.gfxIsWide
                0x0000000000108060       0x1c C:/devkitPro/libctru/lib\libctru.a(gfx.o)
                0x0000000000108060                gfxIsWide
 .text.gfxSetScreenFormat
                0x000000000010807c       0xec C:/devkitPro/libctru/lib\libctru.a(gfx.o)
                0x000000000010807c                gfxSetScreenFormat
 .text.gfxInit  0x0000000000108168      0x108 C:/devkitPro/libctru/lib\libctru.a(gfx.o)
                0x0000000000108168                gfxInit
 .text.gfxInitDefault
                0x0000000000108270       0x10 C:/devkitPro/libctru/lib\libctru.a(gfx.o)
                0x0000000000108270                gfxInitDefault
 .text.gfxExit  0x0000000000108280       0xb4 C:/devkitPro/libctru/lib\libctru.a(gfx.o)
                0x0000000000108280                gfxExit
 .text.gfxGetFramebuffer
                0x0000000000108334       0xa0 C:/devkitPro/libctru/lib\libctru.a(gfx.o)
                0x0000000000108334                gfxGetFramebuffer
 .text.gfxScreenSwapBuffers
                0x00000000001083d4       0x30 C:/devkitPro/libctru/lib\libctru.a(gfx.o)
                0x00000000001083d4                gfxScreenSwapBuffers
 .text.shaderInstanceInit
                0x0000000000108404      0x1e0 C:/devkitPro/libctru/lib\libctru.a(shaderProgram.o)
                0x0000000000108404                shaderInstanceInit
 .text.shaderInstanceGetUniformLocation
                0x00000000001085e4       0x18 C:/devkitPro/libctru/lib\libctru.a(shaderProgram.o)
                0x00000000001085e4                shaderInstanceGetUniformLocation
 .text.shaderProgramInit
                0x00000000001085fc       0x1c C:/devkitPro/libctru/lib\libctru.a(shaderProgram.o)
                0x00000000001085fc                shaderProgramInit
 .text.shaderProgramFree
                0x0000000000108618       0x64 C:/devkitPro/libctru/lib\libctru.a(shaderProgram.o)
                0x0000000000108618                shaderProgramFree
 .text.shaderProgramSetVsh
                0x000000000010867c       0x80 C:/devkitPro/libctru/lib\libctru.a(shaderProgram.o)
                0x000000000010867c                shaderProgramSetVsh
 .text.shaderProgramConfigure
                0x00000000001086fc      0x8c0 C:/devkitPro/libctru/lib\libctru.a(shaderProgram.o)
                0x00000000001086fc                shaderProgramConfigure
 .text.DVLE_GenerateOutmap.part.0
                0x0000000000108fbc      0x1f8 C:/devkitPro/libctru/lib\libctru.a(shbin.o)
 .text.DVLB_ParseFile
                0x00000000001091b4      0x1cc C:/devkitPro/libctru/lib\libctru.a(shbin.o)
                0x00000000001091b4                DVLB_ParseFile
 .text.DVLB_Free
                0x0000000000109380       0x38 C:/devkitPro/libctru/lib\libctru.a(shbin.o)
                0x0000000000109380                DVLB_Free
 .text.DVLE_GetUniformRegister
                0x00000000001093b8       0x74 C:/devkitPro/libctru/lib\libctru.a(shbin.o)
                0x00000000001093b8                DVLE_GetUniformRegister
 .text.GX_BindQueue
                0x000000000010942c       0x10 C:/devkitPro/libctru/lib\libctru.a(gx.o)
                0x000000000010942c                GX_BindQueue
 .text.GX_ProcessCommandList
                0x000000000010943c       0x78 C:/devkitPro/libctru/lib\libctru.a(gx.o)
                0x000000000010943c                GX_ProcessCommandList
 .text.GX_MemoryFill
                0x00000000001094b4       0x74 C:/devkitPro/libctru/lib\libctru.a(gx.o)
                0x00000000001094b4                GX_MemoryFill
 .text.GX_DisplayTransfer
                0x0000000000109528       0x70 C:/devkitPro/libctru/lib\libctru.a(gx.o)
                0x0000000000109528                GX_DisplayTransfer
 .text.GX_TextureCopy
                0x0000000000109598       0x74 C:/devkitPro/libctru/lib\libctru.a(gx.o)
                0x0000000000109598                GX_TextureCopy
 .text.gxCmdQueueDoCommands.part.0
                0x000000000010960c       0x68 C:/devkitPro/libctru/lib\libctru.a(gxqueue.o)
 .text.gxCmdQueueInterrupt
                0x0000000000109674       0xc8 C:/devkitPro/libctru/lib\libctru.a(gxqueue.o)
                0x0000000000109674                gxCmdQueueInterrupt
 .text.gxCmdQueueClear
                0x000000000010973c       0x4c C:/devkitPro/libctru/lib\libctru.a(gxqueue.o)
                0x000000000010973c                gxCmdQueueClear
 .text.gxCmdQueueAdd
                0x0000000000109788       0xf8 C:/devkitPro/libctru/lib\libctru.a(gxqueue.o)
                0x0000000000109788                gxCmdQueueAdd
 .text.gxCmdQueueRun
                0x0000000000109880       0x80 C:/devkitPro/libctru/lib\libctru.a(gxqueue.o)
                0x0000000000109880                gxCmdQueueRun
 .text.gxCmdQueueStop
                0x0000000000109900       0x60 C:/devkitPro/libctru/lib\libctru.a(gxqueue.o)
                0x0000000000109900                gxCmdQueueStop
 .text.gxCmdQueueWait
                0x0000000000109960       0x74 C:/devkitPro/libctru/lib\libctru.a(gxqueue.o)
                0x0000000000109960                gxCmdQueueWait
 .text.GPUCMD_Add
                0x00000000001099d4      0x13c C:/devkitPro/libctru/lib\libctru.a(gpu.o)
                0x00000000001099d4                GPUCMD_Add
 .text.GPUCMD_Split
                0x0000000000109b10       0xac C:/devkitPro/libctru/lib\libctru.a(gpu.o)
                0x0000000000109b10                GPUCMD_Split
 .text.f32tof16
                0x0000000000109bbc       0x40 C:/devkitPro/libctru/lib\libctru.a(gpu.o)
                0x0000000000109bbc                f32tof16
 .text.f32tof24
                0x0000000000109bfc       0x40 C:/devkitPro/libctru/lib\libctru.a(gpu.o)
                0x0000000000109bfc                f32tof24
 .text.f32tof31
                0x0000000000109c3c       0x44 C:/devkitPro/libctru/lib\libctru.a(gpu.o)
                0x0000000000109c3c                f32tof31
 .text.gspHardwareInit
                0x0000000000109c80      0xc58 C:/devkitPro/libctru/lib\libctru.a(gspgpu.o)
 .text.gspInit  0x000000000010a8d8      0x254 C:/devkitPro/libctru/lib\libctru.a(gspgpu.o)
                0x000000000010a8d8                gspInit
 .text.gspExit  0x000000000010ab2c       0xf0 C:/devkitPro/libctru/lib\libctru.a(gspgpu.o)
                0x000000000010ab2c                gspExit
 .text.gspHasGpuRight
                0x000000000010ac1c       0x10 C:/devkitPro/libctru/lib\libctru.a(gspgpu.o)
                0x000000000010ac1c                gspHasGpuRight
 .text.gspPresentBuffer
                0x000000000010ac2c       0x98 C:/devkitPro/libctru/lib\libctru.a(gspgpu.o)
                0x000000000010ac2c                gspPresentBuffer
 .text.gspSetEventCallback
                0x000000000010acc4       0x30 C:/devkitPro/libctru/lib\libctru.a(gspgpu.o)
                0x000000000010acc4                gspSetEventCallback
 .text.gspWaitForEvent
                0x000000000010acf4       0x50 C:/devkitPro/libctru/lib\libctru.a(gspgpu.o)
                0x000000000010acf4                gspWaitForEvent
 .text.gspWaitForAnyEvent
                0x000000000010ad44       0x4c C:/devkitPro/libctru/lib\libctru.a(gspgpu.o)
                0x000000000010ad44                gspWaitForAnyEvent
 .text.gspEventThreadMain
                0x000000000010ad90      0x160 C:/devkitPro/libctru/lib\libctru.a(gspgpu.o)
 .text.gspSubmitGxCommand
                0x000000000010aef0      0x130 C:/devkitPro/libctru/lib\libctru.a(gspgpu.o)
                0x000000000010aef0                gspSubmitGxCommand
 .text.GSPGPU_FlushDataCache
                0x000000000010b020       0x50 C:/devkitPro/libctru/lib\libctru.a(gspgpu.o)
                0x000000000010b020                GSPGPU_FlushDataCache
 .text.GSPGPU_SetLcdForceBlack
                0x000000000010b070       0x34 C:/devkitPro/libctru/lib\libctru.a(gspgpu.o)
                0x000000000010b070                GSPGPU_SetLcdForceBlack
 .text.GSPGPU_AcquireRight
                0x000000000010b0a4       0x68 C:/devkitPro/libctru/lib\libctru.a(gspgpu.o)
                0x000000000010b0a4                GSPGPU_AcquireRight
 .text.GSPGPU_ReleaseRight
                0x000000000010b10c       0x48 C:/devkitPro/libctru/lib\libctru.a(gspgpu.o)
                0x000000000010b10c                GSPGPU_ReleaseRight
 .text.GSPGPU_ImportDisplayCaptureInfo
                0x000000000010b154       0x7c C:/devkitPro/libctru/lib\libctru.a(gspgpu.o)
                0x000000000010b154                GSPGPU_ImportDisplayCaptureInfo
 .text.GSPGPU_SaveVramSysArea
                0x000000000010b1d0       0x2c C:/devkitPro/libctru/lib\libctru.a(gspgpu.o)
                0x000000000010b1d0                GSPGPU_SaveVramSysArea
 .text.GSPGPU_RestoreVramSysArea
                0x000000000010b1fc       0x2c C:/devkitPro/libctru/lib\libctru.a(gspgpu.o)
                0x000000000010b1fc                GSPGPU_RestoreVramSysArea
 .text.fsInit   0x000000000010b228       0xc8 C:/devkitPro/libctru/lib\libctru.a(fs.o)
                0x000000000010b228                fsInit
 .text.fsExit   0x000000000010b2f0       0x3c C:/devkitPro/libctru/lib\libctru.a(fs.o)
                0x000000000010b2f0                fsExit
 .text.fsExemptFromSession
                0x000000000010b32c       0x60 C:/devkitPro/libctru/lib\libctru.a(fs.o)
                0x000000000010b32c                fsExemptFromSession
 .text.fsUnexemptFromSession
                0x000000000010b38c       0x50 C:/devkitPro/libctru/lib\libctru.a(fs.o)
                0x000000000010b38c                fsUnexemptFromSession
 .text.FSUSER_OpenFile
                0x000000000010b3dc       0xcc C:/devkitPro/libctru/lib\libctru.a(fs.o)
                0x000000000010b3dc                FSUSER_OpenFile
 .text.FSUSER_OpenFileDirectly
                0x000000000010b4a8       0xd4 C:/devkitPro/libctru/lib\libctru.a(fs.o)
                0x000000000010b4a8                FSUSER_OpenFileDirectly
 .text.FSUSER_DeleteFile
                0x000000000010b57c       0xbc C:/devkitPro/libctru/lib\libctru.a(fs.o)
                0x000000000010b57c                FSUSER_DeleteFile
 .text.FSUSER_RenameFile
                0x000000000010b638       0xf8 C:/devkitPro/libctru/lib\libctru.a(fs.o)
                0x000000000010b638                FSUSER_RenameFile
 .text.FSUSER_DeleteDirectory
                0x000000000010b730       0xbc C:/devkitPro/libctru/lib\libctru.a(fs.o)
                0x000000000010b730                FSUSER_DeleteDirectory
 .text.FSUSER_CreateFile
                0x000000000010b7ec       0xd4 C:/devkitPro/libctru/lib\libctru.a(fs.o)
                0x000000000010b7ec                FSUSER_CreateFile
 .text.FSUSER_CreateDirectory
                0x000000000010b8c0       0xc4 C:/devkitPro/libctru/lib\libctru.a(fs.o)
                0x000000000010b8c0                FSUSER_CreateDirectory
 .text.FSUSER_RenameDirectory
                0x000000000010b984       0xf8 C:/devkitPro/libctru/lib\libctru.a(fs.o)
                0x000000000010b984                FSUSER_RenameDirectory
 .text.FSUSER_OpenDirectory
                0x000000000010ba7c       0xb4 C:/devkitPro/libctru/lib\libctru.a(fs.o)
                0x000000000010ba7c                FSUSER_OpenDirectory
 .text.FSUSER_OpenArchive
                0x000000000010bb30       0x94 C:/devkitPro/libctru/lib\libctru.a(fs.o)
                0x000000000010bb30                FSUSER_OpenArchive
 .text.FSUSER_CloseArchive
                0x000000000010bbc4       0x8c C:/devkitPro/libctru/lib\libctru.a(fs.o)
                0x000000000010bbc4                FSUSER_CloseArchive
 .text.FSUSER_GetSdmcArchiveResource
                0x000000000010bc50       0x74 C:/devkitPro/libctru/lib\libctru.a(fs.o)
                0x000000000010bc50                FSUSER_GetSdmcArchiveResource
 .text.FSUSER_IsSdmcWritable
                0x000000000010bcc4       0x64 C:/devkitPro/libctru/lib\libctru.a(fs.o)
                0x000000000010bcc4                FSUSER_IsSdmcWritable
 .text.FSFILE_Read
                0x000000000010bd28       0x58 C:/devkitPro/libctru/lib\libctru.a(fs.o)
                0x000000000010bd28                FSFILE_Read
 .text.FSFILE_Write
                0x000000000010bd80       0x60 C:/devkitPro/libctru/lib\libctru.a(fs.o)
                0x000000000010bd80                FSFILE_Write
 .text.FSFILE_GetSize
                0x000000000010bde0       0x38 C:/devkitPro/libctru/lib\libctru.a(fs.o)
                0x000000000010bde0                FSFILE_GetSize
 .text.FSFILE_SetSize
                0x000000000010be18       0x28 C:/devkitPro/libctru/lib\libctru.a(fs.o)
                0x000000000010be18                FSFILE_SetSize
 .text.FSFILE_Close
                0x000000000010be40       0x3c C:/devkitPro/libctru/lib\libctru.a(fs.o)
                0x000000000010be40                FSFILE_Close
 .text.FSFILE_Flush
                0x000000000010be7c       0x24 C:/devkitPro/libctru/lib\libctru.a(fs.o)
                0x000000000010be7c                FSFILE_Flush
 .text.FSDIR_Read
                0x000000000010bea0       0x50 C:/devkitPro/libctru/lib\libctru.a(fs.o)
                0x000000000010bea0                FSDIR_Read
 .text.FSDIR_Close
                0x000000000010bef0       0x3c C:/devkitPro/libctru/lib\libctru.a(fs.o)
                0x000000000010bef0                FSDIR_Close
 .text.aptConvertScreenForCapture
                0x000000000010bf2c      0x1b0 C:/devkitPro/libctru/lib\libctru.a(apt.o)
 .text.aptDspSleep
                0x000000000010c0dc        0x8 C:/devkitPro/libctru/lib\libctru.a(apt.o)
                0x000000000010c0dc                aptDspSleep
 .text.aptDspWakeup
                0x000000000010c0e4        0x4 C:/devkitPro/libctru/lib\libctru.a(apt.o)
                0x000000000010c0e4                aptDspWakeup
 .text.aptDspCancel
                0x000000000010c0e8        0x4 C:/devkitPro/libctru/lib\libctru.a(apt.o)
                0x000000000010c0e8                aptDspCancel
 .text.aptSendCommand
                0x000000000010c0ec      0x15c C:/devkitPro/libctru/lib\libctru.a(apt.o)
                0x000000000010c0ec                aptSendCommand
 .text.aptExitProcess
                0x000000000010c248       0x38 C:/devkitPro/libctru/lib\libctru.a(apt.o)
 .text.aptExit  0x000000000010c280      0x2f0 C:/devkitPro/libctru/lib\libctru.a(apt.o)
                0x000000000010c280                aptExit
 .text.aptHandleSleep
                0x000000000010c570       0xd8 C:/devkitPro/libctru/lib\libctru.a(apt.o)
                0x000000000010c570                aptHandleSleep
 .text.aptHook  0x000000000010c648       0x30 C:/devkitPro/libctru/lib\libctru.a(apt.o)
                0x000000000010c648                aptHook
 .text.aptUnhook
                0x000000000010c678       0x30 C:/devkitPro/libctru/lib\libctru.a(apt.o)
                0x000000000010c678                aptUnhook
 .text.APT_SleepIfShellClosed
                0x000000000010c6a8       0x84 C:/devkitPro/libctru/lib\libctru.a(apt.o)
                0x000000000010c6a8                APT_SleepIfShellClosed
 .text.aptSetSleepAllowed
                0x000000000010c72c       0x84 C:/devkitPro/libctru/lib\libctru.a(apt.o)
                0x000000000010c72c                aptSetSleepAllowed
 .text.APT_UnlockTransition
                0x000000000010c7b0       0x84 C:/devkitPro/libctru/lib\libctru.a(apt.o)
                0x000000000010c7b0                APT_UnlockTransition
 *fill*         0x000000000010c834        0x4 
 .text.aptEventHandler
                0x000000000010c838      0x484 C:/devkitPro/libctru/lib\libctru.a(apt.o)
 .text.APT_ReceiveParameter
                0x000000000010ccbc       0xb0 C:/devkitPro/libctru/lib\libctru.a(apt.o)
                0x000000000010ccbc                APT_ReceiveParameter
 .text.aptReceiveParameter.constprop.0
                0x000000000010cd6c       0xb0 C:/devkitPro/libctru/lib\libctru.a(apt.o)
 *fill*         0x000000000010ce1c        0x4 
 .text.aptScreenTransfer
                0x000000000010ce20      0x2bc C:/devkitPro/libctru/lib\libctru.a(apt.o)
 .text.aptWaitForWakeUp.isra.0
                0x000000000010d0dc      0x2d0 C:/devkitPro/libctru/lib\libctru.a(apt.o)
 .text.aptJumpToHomeMenu
                0x000000000010d3ac       0xf8 C:/devkitPro/libctru/lib\libctru.a(apt.o)
                0x000000000010d3ac                aptJumpToHomeMenu
 .text.aptMainLoop
                0x000000000010d4a4       0x4c C:/devkitPro/libctru/lib\libctru.a(apt.o)
                0x000000000010d4a4                aptMainLoop
 .text.aptInit  0x000000000010d4f0      0x234 C:/devkitPro/libctru/lib\libctru.a(apt.o)
                0x000000000010d4f0                aptInit
 .text.APT_CheckNew3DS
                0x000000000010d724       0x7c C:/devkitPro/libctru/lib\libctru.a(apt.o)
                0x000000000010d724                APT_CheckNew3DS
 .text.hidShouldUseIrrst
                0x000000000010d7a0       0x24 C:/devkitPro/libctru/lib\libctru.a(hid.o)
                0x000000000010d7a0                hidShouldUseIrrst
 .text.hidInit  0x000000000010d7c4      0x18c C:/devkitPro/libctru/lib\libctru.a(hid.o)
                0x000000000010d7c4                hidInit
 .text.hidExit  0x000000000010d950       0xe8 C:/devkitPro/libctru/lib\libctru.a(hid.o)
                0x000000000010d950                hidExit
 .text.hidScanInput
                0x000000000010da38      0x294 C:/devkitPro/libctru/lib\libctru.a(hid.o)
                0x000000000010da38                hidScanInput
 .text.hidKeysHeld
                0x000000000010dccc       0x10 C:/devkitPro/libctru/lib\libctru.a(hid.o)
                0x000000000010dccc                hidKeysHeld
 .text.ptmSysmInit
                0x000000000010dcdc       0x74 C:/devkitPro/libctru/lib\libctru.a(ptmsysm.o)
                0x000000000010dcdc                ptmSysmInit
 .text.ptmSysmExit
                0x000000000010dd50       0x3c C:/devkitPro/libctru/lib\libctru.a(ptmsysm.o)
                0x000000000010dd50                ptmSysmExit
 .text.PTMSYSM_ConfigureNew3DSCPU
                0x000000000010dd8c       0x34 C:/devkitPro/libctru/lib\libctru.a(ptmsysm.o)
                0x000000000010dd8c                PTMSYSM_ConfigureNew3DSCPU
 .text.buffer_read
                0x000000000010ddc0       0xcc C:/devkitPro/libctru/lib\libctru.a(decompress.o)
 .text.iov_read
                0x000000000010de8c       0xd0 C:/devkitPro/libctru/lib\libctru.a(decompress.o)
 .text.iov_memmove
                0x000000000010df5c      0x128 C:/devkitPro/libctru/lib\libctru.a(decompress.o)
 .text.decompress_rle
                0x000000000010e084      0x1d8 C:/devkitPro/libctru/lib\libctru.a(decompress.o)
 .text.decompress_lzss
                0x000000000010e25c      0x258 C:/devkitPro/libctru/lib\libctru.a(decompress.o)
 .text.decompress_huff.part.0
                0x000000000010e4b4      0x2ec C:/devkitPro/libctru/lib\libctru.a(decompress.o)
 .text.decompress_lz11
                0x000000000010e7a0      0x440 C:/devkitPro/libctru/lib\libctru.a(decompress.o)
 .text.decompressCallback_Stdio
                0x000000000010ebe0       0x10 C:/devkitPro/libctru/lib\libctru.a(decompress.o)
                0x000000000010ebe0                decompressCallback_Stdio
 .text.decompressHeader
                0x000000000010ebf0       0xe4 C:/devkitPro/libctru/lib\libctru.a(decompress.o)
                0x000000000010ebf0                decompressHeader
 .text.decompressV
                0x000000000010ecd4      0x250 C:/devkitPro/libctru/lib\libctru.a(decompress.o)
                0x000000000010ecd4                decompressV
 .text.rbtree_init
                0x000000000010ef24       0x10 C:/devkitPro/libctru/lib\libctru.a(rbtree_init.o)
                0x000000000010ef24                rbtree_init
 .text.do_insert
                0x000000000010ef34      0x1a0 C:/devkitPro/libctru/lib\libctru.a(rbtree_insert.o)
 .text.rbtree_insert
                0x000000000010f0d4        0x8 C:/devkitPro/libctru/lib\libctru.a(rbtree_insert.o)
                0x000000000010f0d4                rbtree_insert
 .text.rbtree_rotate
                0x000000000010f0dc       0x90 C:/devkitPro/libctru/lib\libctru.a(rbtree_rotate.o)
                0x000000000010f0dc                rbtree_rotate
 .text.rbtree_remove
                0x000000000010f16c      0x338 C:/devkitPro/libctru/lib\libctru.a(rbtree_remove.o)
                0x000000000010f16c                rbtree_remove
 .text.rbtree_find
                0x000000000010f4a4       0x74 C:/devkitPro/libctru/lib\libctru.a(rbtree_find.o)
                0x000000000010f4a4                rbtree_find
 .text.utf8_to_utf16
                0x000000000010f518       0xc0 C:/devkitPro/libctru/lib\libctru.a(utf8_to_utf16.o)
                0x000000000010f518                utf8_to_utf16
 .text.decode_utf8
                0x000000000010f5d8      0x13c C:/devkitPro/libctru/lib\libctru.a(decode_utf8.o)
                0x000000000010f5d8                decode_utf8
 .text.utf16_to_utf8
                0x000000000010f714       0xe8 C:/devkitPro/libctru/lib\libctru.a(utf16_to_utf8.o)
                0x000000000010f714                utf16_to_utf8
 *fill*         0x000000000010f7fc        0x4 
 .text.__system_allocateHeaps
                0x000000000010f800      0x1e0 C:/devkitPro/libctru/lib\libctru.a(allocateHeaps.o)
                0x000000000010f800                __system_allocateHeaps
 .text.__libctru_init
                0x000000000010f9e0       0x38 C:/devkitPro/libctru/lib\libctru.a(ctru_init.o)
                0x000000000010f9e0                __libctru_init
 .text.__system_initArgv
                0x000000000010fa18       0xf0 C:/devkitPro/libctru/lib\libctru.a(initArgv.o)
                0x000000000010fa18                __system_initArgv
 .text.svcControlMemory
                0x000000000010fb08       0x20 C:/devkitPro/libctru/lib\libctru.a(svc.o)
                0x000000000010fb08                svcControlMemory
 .text.svcQueryMemory
                0x000000000010fb28       0x30 C:/devkitPro/libctru/lib\libctru.a(svc.o)
                0x000000000010fb28                svcQueryMemory
 .text.svcExitProcess
                0x000000000010fb58        0x8 C:/devkitPro/libctru/lib\libctru.a(svc.o)
                0x000000000010fb58                svcExitProcess
 .text.svcCreateThread
                0x000000000010fb60       0x20 C:/devkitPro/libctru/lib\libctru.a(svc.o)
                0x000000000010fb60                svcCreateThread
 .text.svcExitThread
                0x000000000010fb80        0x8 C:/devkitPro/libctru/lib\libctru.a(svc.o)
                0x000000000010fb80                svcExitThread
 .text.svcSleepThread
                0x000000000010fb88        0x8 C:/devkitPro/libctru/lib\libctru.a(svc.o)
                0x000000000010fb88                svcSleepThread
 .text.svcReleaseMutex
                0x000000000010fb90        0x8 C:/devkitPro/libctru/lib\libctru.a(svc.o)
                0x000000000010fb90                svcReleaseMutex
 .text.svcCreateEvent
                0x000000000010fb98       0x14 C:/devkitPro/libctru/lib\libctru.a(svc.o)
                0x000000000010fb98                svcCreateEvent
 .text.svcSignalEvent
                0x000000000010fbac        0x8 C:/devkitPro/libctru/lib\libctru.a(svc.o)
                0x000000000010fbac                svcSignalEvent
 .text.svcClearEvent
                0x000000000010fbb4        0x8 C:/devkitPro/libctru/lib\libctru.a(svc.o)
                0x000000000010fbb4                svcClearEvent
 .text.svcMapMemoryBlock
                0x000000000010fbbc        0x8 C:/devkitPro/libctru/lib\libctru.a(svc.o)
                0x000000000010fbbc                svcMapMemoryBlock
 .text.svcUnmapMemoryBlock
                0x000000000010fbc4        0x8 C:/devkitPro/libctru/lib\libctru.a(svc.o)
                0x000000000010fbc4                svcUnmapMemoryBlock
 .text.svcCreateAddressArbiter
                0x000000000010fbcc       0x14 C:/devkitPro/libctru/lib\libctru.a(svc.o)
                0x000000000010fbcc                svcCreateAddressArbiter
 .text.svcArbitrateAddressNoTimeout
                0x000000000010fbe0        0x8 C:/devkitPro/libctru/lib\libctru.a(svc.o)
                0x000000000010fbe0                svcArbitrateAddressNoTimeout
 .text.svcCloseHandle
                0x000000000010fbe8        0x8 C:/devkitPro/libctru/lib\libctru.a(svc.o)
                0x000000000010fbe8                svcCloseHandle
 .text.svcWaitSynchronization
                0x000000000010fbf0        0x8 C:/devkitPro/libctru/lib\libctru.a(svc.o)
                0x000000000010fbf0                svcWaitSynchronization
 .text.svcWaitSynchronizationN
                0x000000000010fbf8       0x28 C:/devkitPro/libctru/lib\libctru.a(svc.o)
                0x000000000010fbf8                svcWaitSynchronizationN
 .text.svcDuplicateHandle
                0x000000000010fc20       0x14 C:/devkitPro/libctru/lib\libctru.a(svc.o)
                0x000000000010fc20                svcDuplicateHandle
 .text.svcGetSystemTick
                0x000000000010fc34        0x8 C:/devkitPro/libctru/lib\libctru.a(svc.o)
                0x000000000010fc34                svcGetSystemTick
 .text.svcConnectToPort
                0x000000000010fc3c       0x14 C:/devkitPro/libctru/lib\libctru.a(svc.o)
                0x000000000010fc3c                svcConnectToPort
 .text.svcSendSyncRequest
                0x000000000010fc50        0x8 C:/devkitPro/libctru/lib\libctru.a(svc.o)
                0x000000000010fc50                svcSendSyncRequest
 .text.svcGetResourceLimit
                0x000000000010fc58       0x14 C:/devkitPro/libctru/lib\libctru.a(svc.o)
                0x000000000010fc58                svcGetResourceLimit
 .text.svcGetResourceLimitLimitValues
                0x000000000010fc6c        0x8 C:/devkitPro/libctru/lib\libctru.a(svc.o)
                0x000000000010fc6c                svcGetResourceLimitLimitValues
 .text.svcGetResourceLimitCurrentValues
                0x000000000010fc74        0x8 C:/devkitPro/libctru/lib\libctru.a(svc.o)
                0x000000000010fc74                svcGetResourceLimitCurrentValues
 .text.svcBreak
                0x000000000010fc7c        0x8 C:/devkitPro/libctru/lib\libctru.a(svc.o)
                0x000000000010fc7c                svcBreak
 .text.initSystem
                0x000000000010fc84       0x50 C:/devkitPro/libctru/lib\libctru.a(stack_adjust.o)
                0x000000000010fc84                initSystem
 .text.__ctru_exit
                0x000000000010fcd4       0x18 C:/devkitPro/libctru/lib\libctru.a(stack_adjust.o)
                0x000000000010fcd4                __ctru_exit
 .text.__aeabi_read_tp
                0x000000000010fcec        0xc C:/devkitPro/libctru/lib\libctru.a(readtp.o)
                0x000000000010fcec                __aeabi_read_tp
 .text.__sync_init
                0x000000000010fcf8        0xc C:/devkitPro/libctru/lib\libctru.a(synchronization.o)
                0x000000000010fcf8                __sync_init
 .text.__sync_fini
                0x000000000010fd04       0x18 C:/devkitPro/libctru/lib\libctru.a(synchronization.o)
                0x000000000010fd04                __sync_fini
 .text.syncArbitrateAddress
                0x000000000010fd1c       0x2c C:/devkitPro/libctru/lib\libctru.a(synchronization.o)
                0x000000000010fd1c                syncArbitrateAddress
 .text.LightLock_Init
                0x000000000010fd48       0x1c C:/devkitPro/libctru/lib\libctru.a(synchronization.o)
                0x000000000010fd48                LightLock_Init
 .text.LightLock_Lock
                0x000000000010fd64       0x94 C:/devkitPro/libctru/lib\libctru.a(synchronization.o)
                0x000000000010fd64                LightLock_Lock
 .text.LightLock_TryLock
                0x000000000010fdf8       0x44 C:/devkitPro/libctru/lib\libctru.a(synchronization.o)
                0x000000000010fdf8                LightLock_TryLock
 .text.LightLock_Unlock
                0x000000000010fe3c       0x40 C:/devkitPro/libctru/lib\libctru.a(synchronization.o)
                0x000000000010fe3c                LightLock_Unlock
 .text.RecursiveLock_Init
                0x000000000010fe7c       0x24 C:/devkitPro/libctru/lib\libctru.a(synchronization.o)
                0x000000000010fe7c                RecursiveLock_Init
 .text.RecursiveLock_Lock
                0x000000000010fea0       0x30 C:/devkitPro/libctru/lib\libctru.a(synchronization.o)
                0x000000000010fea0                RecursiveLock_Lock
 .text.RecursiveLock_TryLock
                0x000000000010fed0       0x78 C:/devkitPro/libctru/lib\libctru.a(synchronization.o)
                0x000000000010fed0                RecursiveLock_TryLock
 .text.RecursiveLock_Unlock
                0x000000000010ff48       0x54 C:/devkitPro/libctru/lib\libctru.a(synchronization.o)
                0x000000000010ff48                RecursiveLock_Unlock
 .text.LightEvent_Init
                0x000000000010ff9c       0x40 C:/devkitPro/libctru/lib\libctru.a(synchronization.o)
                0x000000000010ff9c                LightEvent_Init
 .text.LightEvent_Clear
                0x000000000010ffdc       0xa4 C:/devkitPro/libctru/lib\libctru.a(synchronization.o)
                0x000000000010ffdc                LightEvent_Clear
 .text.LightEvent_Signal
                0x0000000000110080       0xc8 C:/devkitPro/libctru/lib\libctru.a(synchronization.o)
                0x0000000000110080                LightEvent_Signal
 .text.LightEvent_TryWait
                0x0000000000110148       0x58 C:/devkitPro/libctru/lib\libctru.a(synchronization.o)
                0x0000000000110148                LightEvent_TryWait
 .text.LightEvent_Wait
                0x00000000001101a0       0xb0 C:/devkitPro/libctru/lib\libctru.a(synchronization.o)
                0x00000000001101a0                LightEvent_Wait
 .text.envGetHandle
                0x0000000000110250       0x84 C:/devkitPro/libctru/lib\libctru.a(env.o)
                0x0000000000110250                envGetHandle
 .text.envDestroyHandles
                0x00000000001102d4       0x50 C:/devkitPro/libctru/lib\libctru.a(env.o)
                0x00000000001102d4                envDestroyHandles
 .text.srvInit  0x0000000000110324      0x124 C:/devkitPro/libctru/lib\libctru.a(srv.o)
                0x0000000000110324                srvInit
 .text.srvExit  0x0000000000110448       0x58 C:/devkitPro/libctru/lib\libctru.a(srv.o)
                0x0000000000110448                srvExit
 .text.srvGetServiceHandleDirect
                0x00000000001104a0       0x80 C:/devkitPro/libctru/lib\libctru.a(srv.o)
                0x00000000001104a0                srvGetServiceHandleDirect
 .text.srvGetServiceHandle
                0x0000000000110520       0x48 C:/devkitPro/libctru/lib\libctru.a(srv.o)
                0x0000000000110520                srvGetServiceHandle
 .text.srvPublishToSubscriber
                0x0000000000110568       0x38 C:/devkitPro/libctru/lib\libctru.a(srv.o)
                0x0000000000110568                srvPublishToSubscriber
 .text.threadCreate
                0x00000000001105a0      0x188 C:/devkitPro/libctru/lib\libctru.a(thread.o)
                0x00000000001105a0                threadCreate
 .text.threadFree
                0x0000000000110728       0x2c C:/devkitPro/libctru/lib\libctru.a(thread.o)
                0x0000000000110728                threadFree
 .text.threadJoin
                0x0000000000110754       0x24 C:/devkitPro/libctru/lib\libctru.a(thread.o)
                0x0000000000110754                threadJoin
 .text.threadGetCurrent
                0x0000000000110778       0x30 C:/devkitPro/libctru/lib\libctru.a(thread.o)
                0x0000000000110778                threadGetCurrent
 .text.threadExit
                0x00000000001107a8       0x40 C:/devkitPro/libctru/lib\libctru.a(thread.o)
                0x00000000001107a8                threadExit
 .text._thread_begin
                0x00000000001107e8       0x44 C:/devkitPro/libctru/lib\libctru.a(thread.o)
 .text.mappableFindAddressWithin
                0x000000000011082c       0x94 C:/devkitPro/libctru/lib\libctru.a(mappable.o)
 .text.mappableInit
                0x00000000001108c0       0x28 C:/devkitPro/libctru/lib\libctru.a(mappable.o)
                0x00000000001108c0                mappableInit
 .text.mappableAlloc
                0x00000000001108e8       0x80 C:/devkitPro/libctru/lib\libctru.a(mappable.o)
                0x00000000001108e8                mappableAlloc
 .text.mappableFree
                0x0000000000110968        0x4 C:/devkitPro/libctru/lib\libctru.a(mappable.o)
                0x0000000000110968                mappableFree
 .text.irrstInit
                0x000000000011096c      0x160 C:/devkitPro/libctru/lib\libctru.a(irrst.o)
                0x000000000011096c                irrstInit
 .text.irrstExit
                0x0000000000110acc       0xcc C:/devkitPro/libctru/lib\libctru.a(irrst.o)
                0x0000000000110acc                irrstExit
 .text.irrstScanInput
                0x0000000000110b98       0xb0 C:/devkitPro/libctru/lib\libctru.a(irrst.o)
                0x0000000000110b98                irrstScanInput
 .text.irrstKeysHeld
                0x0000000000110c48       0x24 C:/devkitPro/libctru/lib\libctru.a(irrst.o)
                0x0000000000110c48                irrstKeysHeld
 .text.srvPmGetSessionHandle
                0x0000000000110c6c        0xc C:/devkitPro/libctru/lib\libctru.a(srvpm.o)
                0x0000000000110c6c                srvPmGetSessionHandle
 .text.rbtree_node_next
                0x0000000000110c78       0x50 C:/devkitPro/libctru/lib\libctru.a(rbtree_iterator.o)
                0x0000000000110c78                rbtree_node_next
 .text.encode_utf16
                0x0000000000110cc8       0x60 C:/devkitPro/libctru/lib\libctru.a(encode_utf16.o)
                0x0000000000110cc8                encode_utf16
 .text.encode_utf8
                0x0000000000110d28       0xfc C:/devkitPro/libctru/lib\libctru.a(encode_utf8.o)
                0x0000000000110d28                encode_utf8
 .text.decode_utf16
                0x0000000000110e24       0x64 C:/devkitPro/libctru/lib\libctru.a(decode_utf16.o)
                0x0000000000110e24                decode_utf16
 .text.__libctru_nanosleep
                0x0000000000110e88       0x30 C:/devkitPro/libctru/lib\libctru.a(syscalls.o)
 .text.__libctru_get_reent
                0x0000000000110eb8       0x30 C:/devkitPro/libctru/lib\libctru.a(syscalls.o)
 .text.__system_initSyscalls
                0x0000000000110ee8       0xf8 C:/devkitPro/libctru/lib\libctru.a(syscalls.o)
                0x0000000000110ee8                __system_initSyscalls
 .text.__appInit
                0x0000000000110fe0       0x30 C:/devkitPro/libctru/lib\libctru.a(appInit.o)
                0x0000000000110fe0                __appInit
 .text.__appExit
                0x0000000000111010       0x30 C:/devkitPro/libctru/lib\libctru.a(appExit.o)
                0x0000000000111010                __appExit
 .text.__libctru_exit
                0x0000000000111040       0x90 C:/devkitPro/libctru/lib\libctru.a(ctru_exit.o)
                0x0000000000111040                __libctru_exit
 .text.archive_link
                0x00000000001110d0       0x14 C:/devkitPro/libctru/lib\libctru.a(archive_dev.o)
 .text.archive_dirreset
                0x00000000001110e4       0x14 C:/devkitPro/libctru/lib\libctru.a(archive_dev.o)
 .text.archive_chmod
                0x00000000001110f8       0x14 C:/devkitPro/libctru/lib\libctru.a(archive_dev.o)
 .text.error_cmp
                0x000000000011110c       0x24 C:/devkitPro/libctru/lib\libctru.a(archive_dev.o)
 .text.archive_translate_error
                0x0000000000111130       0x50 C:/devkitPro/libctru/lib\libctru.a(archive_dev.o)
 .text.archive_seek
                0x0000000000111180       0xd4 C:/devkitPro/libctru/lib\libctru.a(archive_dev.o)
 .text._archiveInit.part.0
                0x0000000000111254       0x7c C:/devkitPro/libctru/lib\libctru.a(archive_dev.o)
 .text.archiveFindDevice.part.0
                0x00000000001112d0       0x8c C:/devkitPro/libctru/lib\libctru.a(archive_dev.o)
 .text.archive_utf16path
                0x000000000011135c      0x294 C:/devkitPro/libctru/lib\libctru.a(archive_dev.o)
 .text._archiveUnmountDeviceStruct.part.0
                0x00000000001115f0       0xa0 C:/devkitPro/libctru/lib\libctru.a(archive_dev.o)
 .text.archive_fchmod
                0x0000000000111690       0x14 C:/devkitPro/libctru/lib\libctru.a(archive_dev.o)
 .text.archive_statvfs
                0x00000000001116a4       0x14 C:/devkitPro/libctru/lib\libctru.a(archive_dev.o)
 .text._archiveMountDevice
                0x00000000001116b8      0x158 C:/devkitPro/libctru/lib\libctru.a(archive_dev.o)
 .text.archive_diropen
                0x0000000000111810       0xe8 C:/devkitPro/libctru/lib\libctru.a(archive_dev.o)
 .text.archive_fstat
                0x00000000001118f8       0xa4 C:/devkitPro/libctru/lib\libctru.a(archive_dev.o)
 .text.archive_close
                0x000000000011199c       0x6c C:/devkitPro/libctru/lib\libctru.a(archive_dev.o)
 .text.archive_fsync
                0x0000000000111a08       0x6c C:/devkitPro/libctru/lib\libctru.a(archive_dev.o)
 .text.archive_dirclose
                0x0000000000111a74       0x70 C:/devkitPro/libctru/lib\libctru.a(archive_dev.o)
 .text.sdmc_statvfs
                0x0000000000111ae4       0xe8 C:/devkitPro/libctru/lib\libctru.a(archive_dev.o)
 .text.archive_ftruncate
                0x0000000000111bcc       0x80 C:/devkitPro/libctru/lib\libctru.a(archive_dev.o)
 .text.archive_chdir
                0x0000000000111c4c       0xfc C:/devkitPro/libctru/lib\libctru.a(archive_dev.o)
 .text.archive_read
                0x0000000000111d48       0xb0 C:/devkitPro/libctru/lib\libctru.a(archive_dev.o)
 .text.archive_unlink
                0x0000000000111df8       0xac C:/devkitPro/libctru/lib\libctru.a(archive_dev.o)
 .text.archive_rmdir
                0x0000000000111ea4       0xc8 C:/devkitPro/libctru/lib\libctru.a(archive_dev.o)
 .text.archive_mkdir
                0x0000000000111f6c       0xec C:/devkitPro/libctru/lib\libctru.a(archive_dev.o)
 .text.archive_stat
                0x0000000000112058      0x1a8 C:/devkitPro/libctru/lib\libctru.a(archive_dev.o)
 .text.archive_rename
                0x0000000000112200      0x184 C:/devkitPro/libctru/lib\libctru.a(archive_dev.o)
 .text.archive_dirnext
                0x0000000000112384      0x168 C:/devkitPro/libctru/lib\libctru.a(archive_dev.o)
 .text.archive_write
                0x00000000001124ec      0x12c C:/devkitPro/libctru/lib\libctru.a(archive_dev.o)
 .text.archive_open
                0x0000000000112618      0x1f0 C:/devkitPro/libctru/lib\libctru.a(archive_dev.o)
 .text.archiveMountSdmc
                0x0000000000112808      0x1a4 C:/devkitPro/libctru/lib\libctru.a(archive_dev.o)
                0x0000000000112808                archiveMountSdmc
 .text.archiveUnmountAll
                0x00000000001129ac       0x54 C:/devkitPro/libctru/lib\libctru.a(archive_dev.o)
                0x00000000001129ac                archiveUnmountAll
 .text.cosf     0x0000000000112a00      0x22c c:/devkitpro/devkitarm/bin/../lib/gcc/arm-none-eabi/10.2.0/../../../../arm-none-eabi/lib/armv6k/fpu\libm.a(lib_a-cosf.o)
                0x0000000000112a00                cosf
 .text.with_errnof
                0x0000000000112c2c       0x24 c:/devkitpro/devkitarm/bin/../lib/gcc/arm-none-eabi/10.2.0/../../../../arm-none-eabi/lib/armv6k/fpu\libm.a(lib_a-math_errf.o)
 .text.__math_invalidf
                0x0000000000112c50       0x1c c:/devkitpro/devkitarm/bin/../lib/gcc/arm-none-eabi/10.2.0/../../../../arm-none-eabi/lib/armv6k/fpu\libm.a(lib_a-math_errf.o)
                0x0000000000112c50                __math_invalidf
 *fill*         0x0000000000112c6c        0x4 
 .text.sinf     0x0000000000112c70      0x274 c:/devkitpro/devkitarm/bin/../lib/gcc/arm-none-eabi/10.2.0/../../../../arm-none-eabi/lib/armv6k/fpu\libm.a(lib_a-sinf.o)
                0x0000000000112c70                sinf
 *fill*         0x0000000000112ee4        0x4 
 .text.fmod     0x0000000000112ee8       0x84 c:/devkitpro/devkitarm/bin/../lib/gcc/arm-none-eabi/10.2.0/../../../../arm-none-eabi/lib/armv6k/fpu\libm.a(lib_a-w_fmod.o)
                0x0000000000112ee8                fmod
 .text.__ieee754_fmod
                0x0000000000112f6c      0x3b4 c:/devkitpro/devkitarm/bin/../lib/gcc/arm-none-eabi/10.2.0/../../../../arm-none-eabi/lib/armv6k/fpu\libm.a(lib_a-e_fmod.o)
                0x0000000000112f6c                __ieee754_fmod
 .text.__udivmoddi4
                0x0000000000113320      0x120 c:/devkitpro/devkitarm/bin/../lib/gcc/arm-none-eabi/10.2.0/armv6k/fpu\libgcc.a(_udivmoddi4.o)
                0x0000000000113320                __udivmoddi4
 .text.bsearch  0x0000000000113440       0x78 c:/devkitpro/devkitarm/bin/../lib/gcc/arm-none-eabi/10.2.0/../../../../arm-none-eabi/lib/armv6k/fpu\libg.a(lib_a-bsearch.o)
                0x0000000000113440                bsearch
 .text.calloc   0x00000000001134b8       0x28 c:/devkitpro/devkitarm/bin/../lib/gcc/arm-none-eabi/10.2.0/../../../../arm-none-eabi/lib/armv6k/fpu\libg.a(lib_a-calloc.o)
                0x00000000001134b8                calloc
 .text._calloc_r
                0x00000000001134e0       0x94 c:/devkitpro/devkitarm/bin/../lib/gcc/arm-none-eabi/10.2.0/../../../../arm-none-eabi/lib/armv6k/fpu\libg.a(lib_a-callocr.o)
                0x00000000001134e0                _calloc_r
 .text.__errno  0x0000000000113574        0xc c:/devkitpro/devkitarm/bin/../lib/gcc/arm-none-eabi/10.2.0/../../../../arm-none-eabi/lib/armv6k/fpu\libg.a(lib_a-errno.o)
                0x0000000000113574                __errno
 .text.exit     0x0000000000113580       0x34 c:/devkitpro/devkitarm/bin/../lib/gcc/arm-none-eabi/10.2.0/../../../../arm-none-eabi/lib/armv6k/fpu\libg.a(lib_a-exit.o)
                0x0000000000113580                exit
 .text._fclose_r
                0x00000000001135b4      0x160 c:/devkitpro/devkitarm/bin/../lib/gcc/arm-none-eabi/10.2.0/../../../../arm-none-eabi/lib/armv6k/fpu\libg.a(lib_a-fclose.o)
                0x00000000001135b4                _fclose_r
 .text.fclose   0x0000000000113714       0x20 c:/devkitpro/devkitarm/bin/../lib/gcc/arm-none-eabi/10.2.0/../../../../arm-none-eabi/lib/armv6k/fpu\libg.a(lib_a-fclose.o)
                0x0000000000113714                fclose
 .text.__sflush_r
                0x0000000000113734      0x258 c:/devkitpro/devkitarm/bin/../lib/gcc/arm-none-eabi/10.2.0/../../../../arm-none-eabi/lib/armv6k/fpu\libg.a(lib_a-fflush.o)
                0x0000000000113734                __sflush_r
 .text._fflush_r
                0x000000000011398c       0x94 c:/devkitpro/devkitarm/bin/../lib/gcc/arm-none-eabi/10.2.0/../../../../arm-none-eabi/lib/armv6k/fpu\libg.a(lib_a-fflush.o)
                0x000000000011398c                _fflush_r
 .text.fflush   0x0000000000113a20       0x38 c:/devkitpro/devkitarm/bin/../lib/gcc/arm-none-eabi/10.2.0/../../../../arm-none-eabi/lib/armv6k/fpu\libg.a(lib_a-fflush.o)
                0x0000000000113a20                fflush
 .text._cleanup_r
                0x0000000000113a58        0xc c:/devkitpro/devkitarm/bin/../lib/gcc/arm-none-eabi/10.2.0/../../../../arm-none-eabi/lib/armv6k/fpu\libg.a(lib_a-findfp.o)
                0x0000000000113a58                _cleanup_r
 .text.__sinit  0x0000000000113a64      0x184 c:/devkitpro/devkitarm/bin/../lib/gcc/arm-none-eabi/10.2.0/../../../../arm-none-eabi/lib/armv6k/fpu\libg.a(lib_a-findfp.o)
                0x0000000000113a64                __sinit
 .text.__sfp    0x0000000000113be8      0x134 c:/devkitpro/devkitarm/bin/../lib/gcc/arm-none-eabi/10.2.0/../../../../arm-none-eabi/lib/armv6k/fpu\libg.a(lib_a-findfp.o)
                0x0000000000113be8                __sfp
 .text.__sfp_lock_acquire
                0x0000000000113d1c        0xc c:/devkitpro/devkitarm/bin/../lib/gcc/arm-none-eabi/10.2.0/../../../../arm-none-eabi/lib/armv6k/fpu\libg.a(lib_a-findfp.o)
                0x0000000000113d1c                __sfp_lock_acquire
 .text.__sfp_lock_release
                0x0000000000113d28        0xc c:/devkitpro/devkitarm/bin/../lib/gcc/arm-none-eabi/10.2.0/../../../../arm-none-eabi/lib/armv6k/fpu\libg.a(lib_a-findfp.o)
                0x0000000000113d28                __sfp_lock_release
 .text.__libc_fini_array
                0x0000000000113d34       0x3c c:/devkitpro/devkitarm/bin/../lib/gcc/arm-none-eabi/10.2.0/../../../../arm-none-eabi/lib/armv6k/fpu\libg.a(lib_a-fini.o)
                0x0000000000113d34                __libc_fini_array
 .text._fopen_r
                0x0000000000113d70      0x140 c:/devkitpro/devkitarm/bin/../lib/gcc/arm-none-eabi/10.2.0/../../../../arm-none-eabi/lib/armv6k/fpu\libg.a(lib_a-fopen.o)
                0x0000000000113d70                _fopen_r
 .text.fopen    0x0000000000113eb0       0x28 c:/devkitpro/devkitarm/bin/../lib/gcc/arm-none-eabi/10.2.0/../../../../arm-none-eabi/lib/armv6k/fpu\libg.a(lib_a-fopen.o)
                0x0000000000113eb0                fopen
 .text._fread_r
                0x0000000000113ed8      0x2d0 c:/devkitpro/devkitarm/bin/../lib/gcc/arm-none-eabi/10.2.0/../../../../arm-none-eabi/lib/armv6k/fpu\libg.a(lib_a-fread.o)
                0x0000000000113ed8                _fread_r
 .text.fread    0x00000000001141a8       0x38 c:/devkitpro/devkitarm/bin/../lib/gcc/arm-none-eabi/10.2.0/../../../../arm-none-eabi/lib/armv6k/fpu\libg.a(lib_a-fread.o)
                0x00000000001141a8                fread
 .text._malloc_trim_r
                0x00000000001141e0       0xf8 c:/devkitpro/devkitarm/bin/../lib/gcc/arm-none-eabi/10.2.0/../../../../arm-none-eabi/lib/armv6k/fpu\libg.a(lib_a-freer.o)
                0x00000000001141e0                _malloc_trim_r
 .text._free_r  0x00000000001142d8      0x2e4 c:/devkitpro/devkitarm/bin/../lib/gcc/arm-none-eabi/10.2.0/../../../../arm-none-eabi/lib/armv6k/fpu\libg.a(lib_a-freer.o)
                0x00000000001142d8                _free_r
 .text._fseek_r
                0x00000000001145bc       0x1c c:/devkitpro/devkitarm/bin/../lib/gcc/arm-none-eabi/10.2.0/../../../../arm-none-eabi/lib/armv6k/fpu\libg.a(lib_a-fseek.o)
                0x00000000001145bc                _fseek_r
 .text._fseeko_r
                0x00000000001145d8      0x4f8 c:/devkitpro/devkitarm/bin/../lib/gcc/arm-none-eabi/10.2.0/../../../../arm-none-eabi/lib/armv6k/fpu\libg.a(lib_a-fseeko.o)
                0x00000000001145d8                _fseeko_r
 .text._ftello_r
                0x0000000000114ad0      0x1bc c:/devkitpro/devkitarm/bin/../lib/gcc/arm-none-eabi/10.2.0/../../../../arm-none-eabi/lib/armv6k/fpu\libg.a(lib_a-ftello.o)
                0x0000000000114ad0                _ftello_r
 .text._fwalk   0x0000000000114c8c       0x68 c:/devkitpro/devkitarm/bin/../lib/gcc/arm-none-eabi/10.2.0/../../../../arm-none-eabi/lib/armv6k/fpu\libg.a(lib_a-fwalk.o)
                0x0000000000114c8c                _fwalk
 .text._fwalk_reent
                0x0000000000114cf4       0x70 c:/devkitpro/devkitarm/bin/../lib/gcc/arm-none-eabi/10.2.0/../../../../arm-none-eabi/lib/armv6k/fpu\libg.a(lib_a-fwalk.o)
                0x0000000000114cf4                _fwalk_reent
 .text.__libc_init_array
                0x0000000000114d64       0x7c c:/devkitpro/devkitarm/bin/../lib/gcc/arm-none-eabi/10.2.0/../../../../arm-none-eabi/lib/armv6k/fpu\libg.a(lib_a-init.o)
                0x0000000000114d64                __libc_init_array
 .text.__smakebuf_r
                0x0000000000114de0      0x138 c:/devkitpro/devkitarm/bin/../lib/gcc/arm-none-eabi/10.2.0/../../../../arm-none-eabi/lib/armv6k/fpu\libg.a(lib_a-makebuf.o)
                0x0000000000114de0                __smakebuf_r
 .text.__swhatbuf_r
                0x0000000000114f18       0x94 c:/devkitpro/devkitarm/bin/../lib/gcc/arm-none-eabi/10.2.0/../../../../arm-none-eabi/lib/armv6k/fpu\libg.a(lib_a-makebuf.o)
                0x0000000000114f18                __swhatbuf_r
 .text.memalign
                0x0000000000114fac       0x28 c:/devkitpro/devkitarm/bin/../lib/gcc/arm-none-eabi/10.2.0/../../../../arm-none-eabi/lib/armv6k/fpu\libg.a(lib_a-malign.o)
                0x0000000000114fac                memalign
 .text._memalign_r
                0x0000000000114fd4      0x148 c:/devkitpro/devkitarm/bin/../lib/gcc/arm-none-eabi/10.2.0/../../../../arm-none-eabi/lib/armv6k/fpu\libg.a(lib_a-malignr.o)
                0x0000000000114fd4                _memalign_r
 .text.malloc   0x000000000011511c       0x20 c:/devkitpro/devkitarm/bin/../lib/gcc/arm-none-eabi/10.2.0/../../../../arm-none-eabi/lib/armv6k/fpu\libg.a(lib_a-malloc.o)
                0x000000000011511c                malloc
 .text.free     0x000000000011513c       0x20 c:/devkitpro/devkitarm/bin/../lib/gcc/arm-none-eabi/10.2.0/../../../../arm-none-eabi/lib/armv6k/fpu\libg.a(lib_a-malloc.o)
                0x000000000011513c                free
 .text._malloc_r
                0x000000000011515c      0x7f0 c:/devkitpro/devkitarm/bin/../lib/gcc/arm-none-eabi/10.2.0/../../../../arm-none-eabi/lib/armv6k/fpu\libg.a(lib_a-mallocr.o)
                0x000000000011515c                _malloc_r
 .text.memcmp   0x000000000011594c       0xa8 c:/devkitpro/devkitarm/bin/../lib/gcc/arm-none-eabi/10.2.0/../../../../arm-none-eabi/lib/armv6k/fpu\libg.a(lib_a-memcmp.o)
                0x000000000011594c                memcmp
 .text.memcpy   0x00000000001159f4      0x11c c:/devkitpro/devkitarm/bin/../lib/gcc/arm-none-eabi/10.2.0/../../../../arm-none-eabi/lib/armv6k/fpu\libg.a(lib_a-memcpy-stub.o)
                0x00000000001159f4                memcpy
 .text.memset   0x0000000000115b10      0x118 c:/devkitpro/devkitarm/bin/../lib/gcc/arm-none-eabi/10.2.0/../../../../arm-none-eabi/lib/armv6k/fpu\libg.a(lib_a-memset.o)
                0x0000000000115b10                memset
 .text.__malloc_lock
                0x0000000000115c28        0xc c:/devkitpro/devkitarm/bin/../lib/gcc/arm-none-eabi/10.2.0/../../../../arm-none-eabi/lib/armv6k/fpu\libg.a(lib_a-mlock.o)
                0x0000000000115c28                __malloc_lock
 .text.__malloc_unlock
                0x0000000000115c34        0xc c:/devkitpro/devkitarm/bin/../lib/gcc/arm-none-eabi/10.2.0/../../../../arm-none-eabi/lib/armv6k/fpu\libg.a(lib_a-mlock.o)
                0x0000000000115c34                __malloc_unlock
 .text.srand    0x0000000000115c40       0x1c c:/devkitpro/devkitarm/bin/../lib/gcc/arm-none-eabi/10.2.0/../../../../arm-none-eabi/lib/armv6k/fpu\libg.a(lib_a-rand.o)
                0x0000000000115c40                srand
 .text.rand     0x0000000000115c5c       0x44 c:/devkitpro/devkitarm/bin/../lib/gcc/arm-none-eabi/10.2.0/../../../../arm-none-eabi/lib/armv6k/fpu\libg.a(lib_a-rand.o)
                0x0000000000115c5c                rand
 .text.lflush   0x0000000000115ca0       0x1c c:/devkitpro/devkitarm/bin/../lib/gcc/arm-none-eabi/10.2.0/../../../../arm-none-eabi/lib/armv6k/fpu\libg.a(lib_a-refill.o)
 .text.__srefill_r
                0x0000000000115cbc      0x1ac c:/devkitpro/devkitarm/bin/../lib/gcc/arm-none-eabi/10.2.0/../../../../arm-none-eabi/lib/armv6k/fpu\libg.a(lib_a-refill.o)
                0x0000000000115cbc                __srefill_r
 .text.setvbuf  0x0000000000115e68      0x260 c:/devkitpro/devkitarm/bin/../lib/gcc/arm-none-eabi/10.2.0/../../../../arm-none-eabi/lib/armv6k/fpu\libg.a(lib_a-setvbuf.o)
                0x0000000000115e68                setvbuf
 .text.__sread  0x00000000001160c8       0x44 c:/devkitpro/devkitarm/bin/../lib/gcc/arm-none-eabi/10.2.0/../../../../arm-none-eabi/lib/armv6k/fpu\libg.a(lib_a-stdio.o)
                0x00000000001160c8                __sread
 .text.__swrite
                0x000000000011610c       0x68 c:/devkitpro/devkitarm/bin/../lib/gcc/arm-none-eabi/10.2.0/../../../../arm-none-eabi/lib/armv6k/fpu\libg.a(lib_a-stdio.o)
                0x000000000011610c                __swrite
 .text.__sseek  0x0000000000116174       0x48 c:/devkitpro/devkitarm/bin/../lib/gcc/arm-none-eabi/10.2.0/../../../../arm-none-eabi/lib/armv6k/fpu\libg.a(lib_a-stdio.o)
                0x0000000000116174                __sseek
 .text.__sclose
                0x00000000001161bc        0x8 c:/devkitpro/devkitarm/bin/../lib/gcc/arm-none-eabi/10.2.0/../../../../arm-none-eabi/lib/armv6k/fpu\libg.a(lib_a-stdio.o)
                0x00000000001161bc                __sclose
 .text.strchr   0x00000000001161c4      0x144 c:/devkitpro/devkitarm/bin/../lib/gcc/arm-none-eabi/10.2.0/../../../../arm-none-eabi/lib/armv6k/fpu\libg.a(lib_a-strchr.o)
                0x00000000001161c4                strchr
 .text.strlen   0x0000000000116308       0x5c c:/devkitpro/devkitarm/bin/../lib/gcc/arm-none-eabi/10.2.0/../../../../arm-none-eabi/lib/armv6k/fpu\libg.a(lib_a-strlen-stub.o)
                0x0000000000116308                strlen
 .text.strncat  0x0000000000116364       0xec c:/devkitpro/devkitarm/bin/../lib/gcc/arm-none-eabi/10.2.0/../../../../arm-none-eabi/lib/armv6k/fpu\libg.a(lib_a-strncat.o)
                0x0000000000116364                strncat
 .text.strncmp  0x0000000000116450       0xdc c:/devkitpro/devkitarm/bin/../lib/gcc/arm-none-eabi/10.2.0/../../../../arm-none-eabi/lib/armv6k/fpu\libg.a(lib_a-strncmp.o)
                0x0000000000116450                strncmp
 .text.strncpy  0x000000000011652c       0xc0 c:/devkitpro/devkitarm/bin/../lib/gcc/arm-none-eabi/10.2.0/../../../../arm-none-eabi/lib/armv6k/fpu\libg.a(lib_a-strncpy.o)
                0x000000000011652c                strncpy
 .text.strnlen  0x00000000001165ec       0x48 c:/devkitpro/devkitarm/bin/../lib/gcc/arm-none-eabi/10.2.0/../../../../arm-none-eabi/lib/armv6k/fpu\libg.a(lib_a-strnlen.o)
                0x00000000001165ec                strnlen
 .text.time     0x0000000000116634       0x3c c:/devkitpro/devkitarm/bin/../lib/gcc/arm-none-eabi/10.2.0/../../../../arm-none-eabi/lib/armv6k/fpu\libg.a(lib_a-time.o)
                0x0000000000116634                time
 .text.__call_exitprocs
                0x0000000000116670      0x114 c:/devkitpro/devkitarm/bin/../lib/gcc/arm-none-eabi/10.2.0/../../../../arm-none-eabi/lib/armv6k/fpu\libg.a(lib_a-__call_atexit.o)
                0x0000000000116670                __call_exitprocs
 .text.__sflags
                0x0000000000116784       0xc8 c:/devkitpro/devkitarm/bin/../lib/gcc/arm-none-eabi/10.2.0/../../../../arm-none-eabi/lib/armv6k/fpu\libg.a(lib_a-flags.o)
                0x0000000000116784                __sflags
 .text.null_write
                0x000000000011684c        0x8 c:/devkitpro/devkitarm/bin/../lib/gcc/arm-none-eabi/10.2.0/../../../../arm-none-eabi/lib/armv6k/fpu\libsysbase.a(iosupport.o)
 .text.setDefaultDevice
                0x0000000000116854       0x18 c:/devkitpro/devkitarm/bin/../lib/gcc/arm-none-eabi/10.2.0/../../../../arm-none-eabi/lib/armv6k/fpu\libsysbase.a(iosupport.o)
                0x0000000000116854                setDefaultDevice
 .text.FindDevice
                0x000000000011686c       0xc8 c:/devkitpro/devkitarm/bin/../lib/gcc/arm-none-eabi/10.2.0/../../../../arm-none-eabi/lib/armv6k/fpu\libsysbase.a(iosupport.o)
                0x000000000011686c                FindDevice
 .text.RemoveDevice
                0x0000000000116934       0x28 c:/devkitpro/devkitarm/bin/../lib/gcc/arm-none-eabi/10.2.0/../../../../arm-none-eabi/lib/armv6k/fpu\libsysbase.a(iosupport.o)
                0x0000000000116934                RemoveDevice
 .text.AddDevice
                0x000000000011695c       0x9c c:/devkitpro/devkitarm/bin/../lib/gcc/arm-none-eabi/10.2.0/../../../../arm-none-eabi/lib/armv6k/fpu\libsysbase.a(iosupport.o)
                0x000000000011695c                AddDevice
 .text.GetDeviceOpTab
                0x00000000001169f8       0x20 c:/devkitpro/devkitarm/bin/../lib/gcc/arm-none-eabi/10.2.0/../../../../arm-none-eabi/lib/armv6k/fpu\libsysbase.a(iosupport.o)
                0x00000000001169f8                GetDeviceOpTab
 .text._fstat_r
                0x0000000000116a18       0x78 c:/devkitpro/devkitarm/bin/../lib/gcc/arm-none-eabi/10.2.0/../../../../arm-none-eabi/lib/armv6k/fpu\libsysbase.a(fstat.o)
                0x0000000000116a18                _fstat_r
 .text._gettimeofday_r
                0x0000000000116a90       0x38 c:/devkitpro/devkitarm/bin/../lib/gcc/arm-none-eabi/10.2.0/../../../../arm-none-eabi/lib/armv6k/fpu\libsysbase.a(gettod.o)
                0x0000000000116a90                _gettimeofday_r
 .text._isatty_r
                0x0000000000116ac8        0x8 c:/devkitpro/devkitarm/bin/../lib/gcc/arm-none-eabi/10.2.0/../../../../arm-none-eabi/lib/armv6k/fpu\libsysbase.a(isatty.o)
                0x0000000000116ac8                _isatty_r
 .text._lseek_r
                0x0000000000116ad0       0x84 c:/devkitpro/devkitarm/bin/../lib/gcc/arm-none-eabi/10.2.0/../../../../arm-none-eabi/lib/armv6k/fpu\libsysbase.a(lseek.o)
                0x0000000000116ad0                _lseek_r
 .text._open_r  0x0000000000116b54       0xc8 c:/devkitpro/devkitarm/bin/../lib/gcc/arm-none-eabi/10.2.0/../../../../arm-none-eabi/lib/armv6k/fpu\libsysbase.a(open.o)
                0x0000000000116b54                _open_r
 .text._read_r  0x0000000000116c1c       0x80 c:/devkitpro/devkitarm/bin/../lib/gcc/arm-none-eabi/10.2.0/../../../../arm-none-eabi/lib/armv6k/fpu\libsysbase.a(read.o)
                0x0000000000116c1c                _read_r
 .text._sbrk_r  0x0000000000116c9c       0x78 c:/devkitpro/devkitarm/bin/../lib/gcc/arm-none-eabi/10.2.0/../../../../arm-none-eabi/lib/armv6k/fpu\libsysbase.a(sbrk.o)
                0x0000000000116c9c                _sbrk_r
 .text._write_r
                0x0000000000116d14       0x80 c:/devkitpro/devkitarm/bin/../lib/gcc/arm-none-eabi/10.2.0/../../../../arm-none-eabi/lib/armv6k/fpu\libsysbase.a(write.o)
                0x0000000000116d14                _write_r
 .text._exit    0x0000000000116d94       0x24 c:/devkitpro/devkitarm/bin/../lib/gcc/arm-none-eabi/10.2.0/../../../../arm-none-eabi/lib/armv6k/fpu\libsysbase.a(_exit.o)
                0x0000000000116d94                _exit
 .text._concatenate_path
                0x0000000000116db8      0x1b8 c:/devkitpro/devkitarm/bin/../lib/gcc/arm-none-eabi/10.2.0/../../../../arm-none-eabi/lib/armv6k/fpu\libsysbase.a(chdir.o)
                0x0000000000116db8                _concatenate_path
 .text.chdir    0x0000000000116f70      0x160 c:/devkitpro/devkitarm/bin/../lib/gcc/arm-none-eabi/10.2.0/../../../../arm-none-eabi/lib/armv6k/fpu\libsysbase.a(chdir.o)
                0x0000000000116f70                chdir
 .text.__flockfile
                0x00000000001170d0        0x8 c:/devkitpro/devkitarm/bin/../lib/gcc/arm-none-eabi/10.2.0/../../../../arm-none-eabi/lib/armv6k/fpu\libsysbase.a(flock.o)
                0x00000000001170d0                __flockfile
 .text.__funlockfile
                0x00000000001170d8        0x8 c:/devkitpro/devkitarm/bin/../lib/gcc/arm-none-eabi/10.2.0/../../../../arm-none-eabi/lib/armv6k/fpu\libsysbase.a(flock.o)
                0x00000000001170d8                __funlockfile
 .text.__libc_lock_acquire
                0x00000000001170e0       0x18 c:/devkitpro/devkitarm/bin/../lib/gcc/arm-none-eabi/10.2.0/../../../../arm-none-eabi/lib/armv6k/fpu\libsysbase.a(syscall_support.o)
                0x00000000001170e0                __libc_lock_acquire
 .text.__libc_lock_release
                0x00000000001170f8       0x18 c:/devkitpro/devkitarm/bin/../lib/gcc/arm-none-eabi/10.2.0/../../../../arm-none-eabi/lib/armv6k/fpu\libsysbase.a(syscall_support.o)
                0x00000000001170f8                __libc_lock_release
 .text.__libc_lock_init_recursive
                0x0000000000117110       0x18 c:/devkitpro/devkitarm/bin/../lib/gcc/arm-none-eabi/10.2.0/../../../../arm-none-eabi/lib/armv6k/fpu\libsysbase.a(syscall_support.o)
                0x0000000000117110                __libc_lock_init_recursive
 .text.__libc_lock_acquire_recursive
                0x0000000000117128       0x18 c:/devkitpro/devkitarm/bin/../lib/gcc/arm-none-eabi/10.2.0/../../../../arm-none-eabi/lib/armv6k/fpu\libsysbase.a(syscall_support.o)
                0x0000000000117128                __libc_lock_acquire_recursive
 .text.__libc_lock_release_recursive
                0x0000000000117140       0x18 c:/devkitpro/devkitarm/bin/../lib/gcc/arm-none-eabi/10.2.0/../../../../arm-none-eabi/lib/armv6k/fpu\libsysbase.a(syscall_support.o)
                0x0000000000117140                __libc_lock_release_recursive
 .text.__libc_lock_close_recursive
                0x0000000000117158       0x18 c:/devkitpro/devkitarm/bin/../lib/gcc/arm-none-eabi/10.2.0/../../../../arm-none-eabi/lib/armv6k/fpu\libsysbase.a(syscall_support.o)
                0x0000000000117158                __libc_lock_close_recursive
 .text.__release_handle
                0x0000000000117170       0x8c c:/devkitpro/devkitarm/bin/../lib/gcc/arm-none-eabi/10.2.0/../../../../arm-none-eabi/lib/armv6k/fpu\libsysbase.a(handle_manager.o)
                0x0000000000117170                __release_handle
 .text.__alloc_handle
                0x00000000001171fc       0xb4 c:/devkitpro/devkitarm/bin/../lib/gcc/arm-none-eabi/10.2.0/../../../../arm-none-eabi/lib/armv6k/fpu\libsysbase.a(handle_manager.o)
                0x00000000001171fc                __alloc_handle
 .text.__get_handle
                0x00000000001172b0       0x3c c:/devkitpro/devkitarm/bin/../lib/gcc/arm-none-eabi/10.2.0/../../../../arm-none-eabi/lib/armv6k/fpu\libsysbase.a(handle_manager.o)
                0x00000000001172b0                __get_handle
 .text._close_r
                0x00000000001172ec       0xf4 c:/devkitpro/devkitarm/bin/../lib/gcc/arm-none-eabi/10.2.0/../../../../arm-none-eabi/lib/armv6k/fpu\libsysbase.a(handle_manager.o)
                0x00000000001172ec                _close_r
 .text.__getreent
                0x00000000001173e0       0x28 c:/devkitpro/devkitarm/bin/../lib/gcc/arm-none-eabi/10.2.0/../../../../arm-none-eabi/lib/armv6k/fpu\libsysbase.a(getreent.o)
                0x00000000001173e0                __getreent
 .text.strrchr  0x0000000000117408       0x44 c:/devkitpro/devkitarm/bin/../lib/gcc/arm-none-eabi/10.2.0/../../../../arm-none-eabi/lib/armv6k/fpu\libg.a(lib_a-strrchr.o)
                0x0000000000117408                strrchr
 *(.glue_7)