Archive member included to satisfy reference by file (symbol)

C:/devkitPro/libctru/lib\libcitro2d.a(base.o)
                              AeroCrunch.o (C2D_Init)
C:/devkitPro/libctru/lib\libcitro2d.a(spritesheet.o)
                              main.o (C2D_SpriteSheetLoad)
C:/devkitPro/libctru/lib\libcitro2d.a(render2d.shbin.o)
                              C:/devkitPro/libctru/lib\libcitro2d.a(base.o) (render2d_shbin_size)
C:/devkitPro/libctru/lib\libcitro3d.a(base.o)
                              AeroCrunch.o (C3D_Init)
C:/devkitPro/libctru/lib\libcitro3d.a(renderqueue.o)
                              main.o (C3D_FrameBegin)
C:/devkitPro/libctru/lib\libcitro3d.a(texture.o)
                              C:/devkitPro/libctru/lib\libcitro2d.a(base.o) (C3D_TexBind)
C:/devkitPro/libctru/lib\libcitro3d.a(tex3ds.o)
                              C:/devkitPro/libctru/lib\libcitro2d.a(spritesheet.o) (Tex3DS_TextureImport)
C:/devkitPro/libctru/lib\libcitro3d.a(framebuffer.o)
                              C:/devkitPro/libctru/lib\libcitro3d.a(renderqueue.o) (C3D_CalcColorBufSize)
C:/devkitPro/libctru/lib\libcitro3d.a(texenv.o)
                              C:/devkitPro/libctru/lib\libcitro2d.a(base.o) (C3D_GetTexEnv)
C:/devkitPro/libctru/lib\libcitro3d.a(proctex.o)
                              C:/devkitPro/libctru/lib\libcitro2d.a(base.o) (C3D_ProcTexInit)
C:/devkitPro/libctru/lib\libcitro3d.a(buffers.o)
                              C:/devkitPro/libctru/lib\libcitro2d.a(base.o) (BufInfo_Init)
C:/devkitPro/libctru/lib\libcitro3d.a(drawArrays.o)
                              C:/devkitPro/libctru/lib\libcitro2d.a(base.o) (C3D_DrawArrays)
C:/devkitPro/libctru/lib\libcitro3d.a(effect.o)
                              C:/devkitPro/libctru/lib\libcitro3d.a(base.o) (C3D_DepthMap)
C:/devkitPro/libctru/lib\libcitro3d.a(attribs.o)
                              C:/devkitPro/libctru/lib\libcitro2d.a(base.o) (AttrInfo_Init)
C:/devkitPro/libctru/lib\libcitro3d.a(immediate.o)
                              C:/devkitPro/libctru/lib\libcitro3d.a(base.o) (C3D_ImmSendAttrib)
C:/devkitPro/libctru/lib\libcitro3d.a(uniforms.o)
                              C:/devkitPro/libctru/lib\libcitro3d.a(base.o) (C3D_UpdateUniforms)
C:/devkitPro/libctru/lib\libcitro3d.a(mtx_ortho.o)
                              C:/devkitPro/libctru/lib\libcitro2d.a(base.o) (Mtx_Ortho)
C:/devkitPro/libctru/lib\libcitro3d.a(mtx_orthotilt.o)
                              C:/devkitPro/libctru/lib\libcitro2d.a(base.o) (Mtx_OrthoTilt)
C:/devkitPro/libctru/lib\libctru.a(vram.o)
                              C:/devkitPro/libctru/lib\libcitro3d.a(renderqueue.o) (vramAlloc)
C:/devkitPro/libctru/lib\libctru.a(linear.o)
                              C:/devkitPro/libctru/lib\libcitro2d.a(base.o) (linearAlloc)
C:/devkitPro/libctru/lib\libctru.a(mem_pool.o)
                              C:/devkitPro/libctru/lib\libctru.a(vram.o) (MemPool::Allocate(MemChunk&, unsigned long, int))
C:/devkitPro/libctru/lib\libctru.a(romfs_dev.o)
                              AeroCrunch.o (romfsMount)
C:/devkitPro/libctru/lib\libctru.a(os.o)
                              C:/devkitPro/libctru/lib\libcitro3d.a(texture.o) (osConvertVirtToPhys)
C:/devkitPro/libctru/lib\libctru.a(gfx.o)
                              C:/devkitPro/libctru/lib\libcitro3d.a(renderqueue.o) (gfxIs3D)
C:/devkitPro/libctru/lib\libctru.a(shaderProgram.o)
                              C:/devkitPro/libctru/lib\libcitro2d.a(base.o) (shaderInstanceGetUniformLocation)
C:/devkitPro/libctru/lib\libctru.a(shbin.o)
                              C:/devkitPro/libctru/lib\libcitro2d.a(base.o) (DVLB_ParseFile)
C:/devkitPro/libctru/lib\libctru.a(gx.o)
                              C:/devkitPro/libctru/lib\libctru.a(gfx.o) (gxCmdBuf)
C:/devkitPro/libctru/lib\libctru.a(gxqueue.o)
                              C:/devkitPro/libctru/lib\libcitro3d.a(renderqueue.o) (gxCmdQueueClear)
C:/devkitPro/libctru/lib\libctru.a(gpu.o)
                              C:/devkitPro/libctru/lib\libcitro3d.a(base.o) (gpuCmdBufOffset)
C:/devkitPro/libctru/lib\libctru.a(gspgpu.o)
                              C:/devkitPro/libctru/lib\libctru.a(gfx.o) (gspInit)
C:/devkitPro/libctru/lib\libctru.a(apt.o)
                              C:/devkitPro/libctru/lib\libcitro3d.a(base.o) (aptHook)
C:/devkitPro/libctru/lib\libctru.a(hid.o)
                              AeroCrunch.o (hidScanInput)
C:/devkitPro/libctru/lib\libctru.a(ptmsysm.o)
                              C:/devkitPro/libctru/lib\libctru.a(os.o) (ptmSysmInit)
C:/devkitPro/libctru/lib\libctru.a(fs.o)
                              C:/devkitPro/libctru/lib\libctru.a(romfs_dev.o) (FSUSER_OpenFileDirectly)
C:/devkitPro/libctru/lib\libctru.a(decompress.o)
                              C:/devkitPro/libctru/lib\libcitro3d.a(tex3ds.o) (decompressCallback_FD)
C:/devkitPro/libctru/lib\libctru.a(rbtree_init.o)
[...]
Memory Configuration

Name             Origin             Length             Attributes
*default*        0x0000000000000000 0xffffffffffffffff

Linker script and memory map

                0x0000000000100000                PROVIDE (__start__ = 0x100000)
                0x0000000000100000                . = __start__

.text           0x0000000000100000    0x15380
 *(.crt0)
 .crt0          0x0000000000100000       0x94 c:/devkitpro/devkitarm/bin/../lib/gcc/arm-none-eabi/9.1.0/../../../../arm-none-eabi/lib/armv6k/fpu/3dsx_crt0.o
                0x0000000000100000                _start
                0x0000000000100008                __service_ptr
                0x000000000010000c                __apt_appid
                0x0000000000100010                __heap_size
                0x0000000000100014                __linear_heap_size
                0x0000000000100018                __system_arglist
                0x000000000010001c                __system_runflags
 *(.init)
 .init          0x0000000000100094        0xc c:/devkitpro/devkitarm/bin/../lib/gcc/arm-none-eabi/9.1.0/armv6k/fpu/crti.o
                0x0000000000100094                _init
 .init          0x00000000001000a0        0xc c:/devkitpro/devkitarm/bin/../lib/gcc/arm-none-eabi/9.1.0/armv6k/fpu/crtn.o
                0x00000000001000ac                . = ALIGN (0x4)
 *(.text)
 .text          0x00000000001000ac       0x64 C:/devkitPro/libctru/lib\libctru.a(stack_adjust.o)
                0x00000000001000ac                initSystem
                0x00000000001000f0                __ctru_exit
 .text          0x0000000000100110      0x20c c:/devkitpro/devkitarm/bin/../lib/gcc/arm-none-eabi/9.1.0/armv6k/fpu\libgcc.a(_udivsi3.o)
                0x0000000000100110                __aeabi_uidiv
                0x0000000000100110                __udivsi3
                0x00000000001002fc                __aeabi_uidivmod
 .text          0x000000000010031c        0x4 c:/devkitpro/devkitarm/bin/../lib/gcc/arm-none-eabi/9.1.0/armv6k/fpu\libgcc.a(_dvmd_tls.o)
                0x000000000010031c                __aeabi_idiv0
                0x000000000010031c                __aeabi_ldiv0
 .text          0x0000000000100320      0x3c0 c:/devkitpro/devkitarm/bin/../lib/gcc/arm-none-eabi/9.1.0/armv6k/fpu\libgcc.a(_arm_addsubdf3.o)
                0x0000000000100320                __aeabi_drsub
                0x0000000000100328                __aeabi_dsub
                0x0000000000100328                __subdf3
                0x000000000010032c                __aeabi_dadd
                0x000000000010032c                __adddf3
                0x00000000001005d8                __floatunsidf
                0x00000000001005d8                __aeabi_ui2d
                0x00000000001005fc                __floatsidf
                0x00000000001005fc                __aeabi_i2d
                0x0000000000100624                __aeabi_f2d
                0x0000000000100624                __extendsfdf2
                0x000000000010066c                __floatundidf
                0x000000000010066c                __aeabi_ul2d
                0x0000000000100680                __floatdidf
                0x0000000000100680                __aeabi_l2d
 .text          0x00000000001006e0       0x3c c:/devkitpro/devkitarm/bin/../lib/gcc/arm-none-eabi/9.1.0/armv6k/fpu\libgcc.a(_aeabi_uldivmod.o)
                0x00000000001006e0                __aeabi_uldivmod
 *fill*         0x000000000010071c        0x4 
 .text          0x0000000000100720      0x390 c:/devkitpro/devkitarm/bin/../lib/gcc/arm-none-eabi/9.1.0/../../../../arm-none-eabi/lib/armv6k/fpu\libg.a(lib_a-strcmp.o)
                0x0000000000100728                strcmp
 *(.text.*)
 .text.deregister_tm_clones
                0x0000000000100ab0       0x2c c:/devkitpro/devkitarm/bin/../lib/gcc/arm-none-eabi/9.1.0/armv6k/fpu/crtbegin.o
 .text.register_tm_clones
                0x0000000000100adc       0x38 c:/devkitpro/devkitarm/bin/../lib/gcc/arm-none-eabi/9.1.0/armv6k/fpu/crtbegin.o
 .text.__do_global_dtors_aux
                0x0000000000100b14       0x44 c:/devkitpro/devkitarm/bin/../lib/gcc/arm-none-eabi/9.1.0/armv6k/fpu/crtbegin.o
 .text.frame_dummy
                0x0000000000100b58       0x34 c:/devkitpro/devkitarm/bin/../lib/gcc/arm-none-eabi/9.1.0/armv6k/fpu/crtbegin.o
 .text.startup.main
                0x0000000000100b8c       0xe0 main.o
                0x0000000000100b8c                main
 .text.Aer_CreateSprite
                0x0000000000100c6c       0xe0 AeroCrunch.o
                0x0000000000100c6c                Aer_CreateSprite
 .text.Aer_SpriteCenter
                0x0000000000100d4c       0x38 AeroCrunch.o
                0x0000000000100d4c                Aer_SpriteCenter
 .text.Aer_DrawSprite
                0x0000000000100d84      0x108 AeroCrunch.o
                0x0000000000100d84                Aer_DrawSprite
 .text.Aer_PrepareScene
                0x0000000000100e8c       0x28 AeroCrunch.o
                0x0000000000100e8c                Aer_PrepareScene
 .text.Aer_RenderScreen
                0x0000000000100eb4       0x30 AeroCrunch.o
                0x0000000000100eb4                Aer_RenderScreen
 .text.Aer_DefineLibs
                0x0000000000100ee4       0x1c AeroCrunch.o
                0x0000000000100ee4                Aer_DefineLibs
 .text.Aer_SpritePosition
                0x0000000000100f00       0x38 AeroCrunch.o
                0x0000000000100f00                Aer_SpritePosition
 .text.Aer_SpriteDPadMove
                0x0000000000100f38      0x10c AeroCrunch.o
                0x0000000000100f38                Aer_SpriteDPadMove
 .text.Aer_SpriteCollisionBox
                0x0000000000101044       0x20 AeroCrunch.o
                0x0000000000101044                Aer_SpriteCollisionBox
 .text.Aer_SpriteTouched
                0x0000000000101064       0x90 AeroCrunch.o
                0x0000000000101064                Aer_SpriteTouched
 .text.Aer_SpriteScale
                0x00000000001010f4       0x7c AeroCrunch.o
                0x00000000001010f4                Aer_SpriteScale
 .text.Aer_ChangeSprite
                0x0000000000101170       0xec AeroCrunch.o
                0x0000000000101170                Aer_ChangeSprite
 *fill*         0x000000000010125c        0x4 
 .text.Aer_SpriteRotate
                0x0000000000101260       0x44 AeroCrunch.o
                0x0000000000101260                Aer_SpriteRotate
 .text.Aer_BreakCheck
                0x00000000001012a4       0x18 AeroCrunch.o
                0x00000000001012a4                Aer_BreakCheck
 .text.Aer_SpriteAnimate
                0x00000000001012bc       0xb4 AeroCrunch.o
                0x00000000001012bc                Aer_SpriteAnimate
 .text.Aer_DPadMove
                0x0000000000101370       0x68 AeroCrunch.o
                0x0000000000101370                Aer_DPadMove
 .text.Aer_CameraFollow
                0x00000000001013d8       0x48 AeroCrunch.o
                0x00000000001013d8                Aer_CameraFollow
 .text.Aer_spr_x
                0x0000000000101420       0x1c AeroCrunch.o
                0x0000000000101420                Aer_spr_x
 .text.Aer_spr_y
                0x000000000010143c       0x1c AeroCrunch.o
                0x000000000010143c                Aer_spr_y
 .text.Aer_SpriteConnects
                0x0000000000101458       0x54 AeroCrunch.o
                0x0000000000101458                Aer_SpriteConnects
 .text.Aer_KeyHeld
                0x00000000001014ac       0x20 AeroCrunch.o
                0x00000000001014ac                Aer_KeyHeld
 .text.Aer_SolidSpaceChecker
                0x00000000001014cc      0x138 AeroCrunch.o
                0x00000000001014cc                Aer_SolidSpaceChecker
 .text.Aer_SpriteSmartPlaceRestore
                0x0000000000101604       0xdc AeroCrunch.o
                0x0000000000101604                Aer_SpriteSmartPlaceRestore
 .text.Aer_RenderDistaneOptimize
                0x00000000001016e0       0x14 AeroCrunch.o
                0x00000000001016e0                Aer_RenderDistaneOptimize
 .text.Aer_CameraShiftCenter
                0x00000000001016f4       0x24 AeroCrunch.o
                0x00000000001016f4                Aer_CameraShiftCenter
 .text.Aer_InitIndicator
                0x0000000000101718       0x50 AeroCrunch.o
                0x0000000000101718                Aer_InitIndicator
 .text.Aer_DrawIndicator
                0x0000000000101768      0x130 AeroCrunch.o
                0x0000000000101768                Aer_DrawIndicator
 .text.Aer_MoveTimer
                0x0000000000101898       0x2c AeroCrunch.o
                0x0000000000101898                Aer_MoveTimer
 .text.Aer_TimerDone
                0x00000000001018c4       0x10 AeroCrunch.o
                0x00000000001018c4                Aer_TimerDone
 .text.Aer_ResetTimer
                0x00000000001018d4       0x20 AeroCrunch.o
                0x00000000001018d4                Aer_ResetTimer
 .text.LoadMap  0x00000000001018f4       0x38 scenes_connect.o
                0x00000000001018f4                LoadMap
 .text.Draw_001_top
                0x000000000010192c      0x774 map_001.o
                0x000000000010192c                Draw_001_top
 .text.Draw_001_bottom
                0x00000000001020a0        0x4 map_001.o
                0x00000000001020a0                Draw_001_bottom
 .text.C2D_Init
                0x00000000001020a4      0x330 C:/devkitPro/libctru/lib\libcitro2d.a(base.o)
                0x00000000001020a4                C2D_Init
 .text.C2D_Fini
                0x00000000001023d4       0x44 C:/devkitPro/libctru/lib\libcitro2d.a(base.o)
                0x00000000001023d4                C2D_Fini
 .text.C2D_Prepare
                0x0000000000102418       0xc8 C:/devkitPro/libctru/lib\libcitro2d.a(base.o)
                0x0000000000102418                C2D_Prepare
 .text.C2D_SceneSize
                0x00000000001024e0      0x10c C:/devkitPro/libctru/lib\libcitro2d.a(base.o)
                0x00000000001024e0                C2D_SceneSize
 .text.C2D_CreateScreenTarget
                0x00000000001025ec       0x44 C:/devkitPro/libctru/lib\libcitro2d.a(base.o)
                0x00000000001025ec                C2D_CreateScreenTarget
 .text.C2Di_CalcQuad
                0x0000000000102630      0x13c C:/devkitPro/libctru/lib\libcitro2d.a(base.o)
                0x0000000000102630                C2Di_CalcQuad
 .text.C2Di_FlushVtxBuf
                0x000000000010276c       0x30 C:/devkitPro/libctru/lib\libcitro2d.a(base.o)
                0x000000000010276c                C2Di_FlushVtxBuf
 .text.C2Di_FrameEndHook
                0x000000000010279c       0x20 C:/devkitPro/libctru/lib\libcitro2d.a(base.o)
 .text.C2D_Flush
                0x00000000001027bc       0x18 C:/devkitPro/libctru/lib\libcitro2d.a(base.o)
                0x00000000001027bc                C2D_Flush
 .text.C2D_TargetClear
                0x00000000001027d4       0x30 C:/devkitPro/libctru/lib\libcitro2d.a(base.o)
                0x00000000001027d4                C2D_TargetClear
 .text.C2Di_Update
                0x0000000000102804      0x210 C:/devkitPro/libctru/lib\libcitro2d.a(base.o)
                0x0000000000102804                C2Di_Update
 .text.C2D_DrawImage
                0x0000000000102a14      0x2ec C:/devkitPro/libctru/lib\libcitro2d.a(base.o)
                0x0000000000102a14                C2D_DrawImage
 .text.C2D_SpriteSheetLoadFromHandle
                0x0000000000102d00       0x6c C:/devkitPro/libctru/lib\libcitro2d.a(spritesheet.o)
                0x0000000000102d00                C2D_SpriteSheetLoadFromHandle
 .text.C2D_SpriteSheetLoad
                0x0000000000102d6c       0x34 C:/devkitPro/libctru/lib\libcitro2d.a(spritesheet.o)
                0x0000000000102d6c                C2D_SpriteSheetLoad
 .text.C2D_SpriteSheetFree
                0x0000000000102da0       0x28 C:/devkitPro/libctru/lib\libcitro2d.a(spritesheet.o)
                0x0000000000102da0                C2D_SpriteSheetFree
 .text.C2D_SpriteSheetGetImage
                0x0000000000102dc8       0x28 C:/devkitPro/libctru/lib\libcitro2d.a(spritesheet.o)
                0x0000000000102dc8                C2D_SpriteSheetGetImage
 .text.C3Di_SplitFrame.part.1
                0x0000000000102df0       0xc4 C:/devkitPro/libctru/lib\libcitro3d.a(base.o)
 .text.C3Di_LightEnvUpdate
                0x0000000000102eb4        0x4 C:/devkitPro/libctru/lib\libcitro3d.a(base.o)
                0x0000000000102eb4                C3Di_LightEnvUpdate
 .text.C3Di_LightEnvDirty
                0x0000000000102eb8        0x4 C:/devkitPro/libctru/lib\libcitro3d.a(base.o)
                0x0000000000102eb8                C3Di_LightEnvDirty
 .text.C3Di_AptEventHook
                0x0000000000102ebc       0xac C:/devkitPro/libctru/lib\libcitro3d.a(base.o)
 .text.C3Di_GasUpdate
                0x0000000000102f68        0x4 C:/devkitPro/libctru/lib\libcitro3d.a(base.o)
                0x0000000000102f68                C3Di_GasUpdate
 .text.C3D_Init
                0x0000000000102f6c      0x21c C:/devkitPro/libctru/lib\libcitro3d.a(base.o)
                0x0000000000102f6c                C3D_Init
 .text.C3D_SetViewport
                0x0000000000103188       0x98 C:/devkitPro/libctru/lib\libcitro3d.a(base.o)
                0x0000000000103188                C3D_SetViewport
 .text.C3Di_UpdateContext
                0x0000000000103220      0x50c C:/devkitPro/libctru/lib\libcitro3d.a(base.o)
                0x0000000000103220                C3Di_UpdateContext
 .text.C3Di_SplitFrame
                0x000000000010372c       0x20 C:/devkitPro/libctru/lib\libcitro3d.a(base.o)
                0x000000000010372c                C3Di_SplitFrame
 .text.C3D_Fini
                0x000000000010374c       0x64 C:/devkitPro/libctru/lib\libcitro3d.a(base.o)
                0x000000000010374c                C3D_Fini
 .text.C3D_BindProgram
                0x00000000001037b0      0x114 C:/devkitPro/libctru/lib\libcitro3d.a(base.o)
                0x00000000001037b0                C3D_BindProgram
 .text.C3Di_RenderQueueInit
                0x00000000001038c4       0x54 C:/devkitPro/libctru/lib\libcitro3d.a(renderqueue.o)
 .text.C3Di_RenderTargetDestroy
                0x0000000000103918       0x80 C:/devkitPro/libctru/lib\libcitro3d.a(renderqueue.o)
 .text.onVBlank1
                0x0000000000103998       0xac C:/devkitPro/libctru/lib\libcitro3d.a(renderqueue.o)
 .text.onVBlank0
                0x0000000000103a44      0x13c C:/devkitPro/libctru/lib\libcitro3d.a(renderqueue.o)
 .text.C3Di_RenderTargetNew
                0x0000000000103b80        0xc C:/devkitPro/libctru/lib\libcitro3d.a(renderqueue.o)
 .text.C3Di_WaitAndClearQueue
                0x0000000000103b8c       0x7c C:/devkitPro/libctru/lib\libcitro3d.a(renderqueue.o)
 .text.onQueueFinish
                0x0000000000103c08       0xc0 C:/devkitPro/libctru/lib\libcitro3d.a(renderqueue.o)
 .text.C3D_FrameSplit.part.6
                0x0000000000103cc8       0x44 C:/devkitPro/libctru/lib\libcitro3d.a(renderqueue.o)
 .text.C3D_FrameSync
                0x0000000000103d0c       0x30 C:/devkitPro/libctru/lib\libcitro3d.a(renderqueue.o)
                0x0000000000103d0c                C3D_FrameSync
 .text.C3Di_RenderQueueExit
                0x0000000000103d3c       0xa0 C:/devkitPro/libctru/lib\libcitro3d.a(renderqueue.o)
                0x0000000000103d3c                C3Di_RenderQueueExit
 .text.C3Di_RenderQueueWaitDone
                0x0000000000103ddc       0x20 C:/devkitPro/libctru/lib\libcitro3d.a(renderqueue.o)
                0x0000000000103ddc                C3Di_RenderQueueWaitDone
 .text.C3D_FrameBegin
                0x0000000000103dfc       0x7c C:/devkitPro/libctru/lib\libcitro3d.a(renderqueue.o)
                0x0000000000103dfc                C3D_FrameBegin
 .text.C3D_FrameDrawOn
                0x0000000000103e78       0x48 C:/devkitPro/libctru/lib\libcitro3d.a(renderqueue.o)
                0x0000000000103e78                C3D_FrameDrawOn
 .text.C3D_FrameSplit
                0x0000000000103ec0       0x18 C:/devkitPro/libctru/lib\libcitro3d.a(renderqueue.o)
                0x0000000000103ec0                C3D_FrameSplit
 .text.C3D_FrameEnd
                0x0000000000103ed8      0x164 C:/devkitPro/libctru/lib\libcitro3d.a(renderqueue.o)
                0x0000000000103ed8                C3D_FrameEnd
 .text.C3D_FrameEndHook
                0x000000000010403c       0x1c C:/devkitPro/libctru/lib\libcitro3d.a(renderqueue.o)
                0x000000000010403c                C3D_FrameEndHook
 .text.C3D_RenderTargetCreate
                0x0000000000104058      0x17c C:/devkitPro/libctru/lib\libcitro3d.a(renderqueue.o)
                0x0000000000104058                C3D_RenderTargetCreate
 .text.C3D_RenderTargetSetOutput
                0x00000000001041d4       0x4c C:/devkitPro/libctru/lib\libcitro3d.a(renderqueue.o)
                0x00000000001041d4                C3D_RenderTargetSetOutput
 .text.C3D_SyncTextureCopy
                0x0000000000104220       0xb4 C:/devkitPro/libctru/lib\libcitro3d.a(renderqueue.o)
                0x0000000000104220                C3D_SyncTextureCopy
 .text.C3D_TexInitWithParams
                0x00000000001042d4      0x284 C:/devkitPro/libctru/lib\libcitro3d.a(texture.o)
                0x00000000001042d4                C3D_TexInitWithParams
 .text.C3D_TexLoadImage
                0x0000000000104558       0xdc C:/devkitPro/libctru/lib\libcitro3d.a(texture.o)
                0x0000000000104558                C3D_TexLoadImage
 .text.C3D_TexBind
                0x0000000000104634       0x48 C:/devkitPro/libctru/lib\libcitro3d.a(texture.o)
                0x0000000000104634                C3D_TexBind
 .text.C3D_TexDelete
                0x000000000010467c       0x7c C:/devkitPro/libctru/lib\libcitro3d.a(texture.o)
                0x000000000010467c                C3D_TexDelete
 .text.C3Di_SetTex
                0x00000000001046f8      0x174 C:/devkitPro/libctru/lib\libcitro3d.a(texture.o)
                0x00000000001046f8                C3Di_SetTex
 .text.Tex3DSi_ImportCommon
                0x000000000010486c      0x3e8 C:/devkitPro/libctru/lib\libcitro3d.a(tex3ds.o)
 .text.Tex3DS_TextureImportStdio
                0x0000000000104c54       0x34 C:/devkitPro/libctru/lib\libcitro3d.a(tex3ds.o)
                0x0000000000104c54                Tex3DS_TextureImportStdio
 .text.Tex3DS_GetSubTexture
                0x0000000000104c88       0x1c C:/devkitPro/libctru/lib\libcitro3d.a(tex3ds.o)
                0x0000000000104c88                Tex3DS_GetSubTexture
 .text.Tex3DS_TextureFree
                0x0000000000104ca4        0x4 C:/devkitPro/libctru/lib\libcitro3d.a(tex3ds.o)
                0x0000000000104ca4                Tex3DS_TextureFree
 .text.C3D_CalcColorBufSize
                0x0000000000104ca8       0x1c C:/devkitPro/libctru/lib\libcitro3d.a(framebuffer.o)
                0x0000000000104ca8                C3D_CalcColorBufSize
 .text.C3D_CalcDepthBufSize
                0x0000000000104cc4       0x1c C:/devkitPro/libctru/lib\libcitro3d.a(framebuffer.o)
                0x0000000000104cc4                C3D_CalcDepthBufSize
 .text.C3D_SetFrameBuf
                0x0000000000104ce0       0x44 C:/devkitPro/libctru/lib\libcitro3d.a(framebuffer.o)
                0x0000000000104ce0                C3D_SetFrameBuf
 .text.C3Di_FrameBufBind
                0x0000000000104d24      0x168 C:/devkitPro/libctru/lib\libcitro3d.a(framebuffer.o)
                0x0000000000104d24                C3Di_FrameBufBind
 .text.C3D_FrameBufClear
                0x0000000000104e8c       0xc8 C:/devkitPro/libctru/lib\libcitro3d.a(framebuffer.o)
                0x0000000000104e8c                C3D_FrameBufClear
 .text.C3D_FrameBufTransfer
                0x0000000000104f54       0x48 C:/devkitPro/libctru/lib\libcitro3d.a(framebuffer.o)
                0x0000000000104f54                C3D_FrameBufTransfer
 .text.C3D_GetTexEnv
                0x0000000000104f9c       0x34 C:/devkitPro/libctru/lib\libcitro3d.a(texenv.o)
                0x0000000000104f9c                C3D_GetTexEnv
 .text.C3Di_TexEnvBind
                0x0000000000104fd0       0x24 C:/devkitPro/libctru/lib\libcitro3d.a(texenv.o)
                0x0000000000104fd0                C3Di_TexEnvBind
 .text.C3D_ProcTexInit
                0x0000000000104ff4       0x6c C:/devkitPro/libctru/lib\libcitro3d.a(proctex.o)
                0x0000000000104ff4                C3D_ProcTexInit
 .text.C3D_ProcTexBind
                0x0000000000105060       0x50 C:/devkitPro/libctru/lib\libcitro3d.a(proctex.o)
                0x0000000000105060                C3D_ProcTexBind
 .text.C3D_ProcTexLutBind
                0x00000000001050b0       0x60 C:/devkitPro/libctru/lib\libcitro3d.a(proctex.o)
                0x00000000001050b0                C3D_ProcTexLutBind
 .text.ProcTexLut_FromArray
                0x0000000000105110       0xa4 C:/devkitPro/libctru/lib\libcitro3d.a(proctex.o)
                0x0000000000105110                ProcTexLut_FromArray
 .text.C3Di_ProcTexUpdate
                0x00000000001051b4      0x174 C:/devkitPro/libctru/lib\libcitro3d.a(proctex.o)
                0x00000000001051b4                C3Di_ProcTexUpdate
 .text.C3Di_ProcTexDirty
                0x0000000000105328       0x68 C:/devkitPro/libctru/lib\libcitro3d.a(proctex.o)
                0x0000000000105328                C3Di_ProcTexDirty
 .text.BufInfo_Init
                0x0000000000105390       0x24 C:/devkitPro/libctru/lib\libcitro3d.a(buffers.o)
                0x0000000000105390                BufInfo_Init
 .text.BufInfo_Add
                0x00000000001053b4       0x84 C:/devkitPro/libctru/lib\libcitro3d.a(buffers.o)
                0x00000000001053b4                BufInfo_Add
 .text.C3D_SetBufInfo
                0x0000000000105438       0x40 C:/devkitPro/libctru/lib\libcitro3d.a(buffers.o)
                0x0000000000105438                C3D_SetBufInfo
 .text.C3Di_BufInfoBind
                0x0000000000105478       0x48 C:/devkitPro/libctru/lib\libcitro3d.a(buffers.o)
                0x0000000000105478                C3Di_BufInfoBind
 .text.C3D_DrawArrays
                0x00000000001054c0      0x148 C:/devkitPro/libctru/lib\libcitro3d.a(drawArrays.o)
                0x00000000001054c0                C3D_DrawArrays
 .text.C3D_DepthMap
                0x0000000000105608       0x40 C:/devkitPro/libctru/lib\libcitro3d.a(effect.o)
                0x0000000000105608                C3D_DepthMap
 .text.C3D_CullFace
                0x0000000000105648       0x1c C:/devkitPro/libctru/lib\libcitro3d.a(effect.o)
                0x0000000000105648                C3D_CullFace
 .text.C3D_StencilTest
                0x0000000000105664       0x40 C:/devkitPro/libctru/lib\libcitro3d.a(effect.o)
                0x0000000000105664                C3D_StencilTest
 .text.C3D_StencilOp
                0x00000000001056a4       0x24 C:/devkitPro/libctru/lib\libcitro3d.a(effect.o)
                0x00000000001056a4                C3D_StencilOp
 .text.C3D_BlendingColor
                0x00000000001056c8       0x1c C:/devkitPro/libctru/lib\libcitro3d.a(effect.o)
                0x00000000001056c8                C3D_BlendingColor
 .text.C3D_EarlyDepthTest
                0x00000000001056e4       0x24 C:/devkitPro/libctru/lib\libcitro3d.a(effect.o)
                0x00000000001056e4                C3D_EarlyDepthTest
 .text.C3D_DepthTest
                0x0000000000105708       0x2c C:/devkitPro/libctru/lib\libcitro3d.a(effect.o)
                0x0000000000105708                C3D_DepthTest
 .text.C3D_AlphaTest
                0x0000000000105734       0x2c C:/devkitPro/libctru/lib\libcitro3d.a(effect.o)
                0x0000000000105734                C3D_AlphaTest
 .text.C3D_AlphaBlend
                0x0000000000105760       0x50 C:/devkitPro/libctru/lib\libcitro3d.a(effect.o)
                0x0000000000105760                C3D_AlphaBlend
 .text.C3D_FragOpMode
                0x00000000001057b0       0x30 C:/devkitPro/libctru/lib\libcitro3d.a(effect.o)
                0x00000000001057b0                C3D_FragOpMode
 .text.C3D_FragOpShadow
                0x00000000001057e0       0x44 C:/devkitPro/libctru/lib\libcitro3d.a(effect.o)
                0x00000000001057e0                C3D_FragOpShadow
 .text.C3Di_EffectBind
                0x0000000000105824      0x1ac C:/devkitPro/libctru/lib\libcitro3d.a(effect.o)
                0x0000000000105824                C3Di_EffectBind
 .text.AttrInfo_Init
                0x00000000001059d0       0x28 C:/devkitPro/libctru/lib\libcitro3d.a(attribs.o)
                0x00000000001059d0                AttrInfo_Init
 .text.AttrInfo_AddLoader
                0x00000000001059f8       0xa0 C:/devkitPro/libctru/lib\libcitro3d.a(attribs.o)
                0x00000000001059f8                AttrInfo_AddLoader
 .text.C3D_SetAttrInfo
                0x0000000000105a98       0x54 C:/devkitPro/libctru/lib\libcitro3d.a(attribs.o)
                0x0000000000105a98                C3D_SetAttrInfo
 .text.C3Di_AttrInfoBind
                0x0000000000105aec       0x80 C:/devkitPro/libctru/lib\libcitro3d.a(attribs.o)
                0x0000000000105aec                C3Di_AttrInfoBind
 .text.C3D_ImmSendAttrib
                0x0000000000105b6c       0xa4 C:/devkitPro/libctru/lib\libcitro3d.a(immediate.o)
                0x0000000000105b6c                C3D_ImmSendAttrib
 .text.C3D_UpdateUniforms
                0x0000000000105c10      0x2b8 C:/devkitPro/libctru/lib\libcitro3d.a(uniforms.o)
                0x0000000000105c10                C3D_UpdateUniforms
 .text.C3Di_DirtyUniforms
                0x0000000000105ec8       0xc0 C:/devkitPro/libctru/lib\libcitro3d.a(uniforms.o)
                0x0000000000105ec8                C3Di_DirtyUniforms
 .text.C3Di_LoadShaderUniforms
                0x0000000000105f88       0xe0 C:/devkitPro/libctru/lib\libcitro3d.a(uniforms.o)
                0x0000000000105f88                C3Di_LoadShaderUniforms
 .text.C3Di_ClearShaderUniforms
                0x0000000000106068       0x28 C:/devkitPro/libctru/lib\libcitro3d.a(uniforms.o)
                0x0000000000106068                C3Di_ClearShaderUniforms
 .text.Mtx_Ortho
                0x0000000000106090       0xcc C:/devkitPro/libctru/lib\libcitro3d.a(mtx_ortho.o)
                0x0000000000106090                Mtx_Ortho
 .text.Mtx_OrthoTilt
                0x000000000010615c       0xcc C:/devkitPro/libctru/lib\libcitro3d.a(mtx_orthotilt.o)
                0x000000000010615c                Mtx_OrthoTilt
 .text._ZL21addrMapNodeComparatorPK11rbtree_nodeS1_
                0x0000000000106228       0x24 C:/devkitPro/libctru/lib\libctru.a(vram.o)
 .text._ZL21addrMapNodeDestructorP11rbtree_node
                0x000000000010624c        0x4 C:/devkitPro/libctru/lib\libctru.a(vram.o)
 .text.vramMemAlign
                0x0000000000106250      0x114 C:/devkitPro/libctru/lib\libctru.a(vram.o)
                0x0000000000106250                vramMemAlign
 .text.vramAlloc
                0x0000000000106364        0x8 C:/devkitPro/libctru/lib\libctru.a(vram.o)
                0x0000000000106364                vramAlloc
 .text.vramFree
                0x000000000010636c       0x54 C:/devkitPro/libctru/lib\libctru.a(vram.o)
                0x000000000010636c                vramFree
 .text._ZL21addrMapNodeComparatorPK11rbtree_nodeS1_
                0x00000000001063c0       0x24 C:/devkitPro/libctru/lib\libctru.a(linear.o)
 .text._ZL21addrMapNodeDestructorP11rbtree_node
                0x00000000001063e4        0x4 C:/devkitPro/libctru/lib\libctru.a(linear.o)
 .text.linearMemAlign
                0x00000000001063e8      0x124 C:/devkitPro/libctru/lib\libctru.a(linear.o)
                0x00000000001063e8                linearMemAlign
 .text.linearAlloc
                0x000000000010650c        0x8 C:/devkitPro/libctru/lib\libctru.a(linear.o)
                0x000000000010650c                linearAlloc
 .text.linearFree
                0x0000000000106514       0x54 C:/devkitPro/libctru/lib\libctru.a(linear.o)
                0x0000000000106514                linearFree
 .text._ZN7MemPool13CoalesceRightEP8MemBlock
                0x0000000000106568       0x8c C:/devkitPro/libctru/lib\libctru.a(mem_pool.o)
                0x0000000000106568                MemPool::CoalesceRight(MemBlock*)
 .text._ZN7MemPool8AllocateER8MemChunkmi
                0x00000000001065f4      0x174 C:/devkitPro/libctru/lib\libctru.a(mem_pool.o)
                0x00000000001065f4                MemPool::Allocate(MemChunk&, unsigned long, int)
 .text._ZN7MemPool10DeallocateERK8MemChunk
                0x0000000000106768       0xfc C:/devkitPro/libctru/lib\libctru.a(mem_pool.o)
                0x0000000000106768                MemPool::Deallocate(MemChunk const&)
 .text.romfs_close
                0x0000000000106864        0x8 C:/devkitPro/libctru/lib\libctru.a(romfs_dev.o)
 .text.romfs_seek
                0x000000000010686c       0xd4 C:/devkitPro/libctru/lib\libctru.a(romfs_dev.o)
 .text.romfs_dirreset
                0x0000000000106940       0x24 C:/devkitPro/libctru/lib\libctru.a(romfs_dev.o)
 .text.romfs_fstat
                0x0000000000106964       0x78 C:/devkitPro/libctru/lib\libctru.a(romfs_dev.o)
 .text._romfs_read_chk
                0x00000000001069dc       0x54 C:/devkitPro/libctru/lib\libctru.a(romfs_dev.o)
 .text.romfs_read
                0x0000000000106a30       0xcc C:/devkitPro/libctru/lib\libctru.a(romfs_dev.o)
 .text.romfs_free
                0x0000000000106afc       0x7c C:/devkitPro/libctru/lib\libctru.a(romfs_dev.o)
 .text.romfsMountCommon
                0x0000000000106b78      0x16c C:/devkitPro/libctru/lib\libctru.a(romfs_dev.o)
 .text.romfs_dirnext
                0x0000000000106ce4      0x254 C:/devkitPro/libctru/lib\libctru.a(romfs_dev.o)
 .text.romfsInitMtime.isra.0
                0x0000000000106f38       0xbc C:/devkitPro/libctru/lib\libctru.a(romfs_dev.o)
 .text.searchForFile.constprop.0
                0x0000000000106ff4       0xb4 C:/devkitPro/libctru/lib\libctru.a(romfs_dev.o)
 .text.searchForDir.constprop.0
                0x00000000001070a8       0xb8 C:/devkitPro/libctru/lib\libctru.a(romfs_dev.o)
 .text.navigateToDir.constprop.0
                0x0000000000107160      0x1c4 C:/devkitPro/libctru/lib\libctru.a(romfs_dev.o)
 .text.romfs_open
                0x0000000000107324      0x11c C:/devkitPro/libctru/lib\libctru.a(romfs_dev.o)
 .text.romfs_stat
                0x0000000000107440      0x204 C:/devkitPro/libctru/lib\libctru.a(romfs_dev.o)
 .text.romfs_chdir
                0x0000000000107644       0x54 C:/devkitPro/libctru/lib\libctru.a(romfs_dev.o)
 .text.romfs_diropen
                0x0000000000107698       0x78 C:/devkitPro/libctru/lib\libctru.a(romfs_dev.o)
 .text.romfs_dirclose
                0x0000000000107710        0x8 C:/devkitPro/libctru/lib\libctru.a(romfs_dev.o)
 .text.romfsMount
                0x0000000000107718      0x344 C:/devkitPro/libctru/lib\libctru.a(romfs_dev.o)
                0x0000000000107718                romfsMount
 .text.romfsUnmount
                0x0000000000107a5c       0x78 C:/devkitPro/libctru/lib\libctru.a(romfs_dev.o)
                0x0000000000107a5c                romfsUnmount
 .text.getSysTime
                0x0000000000107ad4       0x58 C:/devkitPro/libctru/lib\libctru.a(os.o)
 .text.__ctru_speedup_config.part.0
                0x0000000000107b2c       0x28 C:/devkitPro/libctru/lib\libctru.a(os.o)
 .text.osConvertVirtToPhys
                0x0000000000107b54       0x4c C:/devkitPro/libctru/lib\libctru.a(os.o)
                0x0000000000107b54                osConvertVirtToPhys
 .text.osGetMemRegionUsed
                0x0000000000107ba0       0x24 C:/devkitPro/libctru/lib\libctru.a(os.o)
                0x0000000000107ba0                osGetMemRegionUsed
 *fill*         0x0000000000107bc4        0x4 
 .text.__libctru_gtod
                0x0000000000107bc8      0x128 C:/devkitPro/libctru/lib\libctru.a(os.o)
                0x0000000000107bc8                __libctru_gtod
 .text.__ctru_speedup_config
                0x0000000000107cf0       0x18 C:/devkitPro/libctru/lib\libctru.a(os.o)
                0x0000000000107cf0                __ctru_speedup_config
 .text.gfxSetFramebufferInfo.part.0
                0x0000000000107d08       0x8c C:/devkitPro/libctru/lib\libctru.a(gfx.o)
 .text.gfxSetFramebufferInfo
                0x0000000000107d94       0x6c C:/devkitPro/libctru/lib\libctru.a(gfx.o)
 .text.gfxGetFramebuffer.part.0
                0x0000000000107e00       0x58 C:/devkitPro/libctru/lib\libctru.a(gfx.o)
 .text.gfxIs3D  0x0000000000107e58       0x10 C:/devkitPro/libctru/lib\libctru.a(gfx.o)
                0x0000000000107e58                gfxIs3D
 .text.__get_bytes_per_pixel
                0x0000000000107e68       0x18 C:/devkitPro/libctru/lib\libctru.a(gfx.o)
                0x0000000000107e68                __get_bytes_per_pixel
 .text.gfxSetScreenFormat
                0x0000000000107e80      0x184 C:/devkitPro/libctru/lib\libctru.a(gfx.o)
                0x0000000000107e80                gfxSetScreenFormat
 .text.gfxInit  0x0000000000108004      0x214 C:/devkitPro/libctru/lib\libctru.a(gfx.o)
                0x0000000000108004                gfxInit
 .text.gfxInitDefault
                0x0000000000108218       0x10 C:/devkitPro/libctru/lib\libctru.a(gfx.o)
                0x0000000000108218                gfxInitDefault
 .text.gfxExit  0x0000000000108228       0xe0 C:/devkitPro/libctru/lib\libctru.a(gfx.o)
                0x0000000000108228                gfxExit
 .text.gfxGetFramebuffer
                0x0000000000108308       0x64 C:/devkitPro/libctru/lib\libctru.a(gfx.o)
                0x0000000000108308                gfxGetFramebuffer
 .text.gfxConfigScreen
                0x000000000010836c       0xf4 C:/devkitPro/libctru/lib\libctru.a(gfx.o)
                0x000000000010836c                gfxConfigScreen
 .text.shaderInstanceInit
                0x0000000000108460      0x1f0 C:/devkitPro/libctru/lib\libctru.a(shaderProgram.o)
                0x0000000000108460                shaderInstanceInit
 .text.shaderInstanceFree
                0x0000000000108650       0x34 C:/devkitPro/libctru/lib\libctru.a(shaderProgram.o)
                0x0000000000108650                shaderInstanceFree
 .text.shaderInstanceGetUniformLocation
                0x0000000000108684       0x18 C:/devkitPro/libctru/lib\libctru.a(shaderProgram.o)
                0x0000000000108684                shaderInstanceGetUniformLocation
 .text.shaderProgramInit
                0x000000000010869c       0x18 C:/devkitPro/libctru/lib\libctru.a(shaderProgram.o)
                0x000000000010869c                shaderProgramInit
 .text.shaderProgramFree
                0x00000000001086b4       0x2c C:/devkitPro/libctru/lib\libctru.a(shaderProgram.o)
                0x00000000001086b4                shaderProgramFree
 .text.shaderProgramSetVsh
                0x00000000001086e0       0x6c C:/devkitPro/libctru/lib\libctru.a(shaderProgram.o)
                0x00000000001086e0                shaderProgramSetVsh
 .text.shaderProgramConfigure
                0x000000000010874c      0x8b4 C:/devkitPro/libctru/lib\libctru.a(shaderProgram.o)
                0x000000000010874c                shaderProgramConfigure
 .text.DVLE_GenerateOutmap.part.0
                0x0000000000109000      0x1f8 C:/devkitPro/libctru/lib\libctru.a(shbin.o)
 .text.DVLB_ParseFile
                0x00000000001091f8      0x1c8 C:/devkitPro/libctru/lib\libctru.a(shbin.o)
                0x00000000001091f8                DVLB_ParseFile
 .text.DVLB_Free
                0x00000000001093c0       0x38 C:/devkitPro/libctru/lib\libctru.a(shbin.o)
                0x00000000001093c0                DVLB_Free
 .text.DVLE_GetUniformRegister
                0x00000000001093f8       0x78 C:/devkitPro/libctru/lib\libctru.a(shbin.o)
                0x00000000001093f8                DVLE_GetUniformRegister
 .text.submitGxCommand
                0x0000000000109470       0x38 C:/devkitPro/libctru/lib\libctru.a(gx.o)
 .text.GX_BindQueue
                0x00000000001094a8       0x10 C:/devkitPro/libctru/lib\libctru.a(gx.o)
                0x00000000001094a8                GX_BindQueue
 .text.GX_ProcessCommandList
                0x00000000001094b8       0x50 C:/devkitPro/libctru/lib\libctru.a(gx.o)
                0x00000000001094b8                GX_ProcessCommandList
 .text.GX_MemoryFill
                0x0000000000109508       0x54 C:/devkitPro/libctru/lib\libctru.a(gx.o)
                0x0000000000109508                GX_MemoryFill
 .text.GX_DisplayTransfer
                0x000000000010955c       0x48 C:/devkitPro/libctru/lib\libctru.a(gx.o)
                0x000000000010955c                GX_DisplayTransfer
 .text.GX_TextureCopy
                0x00000000001095a4       0x4c C:/devkitPro/libctru/lib\libctru.a(gx.o)
                0x00000000001095a4                GX_TextureCopy
 .text.gxCmdQueueDoCommands.part.0
                0x00000000001095f0       0x74 C:/devkitPro/libctru/lib\libctru.a(gxqueue.o)
 .text.gxCmdQueueInterrupt
                0x0000000000109664       0xc8 C:/devkitPro/libctru/lib\libctru.a(gxqueue.o)
                0x0000000000109664                gxCmdQueueInterrupt
 .text.gxCmdQueueClear
                0x000000000010972c       0x4c C:/devkitPro/libctru/lib\libctru.a(gxqueue.o)
                0x000000000010972c                gxCmdQueueClear
 .text.gxCmdQueueAdd
                0x0000000000109778       0xf8 C:/devkitPro/libctru/lib\libctru.a(gxqueue.o)
                0x0000000000109778                gxCmdQueueAdd
 .text.gxCmdQueueRun
                0x0000000000109870       0x80 C:/devkitPro/libctru/lib\libctru.a(gxqueue.o)
                0x0000000000109870                gxCmdQueueRun
 .text.gxCmdQueueStop
                0x00000000001098f0       0x60 C:/devkitPro/libctru/lib\libctru.a(gxqueue.o)
                0x00000000001098f0                gxCmdQueueStop
 .text.gxCmdQueueWait
                0x0000000000109950       0x84 C:/devkitPro/libctru/lib\libctru.a(gxqueue.o)
                0x0000000000109950                gxCmdQueueWait
 .text.GPUCMD_Add
                0x00000000001099d4      0x13c C:/devkitPro/libctru/lib\libctru.a(gpu.o)
                0x00000000001099d4                GPUCMD_Add
 .text.GPUCMD_Split
                0x0000000000109b10       0xb0 C:/devkitPro/libctru/lib\libctru.a(gpu.o)
                0x0000000000109b10                GPUCMD_Split
 .text.f32tof16
                0x0000000000109bc0       0x40 C:/devkitPro/libctru/lib\libctru.a(gpu.o)
                0x0000000000109bc0                f32tof16
 .text.f32tof24
                0x0000000000109c00       0x40 C:/devkitPro/libctru/lib\libctru.a(gpu.o)
                0x0000000000109c00                f32tof24
 .text.f32tof31
                0x0000000000109c40       0x44 C:/devkitPro/libctru/lib\libctru.a(gpu.o)
                0x0000000000109c40                f32tof31
 .text.gspInit  0x0000000000109c84       0x74 C:/devkitPro/libctru/lib\libctru.a(gspgpu.o)
                0x0000000000109c84                gspInit
 .text.gspExit  0x0000000000109cf8       0x3c C:/devkitPro/libctru/lib\libctru.a(gspgpu.o)
                0x0000000000109cf8                gspExit
 .text.gspSetEventCallback
                0x0000000000109d34       0x34 C:/devkitPro/libctru/lib\libctru.a(gspgpu.o)
                0x0000000000109d34                gspSetEventCallback
 .text.gspInitEventHandler
                0x0000000000109d68       0xa4 C:/devkitPro/libctru/lib\libctru.a(gspgpu.o)
                0x0000000000109d68                gspInitEventHandler
 .text.gspExitEventHandler
                0x0000000000109e0c       0x40 C:/devkitPro/libctru/lib\libctru.a(gspgpu.o)
                0x0000000000109e0c                gspExitEventHandler
 .text.gspWaitForEvent
                0x0000000000109e4c       0x50 C:/devkitPro/libctru/lib\libctru.a(gspgpu.o)
                0x0000000000109e4c                gspWaitForEvent
 .text.gspWaitForAnyEvent
                0x0000000000109e9c       0x64 C:/devkitPro/libctru/lib\libctru.a(gspgpu.o)
                0x0000000000109e9c                gspWaitForAnyEvent
 .text.gspEventThreadMain
                0x0000000000109f00      0x178 C:/devkitPro/libctru/lib\libctru.a(gspgpu.o)
 .text.gspSubmitGxCommand
                0x000000000010a078      0x124 C:/devkitPro/libctru/lib\libctru.a(gspgpu.o)
                0x000000000010a078                gspSubmitGxCommand
 .text.GSPGPU_SetBufferSwap
                0x000000000010a19c       0x6c C:/devkitPro/libctru/lib\libctru.a(gspgpu.o)
                0x000000000010a19c                GSPGPU_SetBufferSwap
 .text.GSPGPU_FlushDataCache
                0x000000000010a208       0x4c C:/devkitPro/libctru/lib\libctru.a(gspgpu.o)
                0x000000000010a208                GSPGPU_FlushDataCache
 .text.GSPGPU_SetLcdForceBlack
                0x000000000010a254       0x34 C:/devkitPro/libctru/lib\libctru.a(gspgpu.o)
                0x000000000010a254                GSPGPU_SetLcdForceBlack
 .text.GSPGPU_RegisterInterruptRelayQueue
                0x000000000010a288       0x64 C:/devkitPro/libctru/lib\libctru.a(gspgpu.o)
                0x000000000010a288                GSPGPU_RegisterInterruptRelayQueue
 .text.GSPGPU_UnregisterInterruptRelayQueue
                0x000000000010a2ec       0x2c C:/devkitPro/libctru/lib\libctru.a(gspgpu.o)
                0x000000000010a2ec                GSPGPU_UnregisterInterruptRelayQueue
 .text.GSPGPU_AcquireRight
                0x000000000010a318       0x48 C:/devkitPro/libctru/lib\libctru.a(gspgpu.o)
                0x000000000010a318                GSPGPU_AcquireRight
 .text.GSPGPU_ReleaseRight
                0x000000000010a360       0x2c C:/devkitPro/libctru/lib\libctru.a(gspgpu.o)
                0x000000000010a360                GSPGPU_ReleaseRight
 .text.GSPGPU_ImportDisplayCaptureInfo
                0x000000000010a38c       0x80 C:/devkitPro/libctru/lib\libctru.a(gspgpu.o)
                0x000000000010a38c                GSPGPU_ImportDisplayCaptureInfo
 .text.GSPGPU_SaveVramSysArea
                0x000000000010a40c       0x2c C:/devkitPro/libctru/lib\libctru.a(gspgpu.o)
                0x000000000010a40c                GSPGPU_SaveVramSysArea
 .text.GSPGPU_RestoreVramSysArea
                0x000000000010a438       0x2c C:/devkitPro/libctru/lib\libctru.a(gspgpu.o)
                0x000000000010a438                GSPGPU_RestoreVramSysArea
 .text._aptDebug
                0x000000000010a464        0x4 C:/devkitPro/libctru/lib\libctru.a(apt.o)
                0x000000000010a464                _aptDebug
 .text.aptSendCommand
                0x000000000010a468      0x170 C:/devkitPro/libctru/lib\libctru.a(apt.o)
                0x000000000010a468                aptSendCommand
 .text.aptExitProcess
                0x000000000010a5d8       0x3c C:/devkitPro/libctru/lib\libctru.a(apt.o)
 .text.aptHook  0x000000000010a614       0x30 C:/devkitPro/libctru/lib\libctru.a(apt.o)
                0x000000000010a614                aptHook
 .text.aptUnhook
                0x000000000010a644       0x30 C:/devkitPro/libctru/lib\libctru.a(apt.o)
                0x000000000010a644                aptUnhook
 .text.APT_InquireNotification
                0x000000000010a674       0x50 C:/devkitPro/libctru/lib\libctru.a(apt.o)
                0x000000000010a674                APT_InquireNotification
 .text.aptEventHandler
                0x000000000010a6c4      0x194 C:/devkitPro/libctru/lib\libctru.a(apt.o)
 .text.APT_AppletUtility
                0x000000000010a858       0x74 C:/devkitPro/libctru/lib\libctru.a(apt.o)
                0x000000000010a858                APT_AppletUtility
 .text.aptSetSleepAllowed
                0x000000000010a8cc       0xb0 C:/devkitPro/libctru/lib\libctru.a(apt.o)
                0x000000000010a8cc                aptSetSleepAllowed
 .text.APT_GlanceParameter
                0x000000000010a97c       0xb4 C:/devkitPro/libctru/lib\libctru.a(apt.o)
                0x000000000010a97c                APT_GlanceParameter
 .text.APT_ReceiveParameter
                0x000000000010aa30       0xc8 C:/devkitPro/libctru/lib\libctru.a(apt.o)
                0x000000000010aa30                APT_ReceiveParameter
 .text.aptReceiveParameter.constprop.0
                0x000000000010aaf8       0xbc C:/devkitPro/libctru/lib\libctru.a(apt.o)
 *fill*         0x000000000010abb4        0x4 
 .text.aptScreenTransfer
                0x000000000010abb8      0x1e0 C:/devkitPro/libctru/lib\libctru.a(apt.o)
 .text.aptWaitForWakeUp
                0x000000000010ad98      0x210 C:/devkitPro/libctru/lib\libctru.a(apt.o)
 .text.APT_CancelParameter
                0x000000000010afa8       0x70 C:/devkitPro/libctru/lib\libctru.a(apt.o)
                0x000000000010afa8                APT_CancelParameter
 .text.aptInit  0x000000000010b018      0x25c C:/devkitPro/libctru/lib\libctru.a(apt.o)
                0x000000000010b018                aptInit
 .text.aptClearParamQueue
                0x000000000010b274       0x88 C:/devkitPro/libctru/lib\libctru.a(apt.o)
 .text.aptMainLoop
                0x000000000010b2fc      0x264 C:/devkitPro/libctru/lib\libctru.a(apt.o)
                0x000000000010b2fc                aptMainLoop
 .text.aptExit  0x000000000010b560      0x254 C:/devkitPro/libctru/lib\libctru.a(apt.o)
                0x000000000010b560                aptExit
 .text.APT_CheckNew3DS
                0x000000000010b7b4       0x7c C:/devkitPro/libctru/lib\libctru.a(apt.o)
                0x000000000010b7b4                APT_CheckNew3DS
 .text.hidCheckSectionUpdateTime.part.0
                0x000000000010b830       0x28 C:/devkitPro/libctru/lib\libctru.a(hid.o)
 .text.hidExit  0x000000000010b858       0xd0 C:/devkitPro/libctru/lib\libctru.a(hid.o)
                0x000000000010b858                hidExit
 .text.hidScanInput
                0x000000000010b928      0x1d8 C:/devkitPro/libctru/lib\libctru.a(hid.o)
                0x000000000010b928                hidScanInput
 .text.hidKeysHeld
                0x000000000010bb00       0x10 C:/devkitPro/libctru/lib\libctru.a(hid.o)
                0x000000000010bb00                hidKeysHeld
 .text.HIDUSER_GetHandles
                0x000000000010bb10       0x90 C:/devkitPro/libctru/lib\libctru.a(hid.o)
                0x000000000010bb10                HIDUSER_GetHandles
 .text.hidInit  0x000000000010bba0      0x1a4 C:/devkitPro/libctru/lib\libctru.a(hid.o)
                0x000000000010bba0                hidInit
 .text.ptmSysmInit
                0x000000000010bd44       0x74 C:/devkitPro/libctru/lib\libctru.a(ptmsysm.o)
                0x000000000010bd44                ptmSysmInit
 .text.ptmSysmExit
                0x000000000010bdb8       0x3c C:/devkitPro/libctru/lib\libctru.a(ptmsysm.o)
                0x000000000010bdb8                ptmSysmExit
 .text.PTMSYSM_ConfigureNew3DSCPU
                0x000000000010bdf4       0x34 C:/devkitPro/libctru/lib\libctru.a(ptmsysm.o)
                0x000000000010bdf4                PTMSYSM_ConfigureNew3DSCPU
 .text.fsSessionForArchive.part.0
                0x000000000010be28       0x28 C:/devkitPro/libctru/lib\libctru.a(fs.o)
 .text.fsInit   0x000000000010be50       0xc4 C:/devkitPro/libctru/lib\libctru.a(fs.o)
                0x000000000010be50                fsInit
 .text.fsExit   0x000000000010bf14       0x3c C:/devkitPro/libctru/lib\libctru.a(fs.o)
                0x000000000010bf14                fsExit
 .text.fsExemptFromSession
                0x000000000010bf50       0x64 C:/devkitPro/libctru/lib\libctru.a(fs.o)
                0x000000000010bf50                fsExemptFromSession
 .text.fsUnexemptFromSession
                0x000000000010bfb4       0x5c C:/devkitPro/libctru/lib\libctru.a(fs.o)
                0x000000000010bfb4                fsUnexemptFromSession
 .text.FSUSER_OpenFile
                0x000000000010c010       0xbc C:/devkitPro/libctru/lib\libctru.a(fs.o)
                0x000000000010c010                FSUSER_OpenFile
 .text.FSUSER_OpenFileDirectly
                0x000000000010c0cc       0xd4 C:/devkitPro/libctru/lib\libctru.a(fs.o)
                0x000000000010c0cc                FSUSER_OpenFileDirectly
 .text.FSUSER_DeleteFile
                0x000000000010c1a0       0xac C:/devkitPro/libctru/lib\libctru.a(fs.o)
                0x000000000010c1a0                FSUSER_DeleteFile
 .text.FSUSER_RenameFile
                0x000000000010c24c       0xe8 C:/devkitPro/libctru/lib\libctru.a(fs.o)
                0x000000000010c24c                FSUSER_RenameFile
 .text.FSUSER_DeleteDirectory
                0x000000000010c334       0xac C:/devkitPro/libctru/lib\libctru.a(fs.o)
                0x000000000010c334                FSUSER_DeleteDirectory
 .text.FSUSER_CreateFile
                0x000000000010c3e0       0xc4 C:/devkitPro/libctru/lib\libctru.a(fs.o)
                0x000000000010c3e0                FSUSER_CreateFile
 .text.FSUSER_CreateDirectory
                0x000000000010c4a4       0xb4 C:/devkitPro/libctru/lib\libctru.a(fs.o)
                0x000000000010c4a4                FSUSER_CreateDirectory
 .text.FSUSER_RenameDirectory
                0x000000000010c558       0xe8 C:/devkitPro/libctru/lib\libctru.a(fs.o)
                0x000000000010c558                FSUSER_RenameDirectory
 .text.FSUSER_OpenDirectory
                0x000000000010c640       0xa0 C:/devkitPro/libctru/lib\libctru.a(fs.o)
                0x000000000010c640                FSUSER_OpenDirectory
 .text.FSUSER_OpenArchive
                0x000000000010c6e0       0x98 C:/devkitPro/libctru/lib\libctru.a(fs.o)
                0x000000000010c6e0                FSUSER_OpenArchive
 .text.FSUSER_ControlArchive
                0x000000000010c778       0xa0 C:/devkitPro/libctru/lib\libctru.a(fs.o)
                0x000000000010c778                FSUSER_ControlArchive
 .text.FSUSER_CloseArchive
                0x000000000010c818       0x78 C:/devkitPro/libctru/lib\libctru.a(fs.o)
                0x000000000010c818                FSUSER_CloseArchive
 .text.FSUSER_GetSdmcArchiveResource
                0x000000000010c890       0x78 C:/devkitPro/libctru/lib\libctru.a(fs.o)
                0x000000000010c890                FSUSER_GetSdmcArchiveResource
 .text.FSUSER_IsSdmcWritable
                0x000000000010c908       0x64 C:/devkitPro/libctru/lib\libctru.a(fs.o)
                0x000000000010c908                FSUSER_IsSdmcWritable
 .text.FSFILE_Read
                0x000000000010c96c       0x5c C:/devkitPro/libctru/lib\libctru.a(fs.o)
                0x000000000010c96c                FSFILE_Read
 .text.FSFILE_Write
                0x000000000010c9c8       0x64 C:/devkitPro/libctru/lib\libctru.a(fs.o)
                0x000000000010c9c8                FSFILE_Write
 .text.FSFILE_GetSize
                0x000000000010ca2c       0x38 C:/devkitPro/libctru/lib\libctru.a(fs.o)
                0x000000000010ca2c                FSFILE_GetSize
 .text.FSFILE_SetSize
                0x000000000010ca64       0x28 C:/devkitPro/libctru/lib\libctru.a(fs.o)
                0x000000000010ca64                FSFILE_SetSize
 .text.FSFILE_Close
                0x000000000010ca8c       0x3c C:/devkitPro/libctru/lib\libctru.a(fs.o)
                0x000000000010ca8c                FSFILE_Close
 .text.FSFILE_Flush
                0x000000000010cac8       0x24 C:/devkitPro/libctru/lib\libctru.a(fs.o)
                0x000000000010cac8                FSFILE_Flush
 .text.FSDIR_Read
                0x000000000010caec       0x54 C:/devkitPro/libctru/lib\libctru.a(fs.o)
                0x000000000010caec                FSDIR_Read
 .text.FSDIR_Close
                0x000000000010cb40       0x3c C:/devkitPro/libctru/lib\libctru.a(fs.o)
                0x000000000010cb40                FSDIR_Close
 .text.iov_memmove
                0x000000000010cb7c      0x120 C:/devkitPro/libctru/lib\libctru.a(decompress.o)
 .text.buffer_read
                0x000000000010cc9c       0xcc C:/devkitPro/libctru/lib\libctru.a(decompress.o)
 .text.iov_read
                0x000000000010cd68       0xd8 C:/devkitPro/libctru/lib\libctru.a(decompress.o)
 .text.decompress_rle
                0x000000000010ce40      0x1c4 C:/devkitPro/libctru/lib\libctru.a(decompress.o)
 .text.decompress_lzss
                0x000000000010d004      0x268 C:/devkitPro/libctru/lib\libctru.a(decompress.o)
 .text.decompress_huff.isra.0.part.0
                0x000000000010d26c      0x2ec C:/devkitPro/libctru/lib\libctru.a(decompress.o)
 .text.decompress_lz11
                0x000000000010d558      0x440 C:/devkitPro/libctru/lib\libctru.a(decompress.o)
 .text.decompressCallback_Stdio
                0x000000000010d998       0x10 C:/devkitPro/libctru/lib\libctru.a(decompress.o)
                0x000000000010d998                decompressCallback_Stdio
 .text.decompressHeader
                0x000000000010d9a8       0xe8 C:/devkitPro/libctru/lib\libctru.a(decompress.o)
                0x000000000010d9a8                decompressHeader
 .text.decompressV
                0x000000000010da90      0x23c C:/devkitPro/libctru/lib\libctru.a(decompress.o)
                0x000000000010da90                decompressV
 .text.rbtree_init
                0x000000000010dccc       0x14 C:/devkitPro/libctru/lib\libctru.a(rbtree_init.o)
                0x000000000010dccc                rbtree_init
 .text.do_insert
                0x000000000010dce0      0x1a4 C:/devkitPro/libctru/lib\libctru.a(rbtree_insert.o)
 .text.rbtree_insert
                0x000000000010de84        0x8 C:/devkitPro/libctru/lib\libctru.a(rbtree_insert.o)
                0x000000000010de84                rbtree_insert
 .text.rbtree_rotate
                0x000000000010de8c       0x90 C:/devkitPro/libctru/lib\libctru.a(rbtree_rotate.o)
                0x000000000010de8c                rbtree_rotate
 .text.rbtree_remove
                0x000000000010df1c      0x334 C:/devkitPro/libctru/lib\libctru.a(rbtree_remove.o)
                0x000000000010df1c                rbtree_remove
 .text.rbtree_find
                0x000000000010e250       0x74 C:/devkitPro/libctru/lib\libctru.a(rbtree_find.o)
                0x000000000010e250                rbtree_find
 .text.utf16_to_utf8
                0x000000000010e2c4       0xe8 C:/devkitPro/libctru/lib\libctru.a(utf16_to_utf8.o)
                0x000000000010e2c4                utf16_to_utf8
 .text.decode_utf16
                0x000000000010e3ac       0x60 C:/devkitPro/libctru/lib\libctru.a(decode_utf16.o)
                0x000000000010e3ac                decode_utf16
 .text.utf8_to_utf16
                0x000000000010e40c       0xc0 C:/devkitPro/libctru/lib\libctru.a(utf8_to_utf16.o)
                0x000000000010e40c                utf8_to_utf16
 .text.__libctru_init
                0x000000000010e4cc       0x38 C:/devkitPro/libctru/lib\libctru.a(initSystem.o)
                0x000000000010e4cc                __libctru_init
 .text.__libctru_nanosleep
                0x000000000010e504       0x34 C:/devkitPro/libctru/lib\libctru.a(syscalls.o)
 .text.__ctru_get_reent
                0x000000000010e538       0x30 C:/devkitPro/libctru/lib\libctru.a(syscalls.o)
 .text.__system_initSyscalls
                0x000000000010e568       0xfc C:/devkitPro/libctru/lib\libctru.a(syscalls.o)
                0x000000000010e568                __system_initSyscalls
 .text.__system_allocateHeaps
                0x000000000010e664      0x100 C:/devkitPro/libctru/lib\libctru.a(allocateHeaps.o)
                0x000000000010e664                __system_allocateHeaps
 .text.__system_initArgv
                0x000000000010e764       0xf0 C:/devkitPro/libctru/lib\libctru.a(initArgv.o)
                0x000000000010e764                __system_initArgv
 .text.svcControlMemory
                0x000000000010e854       0x20 C:/devkitPro/libctru/lib\libctru.a(svc.o)
                0x000000000010e854                svcControlMemory
 .text.svcExitProcess
                0x000000000010e874        0x8 C:/devkitPro/libctru/lib\libctru.a(svc.o)
                0x000000000010e874                svcExitProcess
 .text.svcCreateThread
                0x000000000010e87c       0x20 C:/devkitPro/libctru/lib\libctru.a(svc.o)
                0x000000000010e87c                svcCreateThread
 .text.svcExitThread
                0x000000000010e89c        0x8 C:/devkitPro/libctru/lib\libctru.a(svc.o)
                0x000000000010e89c                svcExitThread
 .text.svcSleepThread
                0x000000000010e8a4        0x8 C:/devkitPro/libctru/lib\libctru.a(svc.o)
                0x000000000010e8a4                svcSleepThread
 .text.svcReleaseMutex
                0x000000000010e8ac        0x8 C:/devkitPro/libctru/lib\libctru.a(svc.o)
                0x000000000010e8ac                svcReleaseMutex
 .text.svcCreateEvent
                0x000000000010e8b4       0x14 C:/devkitPro/libctru/lib\libctru.a(svc.o)
                0x000000000010e8b4                svcCreateEvent
 .text.svcSignalEvent
                0x000000000010e8c8        0x8 C:/devkitPro/libctru/lib\libctru.a(svc.o)
                0x000000000010e8c8                svcSignalEvent
 .text.svcClearEvent
                0x000000000010e8d0        0x8 C:/devkitPro/libctru/lib\libctru.a(svc.o)
                0x000000000010e8d0                svcClearEvent
 .text.svcMapMemoryBlock
                0x000000000010e8d8        0x8 C:/devkitPro/libctru/lib\libctru.a(svc.o)
                0x000000000010e8d8                svcMapMemoryBlock
 .text.svcUnmapMemoryBlock
                0x000000000010e8e0        0x8 C:/devkitPro/libctru/lib\libctru.a(svc.o)
                0x000000000010e8e0                svcUnmapMemoryBlock
 .text.svcCreateAddressArbiter
                0x000000000010e8e8       0x14 C:/devkitPro/libctru/lib\libctru.a(svc.o)
                0x000000000010e8e8                svcCreateAddressArbiter
 .text.svcArbitrateAddress
                0x000000000010e8fc       0x18 C:/devkitPro/libctru/lib\libctru.a(svc.o)
                0x000000000010e8fc                svcArbitrateAddress
 .text.svcCloseHandle
                0x000000000010e914        0x8 C:/devkitPro/libctru/lib\libctru.a(svc.o)
                0x000000000010e914                svcCloseHandle
 .text.svcWaitSynchronization
                0x000000000010e91c        0x8 C:/devkitPro/libctru/lib\libctru.a(svc.o)
                0x000000000010e91c                svcWaitSynchronization
 .text.svcWaitSynchronizationN
                0x000000000010e924       0x28 C:/devkitPro/libctru/lib\libctru.a(svc.o)
                0x000000000010e924                svcWaitSynchronizationN
 .text.svcDuplicateHandle
                0x000000000010e94c       0x14 C:/devkitPro/libctru/lib\libctru.a(svc.o)
                0x000000000010e94c                svcDuplicateHandle
 .text.svcGetSystemTick
                0x000000000010e960        0x8 C:/devkitPro/libctru/lib\libctru.a(svc.o)
                0x000000000010e960                svcGetSystemTick
 .text.svcGetSystemInfo
                0x000000000010e968       0x18 C:/devkitPro/libctru/lib\libctru.a(svc.o)
                0x000000000010e968                svcGetSystemInfo
 .text.svcConnectToPort
                0x000000000010e980       0x14 C:/devkitPro/libctru/lib\libctru.a(svc.o)
                0x000000000010e980                svcConnectToPort
 .text.svcSendSyncRequest
                0x000000000010e994        0x8 C:/devkitPro/libctru/lib\libctru.a(svc.o)
                0x000000000010e994                svcSendSyncRequest
 .text.svcBreak
                0x000000000010e99c        0x8 C:/devkitPro/libctru/lib\libctru.a(svc.o)
                0x000000000010e99c                svcBreak
 .text._ZL21addrMapNodeComparatorPK11rbtree_nodeS1_
                0x000000000010e9a4       0x24 C:/devkitPro/libctru/lib\libctru.a(mappable.o)
 .text._ZL21addrMapNodeDestructorP11rbtree_node
                0x000000000010e9c8        0x4 C:/devkitPro/libctru/lib\libctru.a(mappable.o)
 .text.mappableAlloc
                0x000000000010e9cc       0xe8 C:/devkitPro/libctru/lib\libctru.a(mappable.o)
                0x000000000010e9cc                mappableAlloc
 .text.mappableFree
                0x000000000010eab4       0x54 C:/devkitPro/libctru/lib\libctru.a(mappable.o)
                0x000000000010eab4                mappableFree
 .text.LightLock_Unlock.part.0
                0x000000000010eb08       0x38 C:/devkitPro/libctru/lib\libctru.a(synchronization.o)
 .text.__sync_init
                0x000000000010eb40        0xc C:/devkitPro/libctru/lib\libctru.a(synchronization.o)
                0x000000000010eb40                __sync_init
 .text.__sync_fini
                0x000000000010eb4c       0x18 C:/devkitPro/libctru/lib\libctru.a(synchronization.o)
                0x000000000010eb4c                __sync_fini
 .text.__sync_get_arbiter
                0x000000000010eb64       0x10 C:/devkitPro/libctru/lib\libctru.a(synchronization.o)
                0x000000000010eb64                __sync_get_arbiter
 .text.LightLock_Init
                0x000000000010eb74       0x18 C:/devkitPro/libctru/lib\libctru.a(synchronization.o)
                0x000000000010eb74                LightLock_Init
 .text.LightLock_Lock
                0x000000000010eb8c       0x90 C:/devkitPro/libctru/lib\libctru.a(synchronization.o)
                0x000000000010eb8c                LightLock_Lock
 .text.LightLock_TryLock
                0x000000000010ec1c       0x34 C:/devkitPro/libctru/lib\libctru.a(synchronization.o)
                0x000000000010ec1c                LightLock_TryLock
 .text.LightLock_Unlock
                0x000000000010ec50       0x20 C:/devkitPro/libctru/lib\libctru.a(synchronization.o)
                0x000000000010ec50                LightLock_Unlock
 .text.RecursiveLock_Init
                0x000000000010ec70       0x24 C:/devkitPro/libctru/lib\libctru.a(synchronization.o)
                0x000000000010ec70                RecursiveLock_Init
 .text.RecursiveLock_Lock
                0x000000000010ec94       0x30 C:/devkitPro/libctru/lib\libctru.a(synchronization.o)
                0x000000000010ec94                RecursiveLock_Lock
 .text.RecursiveLock_TryLock
                0x000000000010ecc4       0x58 C:/devkitPro/libctru/lib\libctru.a(synchronization.o)
                0x000000000010ecc4                RecursiveLock_TryLock
 .text.RecursiveLock_Unlock
                0x000000000010ed1c       0x38 C:/devkitPro/libctru/lib\libctru.a(synchronization.o)
                0x000000000010ed1c                RecursiveLock_Unlock
 .text.LightEvent_Init
                0x000000000010ed54       0x38 C:/devkitPro/libctru/lib\libctru.a(synchronization.o)
                0x000000000010ed54                LightEvent_Init
 .text.LightEvent_Clear
                0x000000000010ed8c       0x7c C:/devkitPro/libctru/lib\libctru.a(synchronization.o)
                0x000000000010ed8c                LightEvent_Clear
 .text.LightEvent_Signal
                0x000000000010ee08       0xdc C:/devkitPro/libctru/lib\libctru.a(synchronization.o)
                0x000000000010ee08                LightEvent_Signal
 .text.LightEvent_Wait
                0x000000000010eee4       0xc0 C:/devkitPro/libctru/lib\libctru.a(synchronization.o)
                0x000000000010eee4                LightEvent_Wait
 .text.envGetHandle
                0x000000000010efa4       0x84 C:/devkitPro/libctru/lib\libctru.a(env.o)
                0x000000000010efa4                envGetHandle
 .text.envDestroyHandles
                0x000000000010f028       0x4c C:/devkitPro/libctru/lib\libctru.a(env.o)
                0x000000000010f028                envDestroyHandles
 .text.srvExit  0x000000000010f074       0x58 C:/devkitPro/libctru/lib\libctru.a(srv.o)
                0x000000000010f074                srvExit
 .text.srvRegisterClient
                0x000000000010f0cc       0x38 C:/devkitPro/libctru/lib\libctru.a(srv.o)
                0x000000000010f0cc                srvRegisterClient
 .text.srvInit  0x000000000010f104       0xcc C:/devkitPro/libctru/lib\libctru.a(srv.o)
                0x000000000010f104                srvInit
 .text.srvGetServiceHandleDirect
                0x000000000010f1d0       0x80 C:/devkitPro/libctru/lib\libctru.a(srv.o)
                0x000000000010f1d0                srvGetServiceHandleDirect
 .text.srvGetServiceHandle
                0x000000000010f250       0x48 C:/devkitPro/libctru/lib\libctru.a(srv.o)
                0x000000000010f250                srvGetServiceHandle
 .text.threadFree.part.0
                0x000000000010f298       0x1c C:/devkitPro/libctru/lib\libctru.a(thread.o)
 .text.threadCreate
                0x000000000010f2b4      0x180 C:/devkitPro/libctru/lib\libctru.a(thread.o)
                0x000000000010f2b4                threadCreate
 .text.threadJoin
                0x000000000010f434       0x24 C:/devkitPro/libctru/lib\libctru.a(thread.o)
                0x000000000010f434                threadJoin
 .text.threadExit
                0x000000000010f458       0x68 C:/devkitPro/libctru/lib\libctru.a(thread.o)
                0x000000000010f458                threadExit
 .text._thread_begin
                0x000000000010f4c0       0x48 C:/devkitPro/libctru/lib\libctru.a(thread.o)
 .text.irrstScanInput
                0x000000000010f508       0xac C:/devkitPro/libctru/lib\libctru.a(irrst.o)
                0x000000000010f508                irrstScanInput
 .text.irrstKeysHeld
                0x000000000010f5b4       0x24 C:/devkitPro/libctru/lib\libctru.a(irrst.o)
                0x000000000010f5b4                irrstKeysHeld
 .text.IRRST_GetHandles
                0x000000000010f5d8       0x50 C:/devkitPro/libctru/lib\libctru.a(irrst.o)
                0x000000000010f5d8                IRRST_GetHandles
 .text.irrstInit
                0x000000000010f628      0x154 C:/devkitPro/libctru/lib\libctru.a(irrst.o)
                0x000000000010f628                irrstInit
 .text.IRRST_Shutdown
                0x000000000010f77c       0x2c C:/devkitPro/libctru/lib\libctru.a(irrst.o)
                0x000000000010f77c                IRRST_Shutdown
 .text.irrstExit
                0x000000000010f7a8       0xac C:/devkitPro/libctru/lib\libctru.a(irrst.o)
                0x000000000010f7a8                irrstExit
 .text.srvPmGetSessionHandle
                0x000000000010f854        0xc C:/devkitPro/libctru/lib\libctru.a(srvpm.o)
                0x000000000010f854                srvPmGetSessionHandle
 .text.rbtree_node_next
                0x000000000010f860       0x50 C:/devkitPro/libctru/lib\libctru.a(rbtree_iterator.o)
                0x000000000010f860                rbtree_node_next
 .text.encode_utf16
                0x000000000010f8b0       0x68 C:/devkitPro/libctru/lib\libctru.a(encode_utf16.o)
                0x000000000010f8b0                encode_utf16
 .text.encode_utf8
                0x000000000010f918      0x104 C:/devkitPro/libctru/lib\libctru.a(encode_utf8.o)
                0x000000000010f918                encode_utf8
 .text.decode_utf8
                0x000000000010fa1c      0x138 C:/devkitPro/libctru/lib\libctru.a(decode_utf8.o)
                0x000000000010fa1c                decode_utf8
 .text.__appInit
                0x000000000010fb54       0x1c C:/devkitPro/libctru/lib\libctru.a(appInit.o)
                0x000000000010fb54                __appInit
 .text.__appExit
                0x000000000010fb70       0x1c C:/devkitPro/libctru/lib\libctru.a(appExit.o)
                0x000000000010fb70                __appExit
 .text.__libctru_exit
                0x000000000010fb8c       0xa0 C:/devkitPro/libctru/lib\libctru.a(ctru_exit.o)
                0x000000000010fb8c                __libctru_exit
 .text.sdmc_link
                0x000000000010fc2c       0x14 C:/devkitPro/libctru/lib\libctru.a(sdmc_dev.o)
 .text.sdmc_dirreset
                0x000000000010fc40       0x14 C:/devkitPro/libctru/lib\libctru.a(sdmc_dev.o)
 .text.sdmc_chmod
                0x000000000010fc54       0x14 C:/devkitPro/libctru/lib\libctru.a(sdmc_dev.o)
 .text.error_cmp
                0x000000000010fc68       0x24 C:/devkitPro/libctru/lib\libctru.a(sdmc_dev.o)
 .text.sdmc_translate_error
                0x000000000010fc8c       0x50 C:/devkitPro/libctru/lib\libctru.a(sdmc_dev.o)
 .text.sdmc_fsync
                0x000000000010fcdc       0x34 C:/devkitPro/libctru/lib\libctru.a(sdmc_dev.o)
 .text.sdmc_ftruncate
                0x000000000010fd10       0x54 C:/devkitPro/libctru/lib\libctru.a(sdmc_dev.o)
 .text.sdmc_statvfs
                0x000000000010fd64       0xbc C:/devkitPro/libctru/lib\libctru.a(sdmc_dev.o)
 .text.sdmc_dirclose
                0x000000000010fe20       0x38 C:/devkitPro/libctru/lib\libctru.a(sdmc_dev.o)
 .text.sdmc_dirnext
                0x000000000010fe58      0x13c C:/devkitPro/libctru/lib\libctru.a(sdmc_dev.o)
 .text.sdmc_close
                0x000000000010ff94       0x34 C:/devkitPro/libctru/lib\libctru.a(sdmc_dev.o)
 .text.sdmc_fstat
                0x000000000010ffc8       0x70 C:/devkitPro/libctru/lib\libctru.a(sdmc_dev.o)
 .text.sdmc_seek
                0x0000000000110038       0xd4 C:/devkitPro/libctru/lib\libctru.a(sdmc_dev.o)
 .text.sdmc_read
                0x000000000011010c       0x78 C:/devkitPro/libctru/lib\libctru.a(sdmc_dev.o)
 .text.sdmc_write
                0x0000000000110184       0xac C:/devkitPro/libctru/lib\libctru.a(sdmc_dev.o)
 .text.sdmc_utf16path
                0x0000000000110230      0x1b0 C:/devkitPro/libctru/lib\libctru.a(sdmc_dev.o)
 .text.sdmc_rmdir
                0x00000000001103e0       0x74 C:/devkitPro/libctru/lib\libctru.a(sdmc_dev.o)
 .text.sdmc_diropen
                0x0000000000110454       0xa4 C:/devkitPro/libctru/lib\libctru.a(sdmc_dev.o)
 .text.sdmc_chdir
                0x00000000001104f8       0xac C:/devkitPro/libctru/lib\libctru.a(sdmc_dev.o)
 .text.sdmc_mkdir
                0x00000000001105a4       0x98 C:/devkitPro/libctru/lib\libctru.a(sdmc_dev.o)
 .text.sdmc_rename
                0x000000000011063c      0x108 C:/devkitPro/libctru/lib\libctru.a(sdmc_dev.o)
 .text.sdmc_unlink
                0x0000000000110744       0x74 C:/devkitPro/libctru/lib\libctru.a(sdmc_dev.o)
 .text.sdmc_stat
                0x00000000001107b8      0x108 C:/devkitPro/libctru/lib\libctru.a(sdmc_dev.o)
 .text.sdmc_open
                0x00000000001108c0      0x198 C:/devkitPro/libctru/lib\libctru.a(sdmc_dev.o)
 .text.sdmc_fchmod
                0x0000000000110a58       0x14 C:/devkitPro/libctru/lib\libctru.a(sdmc_dev.o)
 .text.sdmcInit
                0x0000000000110a6c      0x168 C:/devkitPro/libctru/lib\libctru.a(sdmc_dev.o)
                0x0000000000110a6c                sdmcInit
 .text.sdmcExit
                0x0000000000110bd4       0x60 C:/devkitPro/libctru/lib\libctru.a(sdmc_dev.o)
                0x0000000000110bd4                sdmcExit
 .text.__aeabi_read_tp
                0x0000000000110c34        0xc C:/devkitPro/libctru/lib\libctru.a(readtp.o)
                0x0000000000110c34                __aeabi_read_tp
 .text.cosf     0x0000000000110c40      0x244 c:/devkitpro/devkitarm/bin/../lib/gcc/arm-none-eabi/9.1.0/../../../../arm-none-eabi/lib/armv6k/fpu\libm.a(lib_a-cosf.o)
                0x0000000000110c40                cosf
 .text.with_errnof
                0x0000000000110e84       0x24 c:/devkitpro/devkitarm/bin/../lib/gcc/arm-none-eabi/9.1.0/../../../../arm-none-eabi/lib/armv6k/fpu\libm.a(lib_a-math_errf.o)
 .text.__math_invalidf
                0x0000000000110ea8       0x1c c:/devkitpro/devkitarm/bin/../lib/gcc/arm-none-eabi/9.1.0/../../../../arm-none-eabi/lib/armv6k/fpu\libm.a(lib_a-math_errf.o)
                0x0000000000110ea8                __math_invalidf
 *fill*         0x0000000000110ec4        0x4 
 .text.sinf     0x0000000000110ec8      0x26c c:/devkitpro/devkitarm/bin/../lib/gcc/arm-none-eabi/9.1.0/../../../../arm-none-eabi/lib/armv6k/fpu\libm.a(lib_a-sinf.o)
                0x0000000000110ec8                sinf
 *fill*         0x0000000000111134        0x4 
 .text.fmod     0x0000000000111138      0x108 c:/devkitpro/devkitarm/bin/../lib/gcc/arm-none-eabi/9.1.0/../../../../arm-none-eabi/lib/armv6k/fpu\libm.a(lib_a-w_fmod.o)
                0x0000000000111138                fmod
 .text.__ieee754_fmod
                0x0000000000111240      0x3b8 c:/devkitpro/devkitarm/bin/../lib/gcc/arm-none-eabi/9.1.0/../../../../arm-none-eabi/lib/armv6k/fpu\libm.a(lib_a-e_fmod.o)
                0x0000000000111240                __ieee754_fmod
 .text.matherr  0x00000000001115f8        0x8 c:/devkitpro/devkitarm/bin/../lib/gcc/arm-none-eabi/9.1.0/../../../../arm-none-eabi/lib/armv6k/fpu\libm.a(lib_a-s_matherr.o)
                0x00000000001115f8                matherr
 .text.__fixdfdi
                0x0000000000111600       0x38 c:/devkitpro/devkitarm/bin/../lib/gcc/arm-none-eabi/9.1.0/armv6k/fpu\libgcc.a(_fixdfdi.o)
                0x0000000000111600                __fixdfdi
                0x0000000000111600                __aeabi_d2lz
 .text.__fixunsdfdi
                0x0000000000111638       0x40 c:/devkitpro/devkitarm/bin/../lib/gcc/arm-none-eabi/9.1.0/armv6k/fpu\libgcc.a(_fixunsdfdi.o)
                0x0000000000111638                __fixunsdfdi
                0x0000000000111638                __aeabi_d2ulz
 .text.__udivmoddi4
                0x0000000000111678      0x130 c:/devkitpro/devkitarm/bin/../lib/gcc/arm-none-eabi/9.1.0/armv6k/fpu\libgcc.a(_udivmoddi4.o)
                0x0000000000111678                __udivmoddi4
 .text.bsearch  0x00000000001117a8       0x7c c:/devkitpro/devkitarm/bin/../lib/gcc/arm-none-eabi/9.1.0/../../../../arm-none-eabi/lib/armv6k/fpu\libg.a(lib_a-bsearch.o)
                0x00000000001117a8                bsearch
 .text.calloc   0x0000000000111824       0x28 c:/devkitpro/devkitarm/bin/../lib/gcc/arm-none-eabi/9.1.0/../../../../arm-none-eabi/lib/armv6k/fpu\libg.a(lib_a-calloc.o)
                0x0000000000111824                calloc
 .text._calloc_r
                0x000000000011184c       0x94 c:/devkitpro/devkitarm/bin/../lib/gcc/arm-none-eabi/9.1.0/../../../../arm-none-eabi/lib/armv6k/fpu\libg.a(lib_a-callocr.o)
                0x000000000011184c                _calloc_r
 .text.__errno  0x00000000001118e0        0xc c:/devkitpro/devkitarm/bin/../lib/gcc/arm-none-eabi/9.1.0/../../../../arm-none-eabi/lib/armv6k/fpu\libg.a(lib_a-errno.o)
                0x00000000001118e0                __errno
 .text.exit     0x00000000001118ec       0x34 c:/devkitpro/devkitarm/bin/../lib/gcc/arm-none-eabi/9.1.0/../../../../arm-none-eabi/lib/armv6k/fpu\libg.a(lib_a-exit.o)
                0x00000000001118ec                exit
 .text._fclose_r
                0x0000000000111920      0x160 c:/devkitpro/devkitarm/bin/../lib/gcc/arm-none-eabi/9.1.0/../../../../arm-none-eabi/lib/armv6k/fpu\libg.a(lib_a-fclose.o)
                0x0000000000111920                _fclose_r
 .text.fclose   0x0000000000111a80       0x20 c:/devkitpro/devkitarm/bin/../lib/gcc/arm-none-eabi/9.1.0/../../../../arm-none-eabi/lib/armv6k/fpu\libg.a(lib_a-fclose.o)
                0x0000000000111a80                fclose
 .text.__sflush_r
                0x0000000000111aa0      0x278 c:/devkitpro/devkitarm/bin/../lib/gcc/arm-none-eabi/9.1.0/../../../../arm-none-eabi/lib/armv6k/fpu\libg.a(lib_a-fflush.o)
                0x0000000000111aa0                __sflush_r
 .text._fflush_r
                0x0000000000111d18       0x94 c:/devkitpro/devkitarm/bin/../lib/gcc/arm-none-eabi/9.1.0/../../../../arm-none-eabi/lib/armv6k/fpu\libg.a(lib_a-fflush.o)
                0x0000000000111d18                _fflush_r
 .text.fflush   0x0000000000111dac       0x38 c:/devkitpro/devkitarm/bin/../lib/gcc/arm-none-eabi/9.1.0/../../../../arm-none-eabi/lib/armv6k/fpu\libg.a(lib_a-fflush.o)
                0x0000000000111dac                fflush
 .text.std      0x0000000000111de4       0x78 c:/devkitpro/devkitarm/bin/../lib/gcc/arm-none-eabi/9.1.0/../../../../arm-none-eabi/lib/armv6k/fpu\libg.a(lib_a-findfp.o)
 .text._cleanup_r
                0x0000000000111e5c        0xc c:/devkitpro/devkitarm/bin/../lib/gcc/arm-none-eabi/9.1.0/../../../../arm-none-eabi/lib/armv6k/fpu\libg.a(lib_a-findfp.o)
                0x0000000000111e5c                _cleanup_r
 .text.__sfmoreglue
                0x0000000000111e68       0x48 c:/devkitpro/devkitarm/bin/../lib/gcc/arm-none-eabi/9.1.0/../../../../arm-none-eabi/lib/armv6k/fpu\libg.a(lib_a-findfp.o)
                0x0000000000111e68                __sfmoreglue
 .text.__sinit  0x0000000000111eb0       0x8c c:/devkitpro/devkitarm/bin/../lib/gcc/arm-none-eabi/9.1.0/../../../../arm-none-eabi/lib/armv6k/fpu\libg.a(lib_a-findfp.o)
                0x0000000000111eb0                __sinit
 .text.__sfp    0x0000000000111f3c      0x10c c:/devkitpro/devkitarm/bin/../lib/gcc/arm-none-eabi/9.1.0/../../../../arm-none-eabi/lib/armv6k/fpu\libg.a(lib_a-findfp.o)
                0x0000000000111f3c                __sfp
 .text.__sfp_lock_acquire
                0x0000000000112048        0xc c:/devkitpro/devkitarm/bin/../lib/gcc/arm-none-eabi/9.1.0/../../../../arm-none-eabi/lib/armv6k/fpu\libg.a(lib_a-findfp.o)
                0x0000000000112048                __sfp_lock_acquire
 .text.__sfp_lock_release
                0x0000000000112054        0xc c:/devkitpro/devkitarm/bin/../lib/gcc/arm-none-eabi/9.1.0/../../../../arm-none-eabi/lib/armv6k/fpu\libg.a(lib_a-findfp.o)
                0x0000000000112054                __sfp_lock_release
 .text.__libc_fini_array
                0x0000000000112060       0x3c c:/devkitpro/devkitarm/bin/../lib/gcc/arm-none-eabi/9.1.0/../../../../arm-none-eabi/lib/armv6k/fpu\libg.a(lib_a-fini.o)
                0x0000000000112060                __libc_fini_array
 .text._fopen_r
                0x000000000011209c      0x138 c:/devkitpro/devkitarm/bin/../lib/gcc/arm-none-eabi/9.1.0/../../../../arm-none-eabi/lib/armv6k/fpu\libg.a(lib_a-fopen.o)
                0x000000000011209c                _fopen_r
 .text.fopen    0x00000000001121d4       0x28 c:/devkitpro/devkitarm/bin/../lib/gcc/arm-none-eabi/9.1.0/../../../../arm-none-eabi/lib/armv6k/fpu\libg.a(lib_a-fopen.o)
                0x00000000001121d4                fopen
 .text._fread_r
                0x00000000001121fc      0x2e0 c:/devkitpro/devkitarm/bin/../lib/gcc/arm-none-eabi/9.1.0/../../../../arm-none-eabi/lib/armv6k/fpu\libg.a(lib_a-fread.o)
                0x00000000001121fc                _fread_r
 .text.fread    0x00000000001124dc       0x38 c:/devkitpro/devkitarm/bin/../lib/gcc/arm-none-eabi/9.1.0/../../../../arm-none-eabi/lib/armv6k/fpu\libg.a(lib_a-fread.o)
                0x00000000001124dc                fread
 .text._malloc_trim_r
                0x0000000000112514       0xf8 c:/devkitpro/devkitarm/bin/../lib/gcc/arm-none-eabi/9.1.0/../../../../arm-none-eabi/lib/armv6k/fpu\libg.a(lib_a-freer.o)
                0x0000000000112514                _malloc_trim_r
 .text._free_r  0x000000000011260c      0x2e8 c:/devkitpro/devkitarm/bin/../lib/gcc/arm-none-eabi/9.1.0/../../../../arm-none-eabi/lib/armv6k/fpu\libg.a(lib_a-freer.o)
                0x000000000011260c                _free_r
 .text._fseek_r
                0x00000000001128f4       0x20 c:/devkitpro/devkitarm/bin/../lib/gcc/arm-none-eabi/9.1.0/../../../../arm-none-eabi/lib/armv6k/fpu\libg.a(lib_a-fseek.o)
                0x00000000001128f4                _fseek_r
 .text._fseeko_r
                0x0000000000112914      0x5ac c:/devkitpro/devkitarm/bin/../lib/gcc/arm-none-eabi/9.1.0/../../../../arm-none-eabi/lib/armv6k/fpu\libg.a(lib_a-fseeko.o)
                0x0000000000112914                _fseeko_r
 .text._fwalk   0x0000000000112ec0       0x68 c:/devkitpro/devkitarm/bin/../lib/gcc/arm-none-eabi/9.1.0/../../../../arm-none-eabi/lib/armv6k/fpu\libg.a(lib_a-fwalk.o)
                0x0000000000112ec0                _fwalk
 .text._fwalk_reent
                0x0000000000112f28       0x70 c:/devkitpro/devkitarm/bin/../lib/gcc/arm-none-eabi/9.1.0/../../../../arm-none-eabi/lib/armv6k/fpu\libg.a(lib_a-fwalk.o)
                0x0000000000112f28                _fwalk_reent
 .text.__libc_init_array
                0x0000000000112f98       0x7c c:/devkitpro/devkitarm/bin/../lib/gcc/arm-none-eabi/9.1.0/../../../../arm-none-eabi/lib/armv6k/fpu\libg.a(lib_a-init.o)
                0x0000000000112f98                __libc_init_array
 .text.__swhatbuf_r
                0x0000000000113014       0x94 c:/devkitpro/devkitarm/bin/../lib/gcc/arm-none-eabi/9.1.0/../../../../arm-none-eabi/lib/armv6k/fpu\libg.a(lib_a-makebuf.o)
                0x0000000000113014                __swhatbuf_r
 .text.__smakebuf_r
                0x00000000001130a8       0xf8 c:/devkitpro/devkitarm/bin/../lib/gcc/arm-none-eabi/9.1.0/../../../../arm-none-eabi/lib/armv6k/fpu\libg.a(lib_a-makebuf.o)
                0x00000000001130a8                __smakebuf_r
 .text.memalign
                0x00000000001131a0       0x28 c:/devkitpro/devkitarm/bin/../lib/gcc/arm-none-eabi/9.1.0/../../../../arm-none-eabi/lib/armv6k/fpu\libg.a(lib_a-malign.o)
                0x00000000001131a0                memalign
 .text._memalign_r
                0x00000000001131c8      0x14c c:/devkitpro/devkitarm/bin/../lib/gcc/arm-none-eabi/9.1.0/../../../../arm-none-eabi/lib/armv6k/fpu\libg.a(lib_a-malignr.o)
                0x00000000001131c8                _memalign_r
 .text.malloc   0x0000000000113314       0x20 c:/devkitpro/devkitarm/bin/../lib/gcc/arm-none-eabi/9.1.0/../../../../arm-none-eabi/lib/armv6k/fpu\libg.a(lib_a-malloc.o)
                0x0000000000113314                malloc
 .text.free     0x0000000000113334       0x20 c:/devkitpro/devkitarm/bin/../lib/gcc/arm-none-eabi/9.1.0/../../../../arm-none-eabi/lib/armv6k/fpu\libg.a(lib_a-malloc.o)
                0x0000000000113334                free
 .text._malloc_r
                0x0000000000113354      0x7d0 c:/devkitpro/devkitarm/bin/../lib/gcc/arm-none-eabi/9.1.0/../../../../arm-none-eabi/lib/armv6k/fpu\libg.a(lib_a-mallocr.o)
                0x0000000000113354                _malloc_r
 .text.memcmp   0x0000000000113b24       0xa0 c:/devkitpro/devkitarm/bin/../lib/gcc/arm-none-eabi/9.1.0/../../../../arm-none-eabi/lib/armv6k/fpu\libg.a(lib_a-memcmp.o)
                0x0000000000113b24                memcmp
 .text.memcpy   0x0000000000113bc4      0x120 c:/devkitpro/devkitarm/bin/../lib/gcc/arm-none-eabi/9.1.0/../../../../arm-none-eabi/lib/armv6k/fpu\libg.a(lib_a-memcpy-stub.o)
                0x0000000000113bc4                memcpy
 .text.memset   0x0000000000113ce4      0x118 c:/devkitpro/devkitarm/bin/../lib/gcc/arm-none-eabi/9.1.0/../../../../arm-none-eabi/lib/armv6k/fpu\libg.a(lib_a-memset.o)
                0x0000000000113ce4                memset
 .text.__malloc_lock
                0x0000000000113dfc        0xc c:/devkitpro/devkitarm/bin/../lib/gcc/arm-none-eabi/9.1.0/../../../../arm-none-eabi/lib/armv6k/fpu\libg.a(lib_a-mlock.o)
                0x0000000000113dfc                __malloc_lock
 .text.__malloc_unlock
                0x0000000000113e08        0xc c:/devkitpro/devkitarm/bin/../lib/gcc/arm-none-eabi/9.1.0/../../../../arm-none-eabi/lib/armv6k/fpu\libg.a(lib_a-mlock.o)
                0x0000000000113e08                __malloc_unlock
 .text.srand    0x0000000000113e14       0x1c c:/devkitpro/devkitarm/bin/../lib/gcc/arm-none-eabi/9.1.0/../../../../arm-none-eabi/lib/armv6k/fpu\libg.a(lib_a-rand.o)
                0x0000000000113e14                srand
 .text.rand     0x0000000000113e30       0x44 c:/devkitpro/devkitarm/bin/../lib/gcc/arm-none-eabi/9.1.0/../../../../arm-none-eabi/lib/armv6k/fpu\libg.a(lib_a-rand.o)
                0x0000000000113e30                rand
 .text.lflush   0x0000000000113e74       0x1c c:/devkitpro/devkitarm/bin/../lib/gcc/arm-none-eabi/9.1.0/../../../../arm-none-eabi/lib/armv6k/fpu\libg.a(lib_a-refill.o)
 .text.__srefill_r
                0x0000000000113e90      0x1ac c:/devkitpro/devkitarm/bin/../lib/gcc/arm-none-eabi/9.1.0/../../../../arm-none-eabi/lib/armv6k/fpu\libg.a(lib_a-refill.o)
                0x0000000000113e90                __srefill_r
 .text.__sread  0x000000000011403c       0x3c c:/devkitpro/devkitarm/bin/../lib/gcc/arm-none-eabi/9.1.0/../../../../arm-none-eabi/lib/armv6k/fpu\libg.a(lib_a-stdio.o)
                0x000000000011403c                __sread
 .text.__swrite
                0x0000000000114078       0x68 c:/devkitpro/devkitarm/bin/../lib/gcc/arm-none-eabi/9.1.0/../../../../arm-none-eabi/lib/armv6k/fpu\libg.a(lib_a-stdio.o)
                0x0000000000114078                __swrite
 .text.__sseek  0x00000000001140e0       0x58 c:/devkitpro/devkitarm/bin/../lib/gcc/arm-none-eabi/9.1.0/../../../../arm-none-eabi/lib/armv6k/fpu\libg.a(lib_a-stdio.o)
                0x00000000001140e0                __sseek
 .text.__sclose
                0x0000000000114138        0x8 c:/devkitpro/devkitarm/bin/../lib/gcc/arm-none-eabi/9.1.0/../../../../arm-none-eabi/lib/armv6k/fpu\libg.a(lib_a-stdio.o)
                0x0000000000114138                __sclose
 .text.strchr   0x0000000000114140      0x144 c:/devkitpro/devkitarm/bin/../lib/gcc/arm-none-eabi/9.1.0/../../../../arm-none-eabi/lib/armv6k/fpu\libg.a(lib_a-strchr.o)
                0x0000000000114140                strchr
 .text.strlen   0x0000000000114284       0x5c c:/devkitpro/devkitarm/bin/../lib/gcc/arm-none-eabi/9.1.0/../../../../arm-none-eabi/lib/armv6k/fpu\libg.a(lib_a-strlen-stub.o)
                0x0000000000114284                strlen
 .text.strncat  0x00000000001142e0       0x98 c:/devkitpro/devkitarm/bin/../lib/gcc/arm-none-eabi/9.1.0/../../../../arm-none-eabi/lib/armv6k/fpu\libg.a(lib_a-strncat.o)
                0x00000000001142e0                strncat
 .text.strncmp  0x0000000000114378       0xec c:/devkitpro/devkitarm/bin/../lib/gcc/arm-none-eabi/9.1.0/../../../../arm-none-eabi/lib/armv6k/fpu\libg.a(lib_a-strncmp.o)
                0x0000000000114378                strncmp
 .text.strncpy  0x0000000000114464       0xc0 c:/devkitpro/devkitarm/bin/../lib/gcc/arm-none-eabi/9.1.0/../../../../arm-none-eabi/lib/armv6k/fpu\libg.a(lib_a-strncpy.o)
                0x0000000000114464                strncpy
 .text.strnlen  0x0000000000114524       0x48 c:/devkitpro/devkitarm/bin/../lib/gcc/arm-none-eabi/9.1.0/../../../../arm-none-eabi/lib/armv6k/fpu\libg.a(lib_a-strnlen.o)
                0x0000000000114524                strnlen
 .text.time     0x000000000011456c       0x3c c:/devkitpro/devkitarm/bin/../lib/gcc/arm-none-eabi/9.1.0/../../../../arm-none-eabi/lib/armv6k/fpu\libg.a(lib_a-time.o)
                0x000000000011456c                time
 .text.__call_exitprocs
                0x00000000001145a8      0x118 c:/devkitpro/devkitarm/bin/../lib/gcc/arm-none-eabi/9.1.0/../../../../arm-none-eabi/lib/armv6k/fpu\libg.a(lib_a-__call_atexit.o)
                0x00000000001145a8                __call_exitprocs
 .text.__sflags
                0x00000000001146c0       0xc8 c:/devkitpro/devkitarm/bin/../lib/gcc/arm-none-eabi/9.1.0/../../../../arm-none-eabi/lib/armv6k/fpu\libg.a(lib_a-flags.o)
                0x00000000001146c0                __sflags
 .text.null_write
                0x0000000000114788        0x8 c:/devkitpro/devkitarm/bin/../lib/gcc/arm-none-eabi/9.1.0/../../../../arm-none-eabi/lib/armv6k/fpu\libsysbase.a(iosupport.o)
 .text.setDefaultDevice
                0x0000000000114790       0x18 c:/devkitpro/devkitarm/bin/../lib/gcc/arm-none-eabi/9.1.0/../../../../arm-none-eabi/lib/armv6k/fpu\libsysbase.a(iosupport.o)
                0x0000000000114790                setDefaultDevice
 .text.FindDevice
                0x00000000001147a8       0xc8 c:/devkitpro/devkitarm/bin/../lib/gcc/arm-none-eabi/9.1.0/../../../../arm-none-eabi/lib/armv6k/fpu\libsysbase.a(iosupport.o)
                0x00000000001147a8                FindDevice
 .text.RemoveDevice
                0x0000000000114870       0x28 c:/devkitpro/devkitarm/bin/../lib/gcc/arm-none-eabi/9.1.0/../../../../arm-none-eabi/lib/armv6k/fpu\libsysbase.a(iosupport.o)
                0x0000000000114870                RemoveDevice
 .text.AddDevice
                0x0000000000114898       0x9c c:/devkitpro/devkitarm/bin/../lib/gcc/arm-none-eabi/9.1.0/../../../../arm-none-eabi/lib/armv6k/fpu\libsysbase.a(iosupport.o)
                0x0000000000114898                AddDevice
 .text._fstat_r
                0x0000000000114934       0x78 c:/devkitpro/devkitarm/bin/../lib/gcc/arm-none-eabi/9.1.0/../../../../arm-none-eabi/lib/armv6k/fpu\libsysbase.a(fstat.o)
                0x0000000000114934                _fstat_r
 .text._gettimeofday_r
                0x00000000001149ac       0x38 c:/devkitpro/devkitarm/bin/../lib/gcc/arm-none-eabi/9.1.0/../../../../arm-none-eabi/lib/armv6k/fpu\libsysbase.a(gettod.o)
                0x00000000001149ac                _gettimeofday_r
 .text._isatty_r
                0x00000000001149e4        0x8 c:/devkitpro/devkitarm/bin/../lib/gcc/arm-none-eabi/9.1.0/../../../../arm-none-eabi/lib/armv6k/fpu\libsysbase.a(isatty.o)
                0x00000000001149e4                _isatty_r
 .text._lseek_r
                0x00000000001149ec       0x84 c:/devkitpro/devkitarm/bin/../lib/gcc/arm-none-eabi/9.1.0/../../../../arm-none-eabi/lib/armv6k/fpu\libsysbase.a(lseek.o)
                0x00000000001149ec                _lseek_r
 .text._open_r  0x0000000000114a70       0xc4 c:/devkitpro/devkitarm/bin/../lib/gcc/arm-none-eabi/9.1.0/../../../../arm-none-eabi/lib/armv6k/fpu\libsysbase.a(open.o)
                0x0000000000114a70                _open_r
 .text._read_r  0x0000000000114b34       0x80 c:/devkitpro/devkitarm/bin/../lib/gcc/arm-none-eabi/9.1.0/../../../../arm-none-eabi/lib/armv6k/fpu\libsysbase.a(read.o)
                0x0000000000114b34                _read_r
 .text._sbrk_r  0x0000000000114bb4       0x78 c:/devkitpro/devkitarm/bin/../lib/gcc/arm-none-eabi/9.1.0/../../../../arm-none-eabi/lib/armv6k/fpu\libsysbase.a(sbrk.o)
                0x0000000000114bb4                _sbrk_r
 .text._write_r
                0x0000000000114c2c       0x80 c:/devkitpro/devkitarm/bin/../lib/gcc/arm-none-eabi/9.1.0/../../../../arm-none-eabi/lib/armv6k/fpu\libsysbase.a(write.o)
                0x0000000000114c2c                _write_r
 .text._exit    0x0000000000114cac       0x24 c:/devkitpro/devkitarm/bin/../lib/gcc/arm-none-eabi/9.1.0/../../../../arm-none-eabi/lib/armv6k/fpu\libsysbase.a(_exit.o)
                0x0000000000114cac                _exit
 .text._concatenate_path
                0x0000000000114cd0      0x1bc c:/devkitpro/devkitarm/bin/../lib/gcc/arm-none-eabi/9.1.0/../../../../arm-none-eabi/lib/armv6k/fpu\libsysbase.a(chdir.o)
                0x0000000000114cd0                _concatenate_path
 .text.chdir    0x0000000000114e8c      0x15c c:/devkitpro/devkitarm/bin/../lib/gcc/arm-none-eabi/9.1.0/../../../../arm-none-eabi/lib/armv6k/fpu\libsysbase.a(chdir.o)
                0x0000000000114e8c                chdir
 .text.__flockfile
                0x0000000000114fe8        0x8 c:/devkitpro/devkitarm/bin/../lib/gcc/arm-none-eabi/9.1.0/../../../../arm-none-eabi/lib/armv6k/fpu\libsysbase.a(flock.o)
                0x0000000000114fe8                __flockfile
 .text.__funlockfile
                0x0000000000114ff0        0x8 c:/devkitpro/devkitarm/bin/../lib/gcc/arm-none-eabi/9.1.0/../../../../arm-none-eabi/lib/armv6k/fpu\libsysbase.a(flock.o)
                0x0000000000114ff0                __funlockfile
 .text.__libc_lock_acquire
                0x0000000000114ff8       0x18 c:/devkitpro/devkitarm/bin/../lib/gcc/arm-none-eabi/9.1.0/../../../../arm-none-eabi/lib/armv6k/fpu\libsysbase.a(syscall_support.o)
                0x0000000000114ff8                __libc_lock_acquire
 .text.__libc_lock_release
                0x0000000000115010       0x18 c:/devkitpro/devkitarm/bin/../lib/gcc/arm-none-eabi/9.1.0/../../../../arm-none-eabi/lib/armv6k/fpu\libsysbase.a(syscall_support.o)
                0x0000000000115010                __libc_lock_release
 .text.__libc_lock_init_recursive
                0x0000000000115028       0x18 c:/devkitpro/devkitarm/bin/../lib/gcc/arm-none-eabi/9.1.0/../../../../arm-none-eabi/lib/armv6k/fpu\libsysbase.a(syscall_support.o)
                0x0000000000115028                __libc_lock_init_recursive
 .text.__libc_lock_acquire_recursive
                0x0000000000115040       0x18 c:/devkitpro/devkitarm/bin/../lib/gcc/arm-none-eabi/9.1.0/../../../../arm-none-eabi/lib/armv6k/fpu\libsysbase.a(syscall_support.o)
                0x0000000000115040                __libc_lock_acquire_recursive
 .text.__libc_lock_release_recursive
                0x0000000000115058       0x18 c:/devkitpro/devkitarm/bin/../lib/gcc/arm-none-eabi/9.1.0/../../../../arm-none-eabi/lib/armv6k/fpu\libsysbase.a(syscall_support.o)
                0x0000000000115058                __libc_lock_release_recursive
 .text.__libc_lock_close_recursive
                0x0000000000115070       0x18 c:/devkitpro/devkitarm/bin/../lib/gcc/arm-none-eabi/9.1.0/../../../../arm-none-eabi/lib/armv6k/fpu\libsysbase.a(syscall_support.o)
                0x0000000000115070                __libc_lock_close_recursive